Archive member included to satisfy reference by file (symbol)

d:/program files/stm32cubeide_1.12.0/stm32cubeide/plugins/com.st.stm32cube.ide.mcu.externaltools.gnu-tools-for-stm32.10.3-2021.10.win32_1.0.200.202301161003/tools/bin/../lib/gcc/arm-none-eabi/10.3.1/../../../../arm-none-eabi/lib/thumb/v7-m/nofp\libc_nano.a(lib_a-errno.o)
                              ./Core/Src/syscalls.o (__errno)
d:/program files/stm32cubeide_1.12.0/stm32cubeide/plugins/com.st.stm32cube.ide.mcu.externaltools.gnu-tools-for-stm32.10.3-2021.10.win32_1.0.200.202301161003/tools/bin/../lib/gcc/arm-none-eabi/10.3.1/../../../../arm-none-eabi/lib/thumb/v7-m/nofp\libc_nano.a(lib_a-exit.o)
                              d:/program files/stm32cubeide_1.12.0/stm32cubeide/plugins/com.st.stm32cube.ide.mcu.externaltools.gnu-tools-for-stm32.10.3-2021.10.win32_1.0.200.202301161003/tools/bin/../lib/gcc/arm-none-eabi/10.3.1/../../../../arm-none-eabi/lib/thumb/v7-m/nofp/crt0.o (exit)
d:/program files/stm32cubeide_1.12.0/stm32cubeide/plugins/com.st.stm32cube.ide.mcu.externaltools.gnu-tools-for-stm32.10.3-2021.10.win32_1.0.200.202301161003/tools/bin/../lib/gcc/arm-none-eabi/10.3.1/../../../../arm-none-eabi/lib/thumb/v7-m/nofp\libc_nano.a(lib_a-impure.o)
                              d:/program files/stm32cubeide_1.12.0/stm32cubeide/plugins/com.st.stm32cube.ide.mcu.externaltools.gnu-tools-for-stm32.10.3-2021.10.win32_1.0.200.202301161003/tools/bin/../lib/gcc/arm-none-eabi/10.3.1/../../../../arm-none-eabi/lib/thumb/v7-m/nofp\libc_nano.a(lib_a-exit.o) (_global_impure_ptr)
d:/program files/stm32cubeide_1.12.0/stm32cubeide/plugins/com.st.stm32cube.ide.mcu.externaltools.gnu-tools-for-stm32.10.3-2021.10.win32_1.0.200.202301161003/tools/bin/../lib/gcc/arm-none-eabi/10.3.1/../../../../arm-none-eabi/lib/thumb/v7-m/nofp\libc_nano.a(lib_a-init.o)
                              d:/program files/stm32cubeide_1.12.0/stm32cubeide/plugins/com.st.stm32cube.ide.mcu.externaltools.gnu-tools-for-stm32.10.3-2021.10.win32_1.0.200.202301161003/tools/bin/../lib/gcc/arm-none-eabi/10.3.1/../../../../arm-none-eabi/lib/thumb/v7-m/nofp/crt0.o (__libc_init_array)
d:/program files/stm32cubeide_1.12.0/stm32cubeide/plugins/com.st.stm32cube.ide.mcu.externaltools.gnu-tools-for-stm32.10.3-2021.10.win32_1.0.200.202301161003/tools/bin/../lib/gcc/arm-none-eabi/10.3.1/../../../../arm-none-eabi/lib/thumb/v7-m/nofp\libc_nano.a(lib_a-memcpy-stub.o)
                              ./Libraries/Src/SPI_Connection.o (memcpy)
d:/program files/stm32cubeide_1.12.0/stm32cubeide/plugins/com.st.stm32cube.ide.mcu.externaltools.gnu-tools-for-stm32.10.3-2021.10.win32_1.0.200.202301161003/tools/bin/../lib/gcc/arm-none-eabi/10.3.1/../../../../arm-none-eabi/lib/thumb/v7-m/nofp\libc_nano.a(lib_a-memset.o)
                              d:/program files/stm32cubeide_1.12.0/stm32cubeide/plugins/com.st.stm32cube.ide.mcu.externaltools.gnu-tools-for-stm32.10.3-2021.10.win32_1.0.200.202301161003/tools/bin/../lib/gcc/arm-none-eabi/10.3.1/../../../../arm-none-eabi/lib/thumb/v7-m/nofp/crt0.o (memset)
d:/program files/stm32cubeide_1.12.0/stm32cubeide/plugins/com.st.stm32cube.ide.mcu.externaltools.gnu-tools-for-stm32.10.3-2021.10.win32_1.0.200.202301161003/tools/bin/../lib/gcc/arm-none-eabi/10.3.1/../../../../arm-none-eabi/lib/thumb/v7-m/nofp\libc_nano.a(lib_a-sprintf.o)
                              ./Drivers/25Q/w25q_spi.o (sprintf)
d:/program files/stm32cubeide_1.12.0/stm32cubeide/plugins/com.st.stm32cube.ide.mcu.externaltools.gnu-tools-for-stm32.10.3-2021.10.win32_1.0.200.202301161003/tools/bin/../lib/gcc/arm-none-eabi/10.3.1/../../../../arm-none-eabi/lib/thumb/v7-m/nofp\libc_nano.a(lib_a-strcat.o)
                              ./Drivers/25Q/w25q_spi.o (strcat)
d:/program files/stm32cubeide_1.12.0/stm32cubeide/plugins/com.st.stm32cube.ide.mcu.externaltools.gnu-tools-for-stm32.10.3-2021.10.win32_1.0.200.202301161003/tools/bin/../lib/gcc/arm-none-eabi/10.3.1/../../../../arm-none-eabi/lib/thumb/v7-m/nofp\libc_nano.a(lib_a-strlen.o)
                              ./Drivers/25Q/w25q_spi.o (strlen)
d:/program files/stm32cubeide_1.12.0/stm32cubeide/plugins/com.st.stm32cube.ide.mcu.externaltools.gnu-tools-for-stm32.10.3-2021.10.win32_1.0.200.202301161003/tools/bin/../lib/gcc/arm-none-eabi/10.3.1/../../../../arm-none-eabi/lib/thumb/v7-m/nofp\libc_nano.a(lib_a-nano-svfprintf.o)
                              d:/program files/stm32cubeide_1.12.0/stm32cubeide/plugins/com.st.stm32cube.ide.mcu.externaltools.gnu-tools-for-stm32.10.3-2021.10.win32_1.0.200.202301161003/tools/bin/../lib/gcc/arm-none-eabi/10.3.1/../../../../arm-none-eabi/lib/thumb/v7-m/nofp\libc_nano.a(lib_a-sprintf.o) (_svfprintf_r)
d:/program files/stm32cubeide_1.12.0/stm32cubeide/plugins/com.st.stm32cube.ide.mcu.externaltools.gnu-tools-for-stm32.10.3-2021.10.win32_1.0.200.202301161003/tools/bin/../lib/gcc/arm-none-eabi/10.3.1/../../../../arm-none-eabi/lib/thumb/v7-m/nofp\libc_nano.a(lib_a-nano-vfprintf_i.o)
[...]
Memory Configuration

Name             Origin             Length             Attributes
RAM              0x0000000020000000 0x0000000000005000 xrw
FLASH            0x0000000008000000 0x0000000000020000 xr
*default*        0x0000000000000000 0xffffffffffffffff

Linker script and memory map

LOAD d:/program files/stm32cubeide_1.12.0/stm32cubeide/plugins/com.st.stm32cube.ide.mcu.externaltools.gnu-tools-for-stm32.10.3-2021.10.win32_1.0.200.202301161003/tools/bin/../lib/gcc/arm-none-eabi/10.3.1/thumb/v7-m/nofp/crti.o
LOAD d:/program files/stm32cubeide_1.12.0/stm32cubeide/plugins/com.st.stm32cube.ide.mcu.externaltools.gnu-tools-for-stm32.10.3-2021.10.win32_1.0.200.202301161003/tools/bin/../lib/gcc/arm-none-eabi/10.3.1/thumb/v7-m/nofp/crtbegin.o
LOAD d:/program files/stm32cubeide_1.12.0/stm32cubeide/plugins/com.st.stm32cube.ide.mcu.externaltools.gnu-tools-for-stm32.10.3-2021.10.win32_1.0.200.202301161003/tools/bin/../lib/gcc/arm-none-eabi/10.3.1/../../../../arm-none-eabi/lib/thumb/v7-m/nofp/crt0.o
LOAD ./Core/Src/main.o
LOAD ./Core/Src/stm32f1xx_hal_msp.o
LOAD ./Core/Src/stm32f1xx_it.o
LOAD ./Core/Src/syscalls.o
LOAD ./Core/Src/sysmem.o
LOAD ./Core/Src/system_stm32f1xx.o
LOAD ./Core/Startup/startup_stm32f103cbtx.o
LOAD ./Drivers/25Q/w25q_spi.o
LOAD ./Drivers/STM32F1xx_HAL_Driver/Src/stm32f1xx_hal.o
LOAD ./Drivers/STM32F1xx_HAL_Driver/Src/stm32f1xx_hal_adc.o
LOAD ./Drivers/STM32F1xx_HAL_Driver/Src/stm32f1xx_hal_adc_ex.o
LOAD ./Drivers/STM32F1xx_HAL_Driver/Src/stm32f1xx_hal_cortex.o
LOAD ./Drivers/STM32F1xx_HAL_Driver/Src/stm32f1xx_hal_dma.o
LOAD ./Drivers/STM32F1xx_HAL_Driver/Src/stm32f1xx_hal_exti.o
LOAD ./Drivers/STM32F1xx_HAL_Driver/Src/stm32f1xx_hal_flash.o
LOAD ./Drivers/STM32F1xx_HAL_Driver/Src/stm32f1xx_hal_flash_ex.o
LOAD ./Drivers/STM32F1xx_HAL_Driver/Src/stm32f1xx_hal_gpio.o
LOAD ./Drivers/STM32F1xx_HAL_Driver/Src/stm32f1xx_hal_gpio_ex.o
LOAD ./Drivers/STM32F1xx_HAL_Driver/Src/stm32f1xx_hal_pwr.o
LOAD ./Drivers/STM32F1xx_HAL_Driver/Src/stm32f1xx_hal_rcc.o
LOAD ./Drivers/STM32F1xx_HAL_Driver/Src/stm32f1xx_hal_rcc_ex.o
LOAD ./Drivers/STM32F1xx_HAL_Driver/Src/stm32f1xx_hal_spi.o
LOAD ./Drivers/STM32F1xx_HAL_Driver/Src/stm32f1xx_hal_tim.o
LOAD ./Drivers/STM32F1xx_HAL_Driver/Src/stm32f1xx_hal_tim_ex.o
LOAD ./Drivers/STM32F1xx_HAL_Driver/Src/stm32f1xx_hal_uart.o
LOAD ./Libraries/Src/SPI_Connection.o
LOAD ./Libraries/Src/protocol_parser.o
LOAD ./Libraries/Src/sensor_utils.o
START GROUP
LOAD d:/program files/stm32cubeide_1.12.0/stm32cubeide/plugins/com.st.stm32cube.ide.mcu.externaltools.gnu-tools-for-stm32.10.3-2021.10.win32_1.0.200.202301161003/tools/bin/../lib/gcc/arm-none-eabi/10.3.1/../../../../arm-none-eabi/lib/thumb/v7-m/nofp\libc_nano.a
LOAD d:/program files/stm32cubeide_1.12.0/stm32cubeide/plugins/com.st.stm32cube.ide.mcu.externaltools.gnu-tools-for-stm32.10.3-2021.10.win32_1.0.200.202301161003/tools/bin/../lib/gcc/arm-none-eabi/10.3.1/../../../../arm-none-eabi/lib/thumb/v7-m/nofp\libm.a
END GROUP
START GROUP
LOAD d:/program files/stm32cubeide_1.12.0/stm32cubeide/plugins/com.st.stm32cube.ide.mcu.externaltools.gnu-tools-for-stm32.10.3-2021.10.win32_1.0.200.202301161003/tools/bin/../lib/gcc/arm-none-eabi/10.3.1/thumb/v7-m/nofp\libgcc.a
LOAD d:/program files/stm32cubeide_1.12.0/stm32cubeide/plugins/com.st.stm32cube.ide.mcu.externaltools.gnu-tools-for-stm32.10.3-2021.10.win32_1.0.200.202301161003/tools/bin/../lib/gcc/arm-none-eabi/10.3.1/../../../../arm-none-eabi/lib/thumb/v7-m/nofp\libc_nano.a
END GROUP
START GROUP
LOAD d:/program files/stm32cubeide_1.12.0/stm32cubeide/plugins/com.st.stm32cube.ide.mcu.externaltools.gnu-tools-for-stm32.10.3-2021.10.win32_1.0.200.202301161003/tools/bin/../lib/gcc/arm-none-eabi/10.3.1/thumb/v7-m/nofp\libgcc.a
LOAD d:/program files/stm32cubeide_1.12.0/stm32cubeide/plugins/com.st.stm32cube.ide.mcu.externaltools.gnu-tools-for-stm32.10.3-2021.10.win32_1.0.200.202301161003/tools/bin/../lib/gcc/arm-none-eabi/10.3.1/../../../../arm-none-eabi/lib/thumb/v7-m/nofp\libc_nano.a
LOAD d:/program files/stm32cubeide_1.12.0/stm32cubeide/plugins/com.st.stm32cube.ide.mcu.externaltools.gnu-tools-for-stm32.10.3-2021.10.win32_1.0.200.202301161003/tools/bin/../lib/gcc/arm-none-eabi/10.3.1/../../../../arm-none-eabi/lib/thumb/v7-m/nofp\libnosys.a
END GROUP
START GROUP
LOAD d:/program files/stm32cubeide_1.12.0/stm32cubeide/plugins/com.st.stm32cube.ide.mcu.externaltools.gnu-tools-for-stm32.10.3-2021.10.win32_1.0.200.202301161003/tools/bin/../lib/gcc/arm-none-eabi/10.3.1/thumb/v7-m/nofp\libgcc.a
LOAD d:/program files/stm32cubeide_1.12.0/stm32cubeide/plugins/com.st.stm32cube.ide.mcu.externaltools.gnu-tools-for-stm32.10.3-2021.10.win32_1.0.200.202301161003/tools/bin/../lib/gcc/arm-none-eabi/10.3.1/../../../../arm-none-eabi/lib/thumb/v7-m/nofp\libc_nano.a
LOAD d:/program files/stm32cubeide_1.12.0/stm32cubeide/plugins/com.st.stm32cube.ide.mcu.externaltools.gnu-tools-for-stm32.10.3-2021.10.win32_1.0.200.202301161003/tools/bin/../lib/gcc/arm-none-eabi/10.3.1/../../../../arm-none-eabi/lib/thumb/v7-m/nofp\libnosys.a
END GROUP
LOAD d:/program files/stm32cubeide_1.12.0/stm32cubeide/plugins/com.st.stm32cube.ide.mcu.externaltools.gnu-tools-for-stm32.10.3-2021.10.win32_1.0.200.202301161003/tools/bin/../lib/gcc/arm-none-eabi/10.3.1/thumb/v7-m/nofp/crtend.o
LOAD d:/program files/stm32cubeide_1.12.0/stm32cubeide/plugins/com.st.stm32cube.ide.mcu.externaltools.gnu-tools-for-stm32.10.3-2021.10.win32_1.0.200.202301161003/tools/bin/../lib/gcc/arm-none-eabi/10.3.1/thumb/v7-m/nofp/crtn.o
                0x0000000020005000                _estack = (ORIGIN (RAM) + LENGTH (RAM))
                0x0000000000000200                _Min_Heap_Size = 0x200
                0x0000000000000400                _Min_Stack_Size = 0x400

.isr_vector     0x0000000008000000      0x10c
                0x0000000008000000                . = ALIGN (0x4)
 *(.isr_vector)
 .isr_vector    0x0000000008000000      0x10c ./Core/Startup/startup_stm32f103cbtx.o
                0x0000000008000000                g_pfnVectors
                0x000000000800010c                . = ALIGN (0x4)

.text           0x0000000008000110     0x81cc
                0x0000000008000110                . = ALIGN (0x4)
 *(.text)
 .text          0x0000000008000110       0x40 d:/program files/stm32cubeide_1.12.0/stm32cubeide/plugins/com.st.stm32cube.ide.mcu.externaltools.gnu-tools-for-stm32.10.3-2021.10.win32_1.0.200.202301161003/tools/bin/../lib/gcc/arm-none-eabi/10.3.1/thumb/v7-m/nofp/crtbegin.o
 .text          0x0000000008000150       0x10 d:/program files/stm32cubeide_1.12.0/stm32cubeide/plugins/com.st.stm32cube.ide.mcu.externaltools.gnu-tools-for-stm32.10.3-2021.10.win32_1.0.200.202301161003/tools/bin/../lib/gcc/arm-none-eabi/10.3.1/../../../../arm-none-eabi/lib/thumb/v7-m/nofp\libc_nano.a(lib_a-strlen.o)
                0x0000000008000150                strlen
 .text          0x0000000008000160      0x378 d:/program files/stm32cubeide_1.12.0/stm32cubeide/plugins/com.st.stm32cube.ide.mcu.externaltools.gnu-tools-for-stm32.10.3-2021.10.win32_1.0.200.202301161003/tools/bin/../lib/gcc/arm-none-eabi/10.3.1/thumb/v7-m/nofp\libgcc.a(_arm_addsubdf3.o)
                0x0000000008000160                __aeabi_drsub
                0x0000000008000168                __aeabi_dsub
                0x0000000008000168                __subdf3
                0x000000000800016c                __aeabi_dadd
                0x000000000800016c                __adddf3
                0x00000000080003e4                __floatunsidf
                0x00000000080003e4                __aeabi_ui2d
                0x0000000008000404                __floatsidf
                0x0000000008000404                __aeabi_i2d
                0x0000000008000428                __aeabi_f2d
                0x0000000008000428                __extendsfdf2
                0x000000000800046c                __floatundidf
                0x000000000800046c                __aeabi_ul2d
                0x000000000800047c                __floatdidf
                0x000000000800047c                __aeabi_l2d
 .text          0x00000000080004d8      0x424 d:/program files/stm32cubeide_1.12.0/stm32cubeide/plugins/com.st.stm32cube.ide.mcu.externaltools.gnu-tools-for-stm32.10.3-2021.10.win32_1.0.200.202301161003/tools/bin/../lib/gcc/arm-none-eabi/10.3.1/thumb/v7-m/nofp\libgcc.a(_arm_muldivdf3.o)
                0x00000000080004d8                __aeabi_dmul
                0x00000000080004d8                __muldf3
                0x000000000800072c                __divdf3
                0x000000000800072c                __aeabi_ddiv
 .text          0x00000000080008fc       0x50 d:/program files/stm32cubeide_1.12.0/stm32cubeide/plugins/com.st.stm32cube.ide.mcu.externaltools.gnu-tools-for-stm32.10.3-2021.10.win32_1.0.200.202301161003/tools/bin/../lib/gcc/arm-none-eabi/10.3.1/thumb/v7-m/nofp\libgcc.a(_arm_fixdfsi.o)
                0x00000000080008fc                __aeabi_d2iz
                0x00000000080008fc                __fixdfsi
 *(.text*)
 .text.initM    0x000000000800094c       0x88 ./Core/Src/main.o
                0x000000000800094c                initM
 *fill*         0x00000000080009d4        0x4 
 .text.ADCToPressure
                0x00000000080009d8       0x40 ./Core/Src/main.o
                0x00000000080009d8                ADCToPressure
 .text.setData  0x0000000008000a18      0x530 ./Core/Src/main.o
                0x0000000008000a18                setData
 .text.finalize
                0x0000000008000f48      0x3e4 ./Core/Src/main.o
                0x0000000008000f48                finalize
 .text.TM_init  0x000000000800132c       0x4c ./Core/Src/main.o
                0x000000000800132c                TM_init
 .text.TM_start
                0x0000000008001378       0x28 ./Core/Src/main.o
                0x0000000008001378                TM_start
 .text.TM_stop  0x00000000080013a0       0x18 ./Core/Src/main.o
                0x00000000080013a0                TM_stop
 .text.TM_Cycle
                0x00000000080013b8       0xac ./Core/Src/main.o
                0x00000000080013b8                TM_Cycle
 .text.beginPumping
                0x0000000008001464       0x70 ./Core/Src/main.o
                0x0000000008001464                beginPumping
 .text.beginDeflating
                0x00000000080014d4       0x48 ./Core/Src/main.o
                0x00000000080014d4                beginDeflating
 .text.beginFinishing
                0x000000000800151c       0xb8 ./Core/Src/main.o
                0x000000000800151c                beginFinishing
 .text.HAL_ADC_ConvCpltCallback
                0x00000000080015d4       0x6c ./Core/Src/main.o
                0x00000000080015d4                HAL_ADC_ConvCpltCallback
 .text.HAL_TIM_PeriodElapsedCallback
                0x0000000008001640       0x5c ./Core/Src/main.o
                0x0000000008001640                HAL_TIM_PeriodElapsedCallback
 .text.writeDataToFlash
                0x000000000800169c       0x70 ./Core/Src/main.o
                0x000000000800169c                writeDataToFlash
 .text.main     0x000000000800170c       0x50 ./Core/Src/main.o
                0x000000000800170c                main
 .text.SystemClock_Config
                0x000000000800175c       0xb8 ./Core/Src/main.o
                0x000000000800175c                SystemClock_Config
 .text.MX_ADC1_Init
                0x0000000008001814       0x7c ./Core/Src/main.o
 .text.MX_ADC2_Init
                0x0000000008001890       0x7c ./Core/Src/main.o
 .text.MX_SPI1_Init
                0x000000000800190c       0x6c ./Core/Src/main.o
 .text.MX_SPI2_Init
                0x0000000008001978       0x64 ./Core/Src/main.o
 .text.MX_TIM2_Init
                0x00000000080019dc       0xfc ./Core/Src/main.o
 .text.MX_TIM3_Init
                0x0000000008001ad8       0x9c ./Core/Src/main.o
 .text.MX_TIM4_Init
                0x0000000008001b74       0xa0 ./Core/Src/main.o
 .text.MX_USART1_UART_Init
                0x0000000008001c14       0x54 ./Core/Src/main.o
 .text.MX_GPIO_Init
                0x0000000008001c68      0x14c ./Core/Src/main.o
 .text.Error_Handler
                0x0000000008001db4        0xa ./Core/Src/main.o
                0x0000000008001db4                Error_Handler
 *fill*         0x0000000008001dbe        0x2 
 .text.HAL_MspInit
                0x0000000008001dc0       0x64 ./Core/Src/stm32f1xx_hal_msp.o
                0x0000000008001dc0                HAL_MspInit
 .text.HAL_ADC_MspInit
                0x0000000008001e24       0xec ./Core/Src/stm32f1xx_hal_msp.o
                0x0000000008001e24                HAL_ADC_MspInit
 .text.HAL_SPI_MspInit
                0x0000000008001f10      0x11c ./Core/Src/stm32f1xx_hal_msp.o
                0x0000000008001f10                HAL_SPI_MspInit
 .text.HAL_TIM_Base_MspInit
                0x000000000800202c       0xb8 ./Core/Src/stm32f1xx_hal_msp.o
                0x000000000800202c                HAL_TIM_Base_MspInit
 .text.HAL_TIM_MspPostInit
                0x00000000080020e4       0x60 ./Core/Src/stm32f1xx_hal_msp.o
                0x00000000080020e4                HAL_TIM_MspPostInit
 .text.HAL_UART_MspInit
                0x0000000008002144       0x98 ./Core/Src/stm32f1xx_hal_msp.o
                0x0000000008002144                HAL_UART_MspInit
 .text.NMI_Handler
                0x00000000080021dc        0x6 ./Core/Src/stm32f1xx_it.o
                0x00000000080021dc                NMI_Handler
 .text.HardFault_Handler
                0x00000000080021e2        0x6 ./Core/Src/stm32f1xx_it.o
                0x00000000080021e2                HardFault_Handler
 .text.MemManage_Handler
                0x00000000080021e8        0x6 ./Core/Src/stm32f1xx_it.o
                0x00000000080021e8                MemManage_Handler
 .text.BusFault_Handler
                0x00000000080021ee        0x6 ./Core/Src/stm32f1xx_it.o
                0x00000000080021ee                BusFault_Handler
 .text.UsageFault_Handler
                0x00000000080021f4        0x6 ./Core/Src/stm32f1xx_it.o
                0x00000000080021f4                UsageFault_Handler
 .text.SVC_Handler
                0x00000000080021fa        0xc ./Core/Src/stm32f1xx_it.o
                0x00000000080021fa                SVC_Handler
 .text.DebugMon_Handler
                0x0000000008002206        0xc ./Core/Src/stm32f1xx_it.o
                0x0000000008002206                DebugMon_Handler
 .text.PendSV_Handler
                0x0000000008002212        0xc ./Core/Src/stm32f1xx_it.o
                0x0000000008002212                PendSV_Handler
 .text.SysTick_Handler
                0x000000000800221e        0xc ./Core/Src/stm32f1xx_it.o
                0x000000000800221e                SysTick_Handler
 *fill*         0x000000000800222a        0x2 
 .text.ADC1_2_IRQHandler
                0x000000000800222c       0x1c ./Core/Src/stm32f1xx_it.o
                0x000000000800222c                ADC1_2_IRQHandler
 .text.TIM2_IRQHandler
                0x0000000008002248       0x14 ./Core/Src/stm32f1xx_it.o
                0x0000000008002248                TIM2_IRQHandler
 .text.TIM3_IRQHandler
                0x000000000800225c       0x14 ./Core/Src/stm32f1xx_it.o
                0x000000000800225c                TIM3_IRQHandler
 .text.TIM4_IRQHandler
                0x0000000008002270       0x14 ./Core/Src/stm32f1xx_it.o
                0x0000000008002270                TIM4_IRQHandler
 .text.SPI2_IRQHandler
                0x0000000008002284       0x14 ./Core/Src/stm32f1xx_it.o
                0x0000000008002284                SPI2_IRQHandler
 .text.EXTI15_10_IRQHandler
                0x0000000008002298       0x10 ./Core/Src/stm32f1xx_it.o
                0x0000000008002298                EXTI15_10_IRQHandler
 .text._sbrk    0x00000000080022a8       0x6c ./Core/Src/sysmem.o
                0x00000000080022a8                _sbrk
 .text.SystemInit
                0x0000000008002314        0xc ./Core/Src/system_stm32f1xx.o
                0x0000000008002314                SystemInit
 .text.Reset_Handler
                0x0000000008002320       0x48 ./Core/Startup/startup_stm32f103cbtx.o
                0x0000000008002320                Reset_Handler
 .text.Default_Handler
                0x0000000008002368        0x2 ./Core/Startup/startup_stm32f103cbtx.o
                0x0000000008002368                RTC_Alarm_IRQHandler
                0x0000000008002368                EXTI2_IRQHandler
                0x0000000008002368                TIM1_CC_IRQHandler
                0x0000000008002368                PVD_IRQHandler
                0x0000000008002368                EXTI3_IRQHandler
                0x0000000008002368                EXTI0_IRQHandler
                0x0000000008002368                I2C2_EV_IRQHandler
                0x0000000008002368                SPI1_IRQHandler
                0x0000000008002368                TAMPER_IRQHandler
                0x0000000008002368                DMA1_Channel4_IRQHandler
                0x0000000008002368                USART3_IRQHandler
                0x0000000008002368                RTC_IRQHandler
                0x0000000008002368                DMA1_Channel7_IRQHandler
                0x0000000008002368                CAN1_RX1_IRQHandler
                0x0000000008002368                I2C1_EV_IRQHandler
                0x0000000008002368                DMA1_Channel6_IRQHandler
                0x0000000008002368                RCC_IRQHandler
                0x0000000008002368                TIM1_TRG_COM_IRQHandler
                0x0000000008002368                DMA1_Channel1_IRQHandler
                0x0000000008002368                Default_Handler
                0x0000000008002368                EXTI9_5_IRQHandler
                0x0000000008002368                DMA1_Channel5_IRQHandler
                0x0000000008002368                EXTI4_IRQHandler
                0x0000000008002368                USB_LP_CAN1_RX0_IRQHandler
                0x0000000008002368                USB_HP_CAN1_TX_IRQHandler
                0x0000000008002368                DMA1_Channel3_IRQHandler
                0x0000000008002368                TIM1_UP_IRQHandler
                0x0000000008002368                WWDG_IRQHandler
                0x0000000008002368                TIM1_BRK_IRQHandler
                0x0000000008002368                EXTI1_IRQHandler
                0x0000000008002368                USART2_IRQHandler
                0x0000000008002368                I2C2_ER_IRQHandler
                0x0000000008002368                DMA1_Channel2_IRQHandler
                0x0000000008002368                CAN1_SCE_IRQHandler
                0x0000000008002368                FLASH_IRQHandler
                0x0000000008002368                USART1_IRQHandler
                0x0000000008002368                I2C1_ER_IRQHandler
                0x0000000008002368                USBWakeUp_IRQHandler
 *fill*         0x000000000800236a        0x2 
 .text.SPI1_Send
                0x000000000800236c       0x28 ./Drivers/25Q/w25q_spi.o
                0x000000000800236c                SPI1_Send
 .text.SPI1_Recv
                0x0000000008002394       0x28 ./Drivers/25Q/w25q_spi.o
                0x0000000008002394                SPI1_Recv
 .text.W25_Reset
                0x00000000080023bc       0x38 ./Drivers/25Q/w25q_spi.o
                0x00000000080023bc                W25_Reset
 .text.W25_Write_Enable
                0x00000000080023f4       0x34 ./Drivers/25Q/w25q_spi.o
                0x00000000080023f4                W25_Write_Enable
 .text.W25_Write_Disable
                0x0000000008002428       0x34 ./Drivers/25Q/w25q_spi.o
                0x0000000008002428                W25_Write_Disable
 .text.W25_Set_Block_Protect
                0x000000000800245c       0x18 ./Drivers/25Q/w25q_spi.o
                0x000000000800245c                W25_Set_Block_Protect
 .text.W25_Wait_Write_End
                0x0000000008002474       0x64 ./Drivers/25Q/w25q_spi.o
                0x0000000008002474                W25_Wait_Write_End
 .text.W25_Erase_Chip
                0x00000000080024d8       0x48 ./Drivers/25Q/w25q_spi.o
                0x00000000080024d8                W25_Erase_Chip
 .text.W25_Write_Page
                0x0000000008002520      0x100 ./Drivers/25Q/w25q_spi.o
                0x0000000008002520                W25_Write_Page
 .text.W25_Read_ID
                0x0000000008002620       0x50 ./Drivers/25Q/w25q_spi.o
                0x0000000008002620                W25_Read_ID
 .text.W25_Ini  0x0000000008002670      0x34c ./Drivers/25Q/w25q_spi.o
                0x0000000008002670                W25_Ini
 .text.W25_Read_Page
                0x00000000080029bc       0xf8 ./Drivers/25Q/w25q_spi.o
                0x00000000080029bc                W25_Read_Page
 .text.HAL_Init
                0x0000000008002ab4       0x2c ./Drivers/STM32F1xx_HAL_Driver/Src/stm32f1xx_hal.o
                0x0000000008002ab4                HAL_Init
 .text.HAL_InitTick
                0x0000000008002ae0       0x60 ./Drivers/STM32F1xx_HAL_Driver/Src/stm32f1xx_hal.o
                0x0000000008002ae0                HAL_InitTick
 .text.HAL_IncTick
                0x0000000008002b40       0x24 ./Drivers/STM32F1xx_HAL_Driver/Src/stm32f1xx_hal.o
                0x0000000008002b40                HAL_IncTick
 .text.HAL_GetTick
                0x0000000008002b64       0x14 ./Drivers/STM32F1xx_HAL_Driver/Src/stm32f1xx_hal.o
                0x0000000008002b64                HAL_GetTick
 .text.HAL_Delay
                0x0000000008002b78       0x48 ./Drivers/STM32F1xx_HAL_Driver/Src/stm32f1xx_hal.o
                0x0000000008002b78                HAL_Delay
 .text.HAL_ADC_Init
                0x0000000008002bc0      0x1b0 ./Drivers/STM32F1xx_HAL_Driver/Src/stm32f1xx_hal_adc.o
                0x0000000008002bc0                HAL_ADC_Init
 .text.HAL_ADC_Start
                0x0000000008002d70      0x15c ./Drivers/STM32F1xx_HAL_Driver/Src/stm32f1xx_hal_adc.o
                0x0000000008002d70                HAL_ADC_Start
 .text.HAL_ADC_Stop
                0x0000000008002ecc       0x58 ./Drivers/STM32F1xx_HAL_Driver/Src/stm32f1xx_hal_adc.o
                0x0000000008002ecc                HAL_ADC_Stop
 .text.HAL_ADC_PollForConversion
                0x0000000008002f24      0x20c ./Drivers/STM32F1xx_HAL_Driver/Src/stm32f1xx_hal_adc.o
                0x0000000008002f24                HAL_ADC_PollForConversion
 .text.HAL_ADC_Start_IT
                0x0000000008003130      0x16c ./Drivers/STM32F1xx_HAL_Driver/Src/stm32f1xx_hal_adc.o
                0x0000000008003130                HAL_ADC_Start_IT
 .text.HAL_ADC_GetValue
                0x000000000800329c       0x18 ./Drivers/STM32F1xx_HAL_Driver/Src/stm32f1xx_hal_adc.o
                0x000000000800329c                HAL_ADC_GetValue
 .text.HAL_ADC_IRQHandler
                0x00000000080032b4      0x17e ./Drivers/STM32F1xx_HAL_Driver/Src/stm32f1xx_hal_adc.o
                0x00000000080032b4                HAL_ADC_IRQHandler
 .text.HAL_ADC_LevelOutOfWindowCallback
                0x0000000008003432       0x12 ./Drivers/STM32F1xx_HAL_Driver/Src/stm32f1xx_hal_adc.o
                0x0000000008003432                HAL_ADC_LevelOutOfWindowCallback
 .text.HAL_ADC_ConfigChannel
                0x0000000008003444      0x1f0 ./Drivers/STM32F1xx_HAL_Driver/Src/stm32f1xx_hal_adc.o
                0x0000000008003444                HAL_ADC_ConfigChannel
 .text.ADC_Enable
                0x0000000008003634       0xb4 ./Drivers/STM32F1xx_HAL_Driver/Src/stm32f1xx_hal_adc.o
                0x0000000008003634                ADC_Enable
 .text.ADC_ConversionStop_Disable
                0x00000000080036e8       0x82 ./Drivers/STM32F1xx_HAL_Driver/Src/stm32f1xx_hal_adc.o
                0x00000000080036e8                ADC_ConversionStop_Disable
 .text.HAL_ADCEx_InjectedConvCpltCallback
                0x000000000800376a       0x12 ./Drivers/STM32F1xx_HAL_Driver/Src/stm32f1xx_hal_adc_ex.o
                0x000000000800376a                HAL_ADCEx_InjectedConvCpltCallback
 .text.__NVIC_SetPriorityGrouping
                0x000000000800377c       0x48 ./Drivers/STM32F1xx_HAL_Driver/Src/stm32f1xx_hal_cortex.o
 .text.__NVIC_GetPriorityGrouping
                0x00000000080037c4       0x1c ./Drivers/STM32F1xx_HAL_Driver/Src/stm32f1xx_hal_cortex.o
 .text.__NVIC_EnableIRQ
                0x00000000080037e0       0x38 ./Drivers/STM32F1xx_HAL_Driver/Src/stm32f1xx_hal_cortex.o
 .text.__NVIC_SetPriority
                0x0000000008003818       0x54 ./Drivers/STM32F1xx_HAL_Driver/Src/stm32f1xx_hal_cortex.o
 .text.NVIC_EncodePriority
                0x000000000800386c       0x64 ./Drivers/STM32F1xx_HAL_Driver/Src/stm32f1xx_hal_cortex.o
 .text.SysTick_Config
                0x00000000080038d0       0x44 ./Drivers/STM32F1xx_HAL_Driver/Src/stm32f1xx_hal_cortex.o
 .text.HAL_NVIC_SetPriorityGrouping
                0x0000000008003914       0x16 ./Drivers/STM32F1xx_HAL_Driver/Src/stm32f1xx_hal_cortex.o
                0x0000000008003914                HAL_NVIC_SetPriorityGrouping
 .text.HAL_NVIC_SetPriority
                0x000000000800392a       0x38 ./Drivers/STM32F1xx_HAL_Driver/Src/stm32f1xx_hal_cortex.o
                0x000000000800392a                HAL_NVIC_SetPriority
 .text.HAL_NVIC_EnableIRQ
                0x0000000008003962       0x1c ./Drivers/STM32F1xx_HAL_Driver/Src/stm32f1xx_hal_cortex.o
                0x0000000008003962                HAL_NVIC_EnableIRQ
 .text.HAL_SYSTICK_Config
                0x000000000800397e       0x18 ./Drivers/STM32F1xx_HAL_Driver/Src/stm32f1xx_hal_cortex.o
                0x000000000800397e                HAL_SYSTICK_Config
 *fill*         0x0000000008003996        0x2 
 .text.HAL_DMA_Abort_IT
                0x0000000008003998       0xf0 ./Drivers/STM32F1xx_HAL_Driver/Src/stm32f1xx_hal_dma.o
                0x0000000008003998                HAL_DMA_Abort_IT
 .text.HAL_GPIO_Init
                0x0000000008003a88      0x308 ./Drivers/STM32F1xx_HAL_Driver/Src/stm32f1xx_hal_gpio.o
                0x0000000008003a88                HAL_GPIO_Init
 .text.HAL_GPIO_ReadPin
                0x0000000008003d90       0x2e ./Drivers/STM32F1xx_HAL_Driver/Src/stm32f1xx_hal_gpio.o
                0x0000000008003d90                HAL_GPIO_ReadPin
 .text.HAL_GPIO_WritePin
                0x0000000008003dbe       0x30 ./Drivers/STM32F1xx_HAL_Driver/Src/stm32f1xx_hal_gpio.o
                0x0000000008003dbe                HAL_GPIO_WritePin
 .text.HAL_GPIO_TogglePin
                0x0000000008003dee       0x32 ./Drivers/STM32F1xx_HAL_Driver/Src/stm32f1xx_hal_gpio.o
                0x0000000008003dee                HAL_GPIO_TogglePin
 .text.HAL_GPIO_EXTI_IRQHandler
                0x0000000008003e20       0x30 ./Drivers/STM32F1xx_HAL_Driver/Src/stm32f1xx_hal_gpio.o
                0x0000000008003e20                HAL_GPIO_EXTI_IRQHandler
 .text.HAL_RCC_OscConfig
                0x0000000008003e50      0x504 ./Drivers/STM32F1xx_HAL_Driver/Src/stm32f1xx_hal_rcc.o
                0x0000000008003e50                HAL_RCC_OscConfig
 .text.HAL_RCC_ClockConfig
                0x0000000008004354      0x1d4 ./Drivers/STM32F1xx_HAL_Driver/Src/stm32f1xx_hal_rcc.o
                0x0000000008004354                HAL_RCC_ClockConfig
 .text.HAL_RCC_GetSysClockFreq
                0x0000000008004528       0xac ./Drivers/STM32F1xx_HAL_Driver/Src/stm32f1xx_hal_rcc.o
                0x0000000008004528                HAL_RCC_GetSysClockFreq
 .text.HAL_RCC_GetHCLKFreq
                0x00000000080045d4       0x14 ./Drivers/STM32F1xx_HAL_Driver/Src/stm32f1xx_hal_rcc.o
                0x00000000080045d4                HAL_RCC_GetHCLKFreq
 .text.HAL_RCC_GetPCLK1Freq
                0x00000000080045e8       0x28 ./Drivers/STM32F1xx_HAL_Driver/Src/stm32f1xx_hal_rcc.o
                0x00000000080045e8                HAL_RCC_GetPCLK1Freq
 .text.HAL_RCC_GetPCLK2Freq
                0x0000000008004610       0x28 ./Drivers/STM32F1xx_HAL_Driver/Src/stm32f1xx_hal_rcc.o
                0x0000000008004610                HAL_RCC_GetPCLK2Freq
 .text.RCC_Delay
                0x0000000008004638       0x3c ./Drivers/STM32F1xx_HAL_Driver/Src/stm32f1xx_hal_rcc.o
 .text.HAL_RCCEx_PeriphCLKConfig
                0x0000000008004674      0x16c ./Drivers/STM32F1xx_HAL_Driver/Src/stm32f1xx_hal_rcc_ex.o
                0x0000000008004674                HAL_RCCEx_PeriphCLKConfig
 .text.HAL_RCCEx_GetPeriphCLKFreq
                0x00000000080047e0      0x16c ./Drivers/STM32F1xx_HAL_Driver/Src/stm32f1xx_hal_rcc_ex.o
                0x00000000080047e0                HAL_RCCEx_GetPeriphCLKFreq
 .text.HAL_SPI_Init
                0x000000000800494c      0x108 ./Drivers/STM32F1xx_HAL_Driver/Src/stm32f1xx_hal_spi.o
                0x000000000800494c                HAL_SPI_Init
 .text.HAL_SPI_Transmit
                0x0000000008004a54      0x288 ./Drivers/STM32F1xx_HAL_Driver/Src/stm32f1xx_hal_spi.o
                0x0000000008004a54                HAL_SPI_Transmit
 .text.HAL_SPI_Receive
                0x0000000008004cdc      0x232 ./Drivers/STM32F1xx_HAL_Driver/Src/stm32f1xx_hal_spi.o
                0x0000000008004cdc                HAL_SPI_Receive
 .text.HAL_SPI_TransmitReceive
                0x0000000008004f0e      0x352 ./Drivers/STM32F1xx_HAL_Driver/Src/stm32f1xx_hal_spi.o
                0x0000000008004f0e                HAL_SPI_TransmitReceive
 .text.HAL_SPI_TransmitReceive_IT
                0x0000000008005260      0x11c ./Drivers/STM32F1xx_HAL_Driver/Src/stm32f1xx_hal_spi.o
                0x0000000008005260                HAL_SPI_TransmitReceive_IT
 .text.HAL_SPI_IRQHandler
                0x000000000800537c      0x1cc ./Drivers/STM32F1xx_HAL_Driver/Src/stm32f1xx_hal_spi.o
                0x000000000800537c                HAL_SPI_IRQHandler
 .text.HAL_SPI_RxCpltCallback
                0x0000000008005548       0x12 ./Drivers/STM32F1xx_HAL_Driver/Src/stm32f1xx_hal_spi.o
                0x0000000008005548                HAL_SPI_RxCpltCallback
 .text.SPI_DMAAbortOnError
                0x000000000800555a       0x28 ./Drivers/STM32F1xx_HAL_Driver/Src/stm32f1xx_hal_spi.o
 .text.SPI_2linesRxISR_8BIT
                0x0000000008005582       0x64 ./Drivers/STM32F1xx_HAL_Driver/Src/stm32f1xx_hal_spi.o
 .text.SPI_2linesTxISR_8BIT
                0x00000000080055e6       0x60 ./Drivers/STM32F1xx_HAL_Driver/Src/stm32f1xx_hal_spi.o
 .text.SPI_2linesRxISR_16BIT
                0x0000000008005646       0x60 ./Drivers/STM32F1xx_HAL_Driver/Src/stm32f1xx_hal_spi.o
 .text.SPI_2linesTxISR_16BIT
                0x00000000080056a6       0x5e ./Drivers/STM32F1xx_HAL_Driver/Src/stm32f1xx_hal_spi.o
 .text.SPI_WaitFlagStateUntilTimeout
                0x0000000008005704      0x110 ./Drivers/STM32F1xx_HAL_Driver/Src/stm32f1xx_hal_spi.o
 .text.SPI_EndRxTransaction
                0x0000000008005814       0xa4 ./Drivers/STM32F1xx_HAL_Driver/Src/stm32f1xx_hal_spi.o
 .text.SPI_EndRxTxTransaction
                0x00000000080058b8       0x62 ./Drivers/STM32F1xx_HAL_Driver/Src/stm32f1xx_hal_spi.o
 *fill*         0x000000000800591a        0x2 
 .text.SPI_CloseRxTx_ISR
                0x000000000800591c       0xe8 ./Drivers/STM32F1xx_HAL_Driver/Src/stm32f1xx_hal_spi.o
 .text.HAL_TIM_Base_Init
                0x0000000008005a04       0x9e ./Drivers/STM32F1xx_HAL_Driver/Src/stm32f1xx_hal_tim.o
                0x0000000008005a04                HAL_TIM_Base_Init
 *fill*         0x0000000008005aa2        0x2 
 .text.HAL_TIM_Base_Start_IT
                0x0000000008005aa4       0xa4 ./Drivers/STM32F1xx_HAL_Driver/Src/stm32f1xx_hal_tim.o
                0x0000000008005aa4                HAL_TIM_Base_Start_IT
 .text.HAL_TIM_Base_Stop_IT
                0x0000000008005b48       0x5c ./Drivers/STM32F1xx_HAL_Driver/Src/stm32f1xx_hal_tim.o
                0x0000000008005b48                HAL_TIM_Base_Stop_IT
 .text.HAL_TIM_PWM_Init
                0x0000000008005ba4       0x9e ./Drivers/STM32F1xx_HAL_Driver/Src/stm32f1xx_hal_tim.o
                0x0000000008005ba4                HAL_TIM_PWM_Init
 .text.HAL_TIM_PWM_MspInit
                0x0000000008005c42       0x12 ./Drivers/STM32F1xx_HAL_Driver/Src/stm32f1xx_hal_tim.o
                0x0000000008005c42                HAL_TIM_PWM_MspInit
 .text.HAL_TIM_OnePulse_Init
                0x0000000008005c54       0xa0 ./Drivers/STM32F1xx_HAL_Driver/Src/stm32f1xx_hal_tim.o
                0x0000000008005c54                HAL_TIM_OnePulse_Init
 .text.HAL_TIM_OnePulse_MspInit
                0x0000000008005cf4       0x12 ./Drivers/STM32F1xx_HAL_Driver/Src/stm32f1xx_hal_tim.o
                0x0000000008005cf4                HAL_TIM_OnePulse_MspInit
 *fill*         0x0000000008005d06        0x2 
 .text.HAL_TIM_OnePulse_Start
                0x0000000008005d08       0xac ./Drivers/STM32F1xx_HAL_Driver/Src/stm32f1xx_hal_tim.o
                0x0000000008005d08                HAL_TIM_OnePulse_Start
 .text.HAL_TIM_IRQHandler
                0x0000000008005db4      0x1e0 ./Drivers/STM32F1xx_HAL_Driver/Src/stm32f1xx_hal_tim.o
                0x0000000008005db4                HAL_TIM_IRQHandler
 .text.HAL_TIM_PWM_ConfigChannel
                0x0000000008005f94      0x184 ./Drivers/STM32F1xx_HAL_Driver/Src/stm32f1xx_hal_tim.o
                0x0000000008005f94                HAL_TIM_PWM_ConfigChannel
 .text.HAL_TIM_ConfigClockSource
                0x0000000008006118      0x18e ./Drivers/STM32F1xx_HAL_Driver/Src/stm32f1xx_hal_tim.o
                0x0000000008006118                HAL_TIM_ConfigClockSource
 .text.HAL_TIM_OC_DelayElapsedCallback
                0x00000000080062a6       0x12 ./Drivers/STM32F1xx_HAL_Driver/Src/stm32f1xx_hal_tim.o
                0x00000000080062a6                HAL_TIM_OC_DelayElapsedCallback
 .text.HAL_TIM_IC_CaptureCallback
                0x00000000080062b8       0x12 ./Drivers/STM32F1xx_HAL_Driver/Src/stm32f1xx_hal_tim.o
                0x00000000080062b8                HAL_TIM_IC_CaptureCallback
 .text.HAL_TIM_PWM_PulseFinishedCallback
                0x00000000080062ca       0x12 ./Drivers/STM32F1xx_HAL_Driver/Src/stm32f1xx_hal_tim.o
                0x00000000080062ca                HAL_TIM_PWM_PulseFinishedCallback
 .text.HAL_TIM_TriggerCallback
                0x00000000080062dc       0x12 ./Drivers/STM32F1xx_HAL_Driver/Src/stm32f1xx_hal_tim.o
                0x00000000080062dc                HAL_TIM_TriggerCallback
 *fill*         0x00000000080062ee        0x2 
 .text.TIM_Base_SetConfig
                0x00000000080062f0       0xd0 ./Drivers/STM32F1xx_HAL_Driver/Src/stm32f1xx_hal_tim.o
                0x00000000080062f0                TIM_Base_SetConfig
 .text.TIM_OC1_SetConfig
                0x00000000080063c0       0xd0 ./Drivers/STM32F1xx_HAL_Driver/Src/stm32f1xx_hal_tim.o
 .text.TIM_OC2_SetConfig
                0x0000000008006490       0xd8 ./Drivers/STM32F1xx_HAL_Driver/Src/stm32f1xx_hal_tim.o
                0x0000000008006490                TIM_OC2_SetConfig
 .text.TIM_OC3_SetConfig
                0x0000000008006568       0xd8 ./Drivers/STM32F1xx_HAL_Driver/Src/stm32f1xx_hal_tim.o
 .text.TIM_OC4_SetConfig
                0x0000000008006640       0x9c ./Drivers/STM32F1xx_HAL_Driver/Src/stm32f1xx_hal_tim.o
 .text.TIM_TI1_ConfigInputStage
                0x00000000080066dc       0x74 ./Drivers/STM32F1xx_HAL_Driver/Src/stm32f1xx_hal_tim.o
 .text.TIM_TI2_ConfigInputStage
                0x0000000008006750       0x78 ./Drivers/STM32F1xx_HAL_Driver/Src/stm32f1xx_hal_tim.o
 .text.TIM_ITRx_SetConfig
                0x00000000080067c8       0x34 ./Drivers/STM32F1xx_HAL_Driver/Src/stm32f1xx_hal_tim.o
 .text.TIM_ETR_SetConfig
                0x00000000080067fc       0x3e ./Drivers/STM32F1xx_HAL_Driver/Src/stm32f1xx_hal_tim.o
                0x00000000080067fc                TIM_ETR_SetConfig
 .text.TIM_CCxChannelCmd
                0x000000000800683a       0x48 ./Drivers/STM32F1xx_HAL_Driver/Src/stm32f1xx_hal_tim.o
                0x000000000800683a                TIM_CCxChannelCmd
 *fill*         0x0000000008006882        0x2 
 .text.HAL_TIMEx_MasterConfigSynchronization
                0x0000000008006884       0xbc ./Drivers/STM32F1xx_HAL_Driver/Src/stm32f1xx_hal_tim_ex.o
                0x0000000008006884                HAL_TIMEx_MasterConfigSynchronization
 .text.HAL_TIMEx_CommutCallback
                0x0000000008006940       0x12 ./Drivers/STM32F1xx_HAL_Driver/Src/stm32f1xx_hal_tim_ex.o
                0x0000000008006940                HAL_TIMEx_CommutCallback
 .text.HAL_TIMEx_BreakCallback
                0x0000000008006952       0x12 ./Drivers/STM32F1xx_HAL_Driver/Src/stm32f1xx_hal_tim_ex.o
                0x0000000008006952                HAL_TIMEx_BreakCallback
 .text.HAL_UART_Init
                0x0000000008006964       0xa0 ./Drivers/STM32F1xx_HAL_Driver/Src/stm32f1xx_hal_uart.o
                0x0000000008006964                HAL_UART_Init
 .text.HAL_UART_Transmit
                0x0000000008006a04      0x116 ./Drivers/STM32F1xx_HAL_Driver/Src/stm32f1xx_hal_uart.o
                0x0000000008006a04                HAL_UART_Transmit
 .text.UART_WaitOnFlagUntilTimeout
                0x0000000008006b1a       0xb2 ./Drivers/STM32F1xx_HAL_Driver/Src/stm32f1xx_hal_uart.o
 .text.UART_EndRxTransfer
                0x0000000008006bcc       0xc4 ./Drivers/STM32F1xx_HAL_Driver/Src/stm32f1xx_hal_uart.o
 .text.UART_SetConfig
                0x0000000008006c90      0x11c ./Drivers/STM32F1xx_HAL_Driver/Src/stm32f1xx_hal_uart.o
 .text.HAL_GPIO_EXTI_Callback
                0x0000000008006dac       0x84 ./Libraries/Src/SPI_Connection.o
                0x0000000008006dac                HAL_GPIO_EXTI_Callback
 .text.fillBuffer
                0x0000000008006e30       0x36 ./Libraries/Src/SPI_Connection.o
                0x0000000008006e30                fillBuffer
 *fill*         0x0000000008006e66        0x2 
 .text.initSPIConnection
                0x0000000008006e68       0x2c ./Libraries/Src/SPI_Connection.o
                0x0000000008006e68                initSPIConnection
 .text.initResponseBuffer
                0x0000000008006e94       0x70 ./Libraries/Src/SPI_Connection.o
                0x0000000008006e94                initResponseBuffer
 .text.switchBuffer
                0x0000000008006f04       0x44 ./Libraries/Src/SPI_Connection.o
                0x0000000008006f04                switchBuffer
 .text.HAL_SPI_TxRxCpltCallback
                0x0000000008006f48       0x68 ./Libraries/Src/SPI_Connection.o
                0x0000000008006f48                HAL_SPI_TxRxCpltCallback
 .text.HAL_SPI_ErrorCallback
                0x0000000008006fb0       0x12 ./Libraries/Src/SPI_Connection.o
                0x0000000008006fb0                HAL_SPI_ErrorCallback
 *fill*         0x0000000008006fc2        0x2 
 .text.updateNumAvailableMeasData
                0x0000000008006fc4       0xa0 ./Libraries/Src/protocol_parser.o
                0x0000000008006fc4                updateNumAvailableMeasData
 .text.setFSMProtocolState
                0x0000000008007064       0x20 ./Libraries/Src/protocol_parser.o
                0x0000000008007064                setFSMProtocolState
 .text.fillDataFrame
                0x0000000008007084       0x9c ./Libraries/Src/protocol_parser.o
                0x0000000008007084                fillDataFrame
 .text.fillDataField
                0x0000000008007120      0x108 ./Libraries/Src/protocol_parser.o
                0x0000000008007120                fillDataField
 .text.fillResponseFrame
                0x0000000008007228       0xac ./Libraries/Src/protocol_parser.o
                0x0000000008007228                fillResponseFrame
 .text.sendPreviousResponse
                0x00000000080072d4       0x28 ./Libraries/Src/protocol_parser.o
                0x00000000080072d4                sendPreviousResponse
 .text.updateSavedResponse
                0x00000000080072fc       0x88 ./Libraries/Src/protocol_parser.o
                0x00000000080072fc                updateSavedResponse
 .text.parserFSM
                0x0000000008007384      0x324 ./Libraries/Src/protocol_parser.o
                0x0000000008007384                parserFSM
 .text.checkCRC32
                0x00000000080076a8       0x5e ./Libraries/Src/protocol_parser.o
                0x00000000080076a8                checkCRC32
 *fill*         0x0000000008007706        0x2 
 .text.calculateCRC32
                0x0000000008007708       0x58 ./Libraries/Src/protocol_parser.o
                0x0000000008007708                calculateCRC32
 .text.sensorInit
                0x0000000008007760       0x34 ./Libraries/Src/protocol_parser.o
                0x0000000008007760                sensorInit
 .text.sendInitCTRL
                0x0000000008007794       0x20 ./Libraries/Src/protocol_parser.o
                0x0000000008007794                sendInitCTRL
 .text.sendRxCompleteCTRL
                0x00000000080077b4       0x20 ./Libraries/Src/protocol_parser.o
                0x00000000080077b4                sendRxCompleteCTRL
 .text.resetFSMProtocol
                0x00000000080077d4       0x30 ./Libraries/Src/protocol_parser.o
                0x00000000080077d4                resetFSMProtocol
 .text.sensorSelfCheck
                0x0000000008007804       0xa0 ./Libraries/Src/sensor_utils.o
                0x0000000008007804                sensorSelfCheck
 .text.sensorChipInit
                0x00000000080078a4       0x40 ./Libraries/Src/sensor_utils.o
                0x00000000080078a4                sensorChipInit
 .text.resetSensorChip
                0x00000000080078e4        0xc ./Libraries/Src/sensor_utils.o
                0x00000000080078e4                resetSensorChip
 .text.stopSensorChip
                0x00000000080078f0        0xc ./Libraries/Src/sensor_utils.o
                0x00000000080078f0                stopSensorChip
 .text.enableSensorChip
                0x00000000080078fc        0xc ./Libraries/Src/sensor_utils.o
                0x00000000080078fc                enableSensorChip
 .text.resetSensor
                0x0000000008007908       0x44 ./Libraries/Src/sensor_utils.o
                0x0000000008007908                resetSensor
 .text.startMeasurement
                0x000000000800794c       0x10 ./Libraries/Src/sensor_utils.o
                0x000000000800794c                startMeasurement
 .text.stopMeasurement
                0x000000000800795c       0x10 ./Libraries/Src/sensor_utils.o
                0x000000000800795c                stopMeasurement
 .text.__errno  0x000000000800796c        0xc d:/program files/stm32cubeide_1.12.0/stm32cubeide/plugins/com.st.stm32cube.ide.mcu.externaltools.gnu-tools-for-stm32.10.3-2021.10.win32_1.0.200.202301161003/tools/bin/../lib/gcc/arm-none-eabi/10.3.1/../../../../arm-none-eabi/lib/thumb/v7-m/nofp\libc_nano.a(lib_a-errno.o)
                0x000000000800796c                __errno
 .text.__libc_init_array
                0x0000000008007978       0x48 d:/program files/stm32cubeide_1.12.0/stm32cubeide/plugins/com.st.stm32cube.ide.mcu.externaltools.gnu-tools-for-stm32.10.3-2021.10.win32_1.0.200.202301161003/tools/bin/../lib/gcc/arm-none-eabi/10.3.1/../../../../arm-none-eabi/lib/thumb/v7-m/nofp\libc_nano.a(lib_a-init.o)
                0x0000000008007978                __libc_init_array
 .text.memcpy   0x00000000080079c0       0x1c d:/program files/stm32cubeide_1.12.0/stm32cubeide/plugins/com.st.stm32cube.ide.mcu.externaltools.gnu-tools-for-stm32.10.3-2021.10.win32_1.0.200.202301161003/tools/bin/../lib/gcc/arm-none-eabi/10.3.1/../../../../arm-none-eabi/lib/thumb/v7-m/nofp\libc_nano.a(lib_a-memcpy-stub.o)
                0x00000000080079c0                memcpy
 .text.memset   0x00000000080079dc       0x10 d:/program files/stm32cubeide_1.12.0/stm32cubeide/plugins/com.st.stm32cube.ide.mcu.externaltools.gnu-tools-for-stm32.10.3-2021.10.win32_1.0.200.202301161003/tools/bin/../lib/gcc/arm-none-eabi/10.3.1/../../../../arm-none-eabi/lib/thumb/v7-m/nofp\libc_nano.a(lib_a-memset.o)
                0x00000000080079dc                memset
 .text.sprintf  0x00000000080079ec       0x40 d:/program files/stm32cubeide_1.12.0/stm32cubeide/plugins/com.st.stm32cube.ide.mcu.externaltools.gnu-tools-for-stm32.10.3-2021.10.win32_1.0.200.202301161003/tools/bin/../lib/gcc/arm-none-eabi/10.3.1/../../../../arm-none-eabi/lib/thumb/v7-m/nofp\libc_nano.a(lib_a-sprintf.o)
                0x00000000080079ec                siprintf
                0x00000000080079ec                sprintf
 .text.__ssputs_r
                0x0000000008007a2c       0xb6 d:/program files/stm32cubeide_1.12.0/stm32cubeide/plugins/com.st.stm32cube.ide.mcu.externaltools.gnu-tools-for-stm32.10.3-2021.10.win32_1.0.200.202301161003/tools/bin/../lib/gcc/arm-none-eabi/10.3.1/../../../../arm-none-eabi/lib/thumb/v7-m/nofp\libc_nano.a(lib_a-nano-svfprintf.o)
                0x0000000008007a2c                __ssputs_r
 *fill*         0x0000000008007ae2        0x2 
 .text._svfprintf_r
                0x0000000008007ae4      0x200 d:/program files/stm32cubeide_1.12.0/stm32cubeide/plugins/com.st.stm32cube.ide.mcu.externaltools.gnu-tools-for-stm32.10.3-2021.10.win32_1.0.200.202301161003/tools/bin/../lib/gcc/arm-none-eabi/10.3.1/../../../../arm-none-eabi/lib/thumb/v7-m/nofp\libc_nano.a(lib_a-nano-svfprintf.o)
                0x0000000008007ae4                _svfiprintf_r
                0x0000000008007ae4                _svfprintf_r
 .text._printf_common
                0x0000000008007ce4       0xde d:/program files/stm32cubeide_1.12.0/stm32cubeide/plugins/com.st.stm32cube.ide.mcu.externaltools.gnu-tools-for-stm32.10.3-2021.10.win32_1.0.200.202301161003/tools/bin/../lib/gcc/arm-none-eabi/10.3.1/../../../../arm-none-eabi/lib/thumb/v7-m/nofp\libc_nano.a(lib_a-nano-vfprintf_i.o)
                0x0000000008007ce4                _printf_common
 *fill*         0x0000000008007dc2        0x2 
 .text._printf_i
                0x0000000008007dc4      0x24c d:/program files/stm32cubeide_1.12.0/stm32cubeide/plugins/com.st.stm32cube.ide.mcu.externaltools.gnu-tools-for-stm32.10.3-2021.10.win32_1.0.200.202301161003/tools/bin/../lib/gcc/arm-none-eabi/10.3.1/../../../../arm-none-eabi/lib/thumb/v7-m/nofp\libc_nano.a(lib_a-nano-vfprintf_i.o)
                0x0000000008007dc4                _printf_i
 .text.memchr   0x0000000008008010       0x1c d:/program files/stm32cubeide_1.12.0/stm32cubeide/plugins/com.st.stm32cube.ide.mcu.externaltools.gnu-tools-for-stm32.10.3-2021.10.win32_1.0.200.202301161003/tools/bin/../lib/gcc/arm-none-eabi/10.3.1/../../../../arm-none-eabi/lib/thumb/v7-m/nofp\libc_nano.a(lib_a-memchr-stub.o)
                0x0000000008008010                memchr
 .text.memmove  0x000000000800802c       0x34 d:/program files/stm32cubeide_1.12.0/stm32cubeide/plugins/com.st.stm32cube.ide.mcu.externaltools.gnu-tools-for-stm32.10.3-2021.10.win32_1.0.200.202301161003/tools/bin/../lib/gcc/arm-none-eabi/10.3.1/../../../../arm-none-eabi/lib/thumb/v7-m/nofp\libc_nano.a(lib_a-memmove.o)
                0x000000000800802c                memmove
 .text._free_r  0x0000000008008060       0x90 d:/program files/stm32cubeide_1.12.0/stm32cubeide/plugins/com.st.stm32cube.ide.mcu.externaltools.gnu-tools-for-stm32.10.3-2021.10.win32_1.0.200.202301161003/tools/bin/../lib/gcc/arm-none-eabi/10.3.1/../../../../arm-none-eabi/lib/thumb/v7-m/nofp\libc_nano.a(lib_a-nano-freer.o)
                0x0000000008008060                _free_r
 .text.sbrk_aligned
                0x00000000080080f0       0x40 d:/program files/stm32cubeide_1.12.0/stm32cubeide/plugins/com.st.stm32cube.ide.mcu.externaltools.gnu-tools-for-stm32.10.3-2021.10.win32_1.0.200.202301161003/tools/bin/../lib/gcc/arm-none-eabi/10.3.1/../../../../arm-none-eabi/lib/thumb/v7-m/nofp\libc_nano.a(lib_a-nano-mallocr.o)
 .text._malloc_r
                0x0000000008008130       0xe8 d:/program files/stm32cubeide_1.12.0/stm32cubeide/plugins/com.st.stm32cube.ide.mcu.externaltools.gnu-tools-for-stm32.10.3-2021.10.win32_1.0.200.202301161003/tools/bin/../lib/gcc/arm-none-eabi/10.3.1/../../../../arm-none-eabi/lib/thumb/v7-m/nofp\libc_nano.a(lib_a-nano-mallocr.o)
                0x0000000008008130                _malloc_r
 .text._realloc_r
                0x0000000008008218       0x5e d:/program files/stm32cubeide_1.12.0/stm32cubeide/plugins/com.st.stm32cube.ide.mcu.externaltools.gnu-tools-for-stm32.10.3-2021.10.win32_1.0.200.202301161003/tools/bin/../lib/gcc/arm-none-eabi/10.3.1/../../../../arm-none-eabi/lib/thumb/v7-m/nofp\libc_nano.a(lib_a-nano-reallocr.o)
                0x0000000008008218                _realloc_r
 *fill*         0x0000000008008276        0x2 
 .text._sbrk_r  0x0000000008008278       0x20 d:/program files/stm32cubeide_1.12.0/stm32cubeide/plugins/com.st.stm32cube.ide.mcu.externaltools.gnu-tools-for-stm32.10.3-2021.10.win32_1.0.200.202301161003/tools/bin/../lib/gcc/arm-none-eabi/10.3.1/../../../../arm-none-eabi/lib/thumb/v7-m/nofp\libc_nano.a(lib_a-sbrkr.o)
                0x0000000008008278                _sbrk_r
 .text.__malloc_lock
                0x0000000008008298        0xc d:/program files/stm32cubeide_1.12.0/stm32cubeide/plugins/com.st.stm32cube.ide.mcu.externaltools.gnu-tools-for-stm32.10.3-2021.10.win32_1.0.200.202301161003/tools/bin/../lib/gcc/arm-none-eabi/10.3.1/../../../../arm-none-eabi/lib/thumb/v7-m/nofp\libc_nano.a(lib_a-mlock.o)
                0x0000000008008298                __malloc_lock
 .text.__malloc_unlock
                0x00000000080082a4        0xc d:/program files/stm32cubeide_1.12.0/stm32cubeide/plugins/com.st.stm32cube.ide.mcu.externaltools.gnu-tools-for-stm32.10.3-2021.10.win32_1.0.200.202301161003/tools/bin/../lib/gcc/arm-none-eabi/10.3.1/../../../../arm-none-eabi/lib/thumb/v7-m/nofp\libc_nano.a(lib_a-mlock.o)
                0x00000000080082a4                __malloc_unlock
 .text._malloc_usable_size_r
                0x00000000080082b0       0x10 d:/program files/stm32cubeide_1.12.0/stm32cubeide/plugins/com.st.stm32cube.ide.mcu.externaltools.gnu-tools-for-stm32.10.3-2021.10.win32_1.0.200.202301161003/tools/bin/../lib/gcc/arm-none-eabi/10.3.1/../../../../arm-none-eabi/lib/thumb/v7-m/nofp\libc_nano.a(lib_a-nano-msizer.o)
                0x00000000080082b0                _malloc_usable_size_r
 .text.__retarget_lock_acquire_recursive
                0x00000000080082c0        0x2 d:/program files/stm32cubeide_1.12.0/stm32cubeide/plugins/com.st.stm32cube.ide.mcu.externaltools.gnu-tools-for-stm32.10.3-2021.10.win32_1.0.200.202301161003/tools/bin/../lib/gcc/arm-none-eabi/10.3.1/../../../../arm-none-eabi/lib/thumb/v7-m/nofp\libc_nano.a(lib_a-lock.o)
                0x00000000080082c0                __retarget_lock_acquire_recursive
 .text.__retarget_lock_release_recursive
                0x00000000080082c2        0x2 d:/program files/stm32cubeide_1.12.0/stm32cubeide/plugins/com.st.stm32cube.ide.mcu.externaltools.gnu-tools-for-stm32.10.3-2021.10.win32_1.0.200.202301161003/tools/bin/../lib/gcc/arm-none-eabi/10.3.1/../../../../arm-none-eabi/lib/thumb/v7-m/nofp\libc_nano.a(lib_a-lock.o)
                0x00000000080082c2                __retarget_lock_release_recursive
 *(.glue_7)
 .glue_7        0x00000000080082c4        0x0 linker stubs
 *(.glue_7t)
 .glue_7t       0x00000000080082c4        0x0 linker stubs
 *(.eh_frame)
 .eh_frame      0x00000000080082c4        0x0 d:/program files/stm32cubeide_1.12.0/stm32cubeide/plugins/com.st.stm32cube.ide.mcu.externaltools.gnu-tools-for-stm32.10.3-2021.10.win32_1.0.200.202301161003/tools/bin/../lib/gcc/arm-none-eabi/10.3.1/thumb/v7-m/nofp/crtbegin.o
 *(.init)
 .init          0x00000000080082c4        0x4 d:/program files/stm32cubeide_1.12.0/stm32cubeide/plugins/com.st.stm32cube.ide.mcu.externaltools.gnu-tools-for-stm32.10.3-2021.10.win32_1.0.200.202301161003/tools/bin/../lib/gcc/arm-none-eabi/10.3.1/thumb/v7-m/nofp/crti.o
                0x00000000080082c4                _init
 .init          0x00000000080082c8        0x8 d:/program files/stm32cubeide_1.12.0/stm32cubeide/plugins/com.st.stm32cube.ide.mcu.externaltools.gnu-tools-for-stm32.10.3-2021.10.win32_1.0.200.202301161003/tools/bin/../lib/gcc/arm-none-eabi/10.3.1/thumb/v7-m/nofp/crtn.o
 *(.fini)
 .fini          0x00000000080082d0        0x4 d:/program files/stm32cubeide_1.12.0/stm32cubeide/plugins/com.st.stm32cube.ide.mcu.externaltools.gnu-tools-for-stm32.10.3-2021.10.win32_1.0.200.202301161003/tools/bin/../lib/gcc/arm-none-eabi/10.3.1/thumb/v7-m/nofp/crti.o
                0x00000000080082d0                _fini
 .fini          0x00000000080082d4        0x8 d:/program files/stm32cubeide_1.12.0/stm32cubeide/plugins/com.st.stm32cube.ide.mcu.externaltools.gnu-tools-for-stm32.10.3-2021.10.win32_1.0.200.202301161003/tools/bin/../lib/gcc/arm-none-eabi/10.3.1/thumb/v7-m/nofp/crtn.o
                0x00000000080082dc                . = ALIGN (0x4)
                0x00000000080082dc                _etext = .

.vfp11_veneer   0x00000000080082dc        0x0
 .vfp11_veneer  0x00000000080082dc        0x0 linker stubs

.v4_bx          0x00000000080082dc        0x0
 .v4_bx         0x00000000080082dc        0x0 linker stubs

.iplt           0x00000000080082dc        0x0
 .iplt          0x00000000080082dc        0x0 d:/program files/stm32cubeide_1.12.0/stm32cubeide/plugins/com.st.stm32cube.ide.mcu.externaltools.gnu-tools-for-stm32.10.3-2021.10.win32_1.0.200.202301161003/tools/bin/../lib/gcc/arm-none-eabi/10.3.1/thumb/v7-m/nofp/crtbegin.o

.rodata         0x00000000080082dc      0x7b0
                0x00000000080082dc                . = ALIGN (0x4)
 *(.rodata)
 .rodata        0x00000000080082dc      0x33a ./Drivers/25Q/w25q_spi.o
 *(.rodata*)
 *fill*         0x0000000008008616        0x2 
 .rodata.AHBPrescTable
                0x0000000008008618       0x10 ./Core/Src/system_stm32f1xx.o
                0x0000000008008618                AHBPrescTable
 .rodata.APBPrescTable
                0x0000000008008628        0x8 ./Core/Src/system_stm32f1xx.o
                0x0000000008008628                APBPrescTable
 .rodata.aPLLMULFactorTable.1
                0x0000000008008630       0x10 ./Drivers/STM32F1xx_HAL_Driver/Src/stm32f1xx_hal_rcc.o
 .rodata.aPredivFactorTable.0
                0x0000000008008640        0x2 ./Drivers/STM32F1xx_HAL_Driver/Src/stm32f1xx_hal_rcc.o
 *fill*         0x0000000008008642        0x2 
 .rodata.aPLLMULFactorTable.1
                0x0000000008008644       0x10 ./Drivers/STM32F1xx_HAL_Driver/Src/stm32f1xx_hal_rcc_ex.o
 .rodata.aPredivFactorTable.0
                0x0000000008008654        0x2 ./Drivers/STM32F1xx_HAL_Driver/Src/stm32f1xx_hal_rcc_ex.o
 *fill*         0x0000000008008656        0x2 
 .rodata.crc32_table
                0x0000000008008658      0x400 ./Libraries/Src/protocol_parser.o
                0x0000000008008658                crc32_table
 .rodata._svfprintf_r.str1.1
                0x0000000008008a58       0x11 d:/program files/stm32cubeide_1.12.0/stm32cubeide/plugins/com.st.stm32cube.ide.mcu.externaltools.gnu-tools-for-stm32.10.3-2021.10.win32_1.0.200.202301161003/tools/bin/../lib/gcc/arm-none-eabi/10.3.1/../../../../arm-none-eabi/lib/thumb/v7-m/nofp\libc_nano.a(lib_a-nano-svfprintf.o)
 .rodata._printf_i.str1.1
                0x0000000008008a69       0x22 d:/program files/stm32cubeide_1.12.0/stm32cubeide/plugins/com.st.stm32cube.ide.mcu.externaltools.gnu-tools-for-stm32.10.3-2021.10.win32_1.0.200.202301161003/tools/bin/../lib/gcc/arm-none-eabi/10.3.1/../../../../arm-none-eabi/lib/thumb/v7-m/nofp\libc_nano.a(lib_a-nano-vfprintf_i.o)
                0x0000000008008a8c                . = ALIGN (0x4)
 *fill*         0x0000000008008a8b        0x1 

.rel.dyn        0x0000000008008a8c        0x0
 .rel.iplt      0x0000000008008a8c        0x0 d:/program files/stm32cubeide_1.12.0/stm32cubeide/plugins/com.st.stm32cube.ide.mcu.externaltools.gnu-tools-for-stm32.10.3-2021.10.win32_1.0.200.202301161003/tools/bin/../lib/gcc/arm-none-eabi/10.3.1/thumb/v7-m/nofp/crtbegin.o

.ARM.extab      0x0000000008008a8c        0x0
                0x0000000008008a8c                . = ALIGN (0x4)
 *(.ARM.extab* .gnu.linkonce.armextab.*)
                0x0000000008008a8c                . = ALIGN (0x4)

.ARM            0x0000000008008a8c        0x0
                0x0000000008008a8c                . = ALIGN (0x4)
                0x0000000008008a8c                __exidx_start = .
 *(.ARM.exidx*)
                0x0000000008008a8c                __exidx_end = .
                0x0000000008008a8c                . = ALIGN (0x4)

.preinit_array  0x0000000008008a8c        0x0
                0x0000000008008a8c                . = ALIGN (0x4)
                0x0000000008008a8c                PROVIDE (__preinit_array_start = .)
 *(.preinit_array*)
                0x0000000008008a8c                PROVIDE (__preinit_array_end = .)
                0x0000000008008a8c                . = ALIGN (0x4)

.init_array     0x0000000008008a8c        0x4
                0x0000000008008a8c                . = ALIGN (0x4)
                0x0000000008008a8c                PROVIDE (__init_array_start = .)
 *(SORT_BY_NAME(.init_array.*))
 *(.init_array*)
 .init_array    0x0000000008008a8c        0x4 d:/program files/stm32cubeide_1.12.0/stm32cubeide/plugins/com.st.stm32cube.ide.mcu.externaltools.gnu-tools-for-stm32.10.3-2021.10.win32_1.0.200.202301161003/tools/bin/../lib/gcc/arm-none-eabi/10.3.1/thumb/v7-m/nofp/crtbegin.o
                0x0000000008008a90                PROVIDE (__init_array_end = .)
                0x0000000008008a90                . = ALIGN (0x4)

.fini_array     0x0000000008008a90        0x4
                0x0000000008008a90                . = ALIGN (0x4)
                [!provide]                        PROVIDE (__fini_array_start = .)
 *(SORT_BY_NAME(.fini_array.*))
 *(.fini_array*)
 .fini_array    0x0000000008008a90        0x4 d:/program files/stm32cubeide_1.12.0/stm32cubeide/plugins/com.st.stm32cube.ide.mcu.externaltools.gnu-tools-for-stm32.10.3-2021.10.win32_1.0.200.202301161003/tools/bin/../lib/gcc/arm-none-eabi/10.3.1/thumb/v7-m/nofp/crtbegin.o
                [!provide]                        PROVIDE (__fini_array_end = .)
                0x0000000008008a94                . = ALIGN (0x4)
                0x0000000008008a94                _sidata = LOADADDR (.data)

.data           0x0000000020000000       0x80 load address 0x0000000008008a94
                0x0000000020000000                . = ALIGN (0x4)
                0x0000000020000000                _sdata = .
 *(.data)
 *(.data*)
 .data.prevValue
                0x0000000020000000        0x2 ./Core/Src/main.o
                0x0000000020000000                prevValue
 .data.jPrev    0x0000000020000002        0x1 ./Core/Src/main.o
                0x0000000020000002                jPrev
 *fill*         0x0000000020000003        0x1 
 .data.prevPeak
                0x0000000020000004        0x2 ./Core/Src/main.o
                0x0000000020000004                prevPeak
 *fill*         0x0000000020000006        0x2 
 .data.SystemCoreClock
                0x0000000020000008        0x4 ./Core/Src/system_stm32f1xx.o
                0x0000000020000008                SystemCoreClock
 .data.uwTickPrio
                0x000000002000000c        0x4 ./Drivers/STM32F1xx_HAL_Driver/Src/stm32f1xx_hal.o
                0x000000002000000c                uwTickPrio
 .data.uwTickFreq
                0x0000000020000010        0x1 ./Drivers/STM32F1xx_HAL_Driver/Src/stm32f1xx_hal.o
                0x0000000020000010                uwTickFreq
 *fill*         0x0000000020000011        0x3 
 .data.read     0x0000000020000014        0x8 ./Libraries/Src/protocol_parser.o
                0x0000000020000014                read
 .data._impure_ptr
                0x000000002000001c        0x4 d:/program files/stm32cubeide_1.12.0/stm32cubeide/plugins/com.st.stm32cube.ide.mcu.externaltools.gnu-tools-for-stm32.10.3-2021.10.win32_1.0.200.202301161003/tools/bin/../lib/gcc/arm-none-eabi/10.3.1/../../../../arm-none-eabi/lib/thumb/v7-m/nofp\libc_nano.a(lib_a-impure.o)
                0x000000002000001c                _impure_ptr
 .data.impure_data
                0x0000000020000020       0x60 d:/program files/stm32cubeide_1.12.0/stm32cubeide/plugins/com.st.stm32cube.ide.mcu.externaltools.gnu-tools-for-stm32.10.3-2021.10.win32_1.0.200.202301161003/tools/bin/../lib/gcc/arm-none-eabi/10.3.1/../../../../arm-none-eabi/lib/thumb/v7-m/nofp\libc_nano.a(lib_a-impure.o)
 *(.RamFunc)
 *(.RamFunc*)
                0x0000000020000080                . = ALIGN (0x4)
                0x0000000020000080                _edata = .

.igot.plt       0x0000000020000080        0x0 load address 0x0000000008008b14
 .igot.plt      0x0000000020000080        0x0 d:/program files/stm32cubeide_1.12.0/stm32cubeide/plugins/com.st.stm32cube.ide.mcu.externaltools.gnu-tools-for-stm32.10.3-2021.10.win32_1.0.200.202301161003/tools/bin/../lib/gcc/arm-none-eabi/10.3.1/thumb/v7-m/nofp/crtbegin.o
                0x0000000020000080                . = ALIGN (0x4)

.bss            0x0000000020000080      0xd74 load address 0x0000000008008b14
                0x0000000020000080                _sbss = .
                0x0000000020000080                __bss_start__ = _sbss
 *(.bss)
 .bss           0x0000000020000080       0x1c d:/program files/stm32cubeide_1.12.0/stm32cubeide/plugins/com.st.stm32cube.ide.mcu.externaltools.gnu-tools-for-stm32.10.3-2021.10.win32_1.0.200.202301161003/tools/bin/../lib/gcc/arm-none-eabi/10.3.1/thumb/v7-m/nofp/crtbegin.o
 *(.bss*)
 .bss.peaksM    0x000000002000009c      0x190 ./Core/Src/main.o
                0x000000002000009c                peaksM
 .bss.pressuresM
                0x000000002000022c      0x190 ./Core/Src/main.o
                0x000000002000022c                pressuresM
 .bss.absoluteCounter
                0x00000000200003bc        0x2 ./Core/Src/main.o
                0x00000000200003bc                absoluteCounter
 .bss.valuesCounter
                0x00000000200003be        0x2 ./Core/Src/main.o
                0x00000000200003be                valuesCounter
 .bss.risingSequenceEnd
                0x00000000200003c0        0x2 ./Core/Src/main.o
                0x00000000200003c0                risingSequenceEnd
 .bss.tmp       0x00000000200003c2        0x2 ./Core/Src/main.o
                0x00000000200003c2                tmp
 .bss.medianBuffer
                0x00000000200003c4        0xc ./Core/Src/main.o
                0x00000000200003c4                medianBuffer
 .bss.countersBuffer
                0x00000000200003d0        0xc ./Core/Src/main.o
                0x00000000200003d0                countersBuffer
 .bss.pressuresBuffer
                0x00000000200003dc        0xc ./Core/Src/main.o
                0x00000000200003dc                pressuresBuffer
 .bss.medianCounter
                0x00000000200003e8        0x1 ./Core/Src/main.o
                0x00000000200003e8                medianCounter
 .bss.rising    0x00000000200003e9        0x1 ./Core/Src/main.o
                0x00000000200003e9                rising
 .bss.bigRise   0x00000000200003ea        0x1 ./Core/Src/main.o
                0x00000000200003ea                bigRise
 .bss.j         0x00000000200003eb        0x1 ./Core/Src/main.o
                0x00000000200003eb                j
 .bss.k         0x00000000200003ec        0x1 ./Core/Src/main.o
                0x00000000200003ec                k
 .bss.uppers    0x00000000200003ed        0x1 ./Core/Src/main.o
                0x00000000200003ed                uppers
 .bss.equals    0x00000000200003ee        0x1 ./Core/Src/main.o
                0x00000000200003ee                equals
 .bss.overCtr   0x00000000200003ef        0x1 ./Core/Src/main.o
                0x00000000200003ef                overCtr
 .bss.i         0x00000000200003f0        0x2 ./Core/Src/main.o
                0x00000000200003f0                i
 .bss.maxPeak   0x00000000200003f2        0x2 ./Core/Src/main.o
                0x00000000200003f2                maxPeak
 .bss.currentAP
                0x00000000200003f4        0x4 ./Core/Src/main.o
                0x00000000200003f4                currentAP
 .bss.awaitedSystolic
                0x00000000200003f8        0x2 ./Core/Src/main.o
                0x00000000200003f8                awaitedSystolic
 .bss.awaitedDiatolic
                0x00000000200003fa        0x2 ./Core/Src/main.o
                0x00000000200003fa                awaitedDiatolic
 .bss.TMS       0x00000000200003fc        0x1 ./Core/Src/main.o
                0x00000000200003fc                TMS
 *fill*         0x00000000200003fd        0x1 
 .bss.lastMainPressure
                0x00000000200003fe        0x2 ./Core/Src/main.o
                0x00000000200003fe                lastMainPressure
 .bss.pulsePressure
                0x0000000020000400        0x2 ./Core/Src/main.o
                0x0000000020000400                pulsePressure
 .bss.gotResult
                0x0000000020000402        0x1 ./Core/Src/main.o
                0x0000000020000402                gotResult
 .bss.newValue  0x0000000020000403        0x1 ./Core/Src/main.o
                0x0000000020000403                newValue
 .bss.timerCnt  0x0000000020000404        0x2 ./Core/Src/main.o
                0x0000000020000404                timerCnt
 *fill*         0x0000000020000406        0x2 
 .bss.APNormalized
                0x0000000020000408        0x4 ./Core/Src/main.o
                0x0000000020000408                APNormalized
 .bss.hadc1     0x000000002000040c       0x30 ./Core/Src/main.o
                0x000000002000040c                hadc1
 .bss.hadc2     0x000000002000043c       0x30 ./Core/Src/main.o
                0x000000002000043c                hadc2
 .bss.hspi1     0x000000002000046c       0x58 ./Core/Src/main.o
                0x000000002000046c                hspi1
 .bss.hspi2     0x00000000200004c4       0x58 ./Core/Src/main.o
                0x00000000200004c4                hspi2
 .bss.htim2     0x000000002000051c       0x48 ./Core/Src/main.o
                0x000000002000051c                htim2
 .bss.htim3     0x0000000020000564       0x48 ./Core/Src/main.o
                0x0000000020000564                htim3
 .bss.htim4     0x00000000200005ac       0x48 ./Core/Src/main.o
                0x00000000200005ac                htim4
 .bss.huart1    0x00000000200005f4       0x48 ./Core/Src/main.o
                0x00000000200005f4                huart1
 .bss.data_buf  0x000000002000063c      0x100 ./Core/Src/main.o
                0x000000002000063c                data_buf
 .bss.page_ptr  0x000000002000073c        0x2 ./Core/Src/main.o
                0x000000002000073c                page_ptr
 .bss.page_pos_ptr
                0x000000002000073e        0x1 ./Core/Src/main.o
                0x000000002000073e                page_pos_ptr
 *fill*         0x000000002000073f        0x1 
 .bss.result_data.0
                0x0000000020000740        0x2 ./Core/Src/main.o
 *fill*         0x0000000020000742        0x2 
 .bss.__sbrk_heap_end
                0x0000000020000744        0x4 ./Core/Src/sysmem.o
 .bss.w25_info  0x0000000020000748       0x24 ./Drivers/25Q/w25q_spi.o
                0x0000000020000748                w25_info
 .bss.str1      0x000000002000076c       0x1e ./Drivers/25Q/w25q_spi.o
                0x000000002000076c                str1
 *fill*         0x000000002000078a        0x2 
 .bss.buf       0x000000002000078c        0xa ./Drivers/25Q/w25q_spi.o
 *fill*         0x0000000020000796        0x2 
 .bss.uwTick    0x0000000020000798        0x4 ./Drivers/STM32F1xx_HAL_Driver/Src/stm32f1xx_hal.o
                0x0000000020000798                uwTick
 .bss.spi_rx_complete
                0x000000002000079c        0x1 ./Libraries/Src/SPI_Connection.o
                0x000000002000079c                spi_rx_complete
 .bss.response_ready
                0x000000002000079d        0x1 ./Libraries/Src/SPI_Connection.o
                0x000000002000079d                response_ready
 .bss.spi_state
                0x000000002000079e        0x1 ./Libraries/Src/SPI_Connection.o
                0x000000002000079e                spi_state
 *fill*         0x000000002000079f        0x1 
 .bss.response_frame
                0x00000000200007a0      0x108 ./Libraries/Src/SPI_Connection.o
                0x00000000200007a0                response_frame
 .bss.safe_command_frame
                0x00000000200008a8      0x108 ./Libraries/Src/SPI_Connection.o
                0x00000000200008a8                safe_command_frame
 .bss.dummy_frame
                0x00000000200009b0      0x108 ./Libraries/Src/SPI_Connection.o
                0x00000000200009b0                dummy_frame
 .bss.trash_frame
                0x0000000020000ab8      0x108 ./Libraries/Src/SPI_Connection.o
                0x0000000020000ab8                trash_frame
 .bss.spi_tx_ptr
                0x0000000020000bc0        0x4 ./Libraries/Src/SPI_Connection.o
                0x0000000020000bc0                spi_tx_ptr
 .bss.spi_rx_ptr
                0x0000000020000bc4        0x4 ./Libraries/Src/SPI_Connection.o
                0x0000000020000bc4                spi_rx_ptr
 .bss.new_response_frame
                0x0000000020000bc8        0x4 ./Libraries/Src/SPI_Connection.o
                0x0000000020000bc8                new_response_frame
 .bss.wait_response_frame
                0x0000000020000bcc      0x108 ./Libraries/Src/SPI_Connection.o
                0x0000000020000bcc                wait_response_frame
 .bss.response  0x0000000020000cd4      0x108 ./Libraries/Src/protocol_parser.o
                0x0000000020000cd4                response
 .bss.FSM_state
                0x0000000020000ddc        0x1 ./Libraries/Src/protocol_parser.o
                0x0000000020000ddc                FSM_state
 .bss.reset_ready
                0x0000000020000ddd        0x1 ./Libraries/Src/protocol_parser.o
                0x0000000020000ddd                reset_ready
 .bss.val1      0x0000000020000dde        0x2 ./Libraries/Src/sensor_utils.o
                0x0000000020000dde                val1
 .bss.val2      0x0000000020000de0        0x2 ./Libraries/Src/sensor_utils.o
                0x0000000020000de0                val2
 *fill*         0x0000000020000de2        0x2 
 .bss.__malloc_free_list
                0x0000000020000de4        0x4 d:/program files/stm32cubeide_1.12.0/stm32cubeide/plugins/com.st.stm32cube.ide.mcu.externaltools.gnu-tools-for-stm32.10.3-2021.10.win32_1.0.200.202301161003/tools/bin/../lib/gcc/arm-none-eabi/10.3.1/../../../../arm-none-eabi/lib/thumb/v7-m/nofp\libc_nano.a(lib_a-nano-mallocr.o)
                0x0000000020000de4                __malloc_free_list
 .bss.__malloc_sbrk_start
                0x0000000020000de8        0x4 d:/program files/stm32cubeide_1.12.0/stm32cubeide/plugins/com.st.stm32cube.ide.mcu.externaltools.gnu-tools-for-stm32.10.3-2021.10.win32_1.0.200.202301161003/tools/bin/../lib/gcc/arm-none-eabi/10.3.1/../../../../arm-none-eabi/lib/thumb/v7-m/nofp\libc_nano.a(lib_a-nano-mallocr.o)
                0x0000000020000de8                __malloc_sbrk_start
 .bss.errno     0x0000000020000dec        0x4 d:/program files/stm32cubeide_1.12.0/stm32cubeide/plugins/com.st.stm32cube.ide.mcu.externaltools.gnu-tools-for-stm32.10.3-2021.10.win32_1.0.200.202301161003/tools/bin/../lib/gcc/arm-none-eabi/10.3.1/../../../../arm-none-eabi/lib/thumb/v7-m/nofp\libc_nano.a(lib_a-reent.o)
                0x0000000020000dec                errno
 .bss.__lock___malloc_recursive_mutex
                0x0000000020000df0        0x1 d:/program files/stm32cubeide_1.12.0/stm32cubeide/plugins/com.st.stm32cube.ide.mcu.externaltools.gnu-tools-for-stm32.10.3-2021.10.win32_1.0.200.202301161003/tools/bin/../lib/gcc/arm-none-eabi/10.3.1/../../../../arm-none-eabi/lib/thumb/v7-m/nofp\libc_nano.a(lib_a-lock.o)
                0x0000000020000df0                __lock___malloc_recursive_mutex
 *(COMMON)
                0x0000000020000df4                . = ALIGN (0x4)
 *fill*         0x0000000020000df1        0x3 
                0x0000000020000df4                _ebss = .
                0x0000000020000df4                __bss_end__ = _ebss

._user_heap_stack
                0x0000000020000df4      0x604 load address 0x0000000008008b14
                0x0000000020000df8                . = ALIGN (0x8)
 *fill*         0x0000000020000df4        0x4 
                [!provide]                        PROVIDE (end = .)
                0x0000000020000df8                PROVIDE (_end = .)
                0x0000000020000ff8                . = (. + _Min_Heap_Size)
 *fill*         0x0000000020000df8      0x200 
                0x00000000200013f8                . = (. + _Min_Stack_Size)
 *fill*         0x0000000020000ff8      0x400 
                0x00000000200013f8                . = ALIGN (0x8)

/DISCARD/
 libc.a(*)
 libm.a(*)
 libgcc.a(*)

.ARM.attributes
                0x0000000000000000       0x29
 *(.ARM.attributes)
 .ARM.attributes
                0x0000000000000000       0x1d d:/program files/stm32cubeide_1.12.0/stm32cubeide/plugins/com.st.stm32cube.ide.mcu.externaltools.gnu-tools-for-stm32.10.3-2021.10.win32_1.0.200.202301161003/tools/bin/../lib/gcc/arm-none-eabi/10.3.1/thumb/v7-m/nofp/crti.o
 .ARM.attributes
                0x000000000000001d       0x2d d:/program files/stm32cubeide_1.12.0/stm32cubeide/plugins/com.st.stm32cube.ide.mcu.externaltools.gnu-tools-for-stm32.10.3-2021.10.win32_1.0.200.202301161003/tools/bin/../lib/gcc/arm-none-eabi/10.3.1/thumb/v7-m/nofp/crtbegin.o
 .ARM.attributes
                0x000000000000004a       0x2d ./Core/Src/main.o
 .ARM.attributes
                0x0000000000000077       0x2d ./Core/Src/stm32f1xx_hal_msp.o
 .ARM.attributes
                0x00000000000000a4       0x2d ./Core/Src/stm32f1xx_it.o
 .ARM.attributes
                0x00000000000000d1       0x2d ./Core/Src/sysmem.o
 .ARM.attributes
                0x00000000000000fe       0x2d ./Core/Src/system_stm32f1xx.o
 .ARM.attributes
                0x000000000000012b       0x21 ./Core/Startup/startup_stm32f103cbtx.o
 .ARM.attributes
                0x000000000000014c       0x2d ./Drivers/25Q/w25q_spi.o
 .ARM.attributes
                0x0000000000000179       0x2d ./Drivers/STM32F1xx_HAL_Driver/Src/stm32f1xx_hal.o
 .ARM.attributes
                0x00000000000001a6       0x2d ./Drivers/STM32F1xx_HAL_Driver/Src/stm32f1xx_hal_adc.o
 .ARM.attributes
                0x00000000000001d3       0x2d ./Drivers/STM32F1xx_HAL_Driver/Src/stm32f1xx_hal_adc_ex.o
 .ARM.attributes
                0x0000000000000200       0x2d ./Drivers/STM32F1xx_HAL_Driver/Src/stm32f1xx_hal_cortex.o
 .ARM.attributes
                0x000000000000022d       0x2d ./Drivers/STM32F1xx_HAL_Driver/Src/stm32f1xx_hal_dma.o
 .ARM.attributes
                0x000000000000025a       0x2d ./Drivers/STM32F1xx_HAL_Driver/Src/stm32f1xx_hal_gpio.o
 .ARM.attributes
                0x0000000000000287       0x2d ./Drivers/STM32F1xx_HAL_Driver/Src/stm32f1xx_hal_rcc.o
 .ARM.attributes
                0x00000000000002b4       0x2d ./Drivers/STM32F1xx_HAL_Driver/Src/stm32f1xx_hal_rcc_ex.o
 .ARM.attributes
                0x00000000000002e1       0x2d ./Drivers/STM32F1xx_HAL_Driver/Src/stm32f1xx_hal_spi.o
 .ARM.attributes
                0x000000000000030e       0x2d ./Drivers/STM32F1xx_HAL_Driver/Src/stm32f1xx_hal_tim.o
 .ARM.attributes
                0x000000000000033b       0x2d ./Drivers/STM32F1xx_HAL_Driver/Src/stm32f1xx_hal_tim_ex.o
 .ARM.attributes
                0x0000000000000368       0x2d ./Drivers/STM32F1xx_HAL_Driver/Src/stm32f1xx_hal_uart.o
 .ARM.attributes
                0x0000000000000395       0x2d ./Libraries/Src/SPI_Connection.o
 .ARM.attributes
                0x00000000000003c2       0x2d ./Libraries/Src/protocol_parser.o
 .ARM.attributes
                0x00000000000003ef       0x2d ./Libraries/Src/sensor_utils.o
 .ARM.attributes
                0x000000000000041c       0x2d d:/program files/stm32cubeide_1.12.0/stm32cubeide/plugins/com.st.stm32cube.ide.mcu.externaltools.gnu-tools-for-stm32.10.3-2021.10.win32_1.0.200.202301161003/tools/bin/../lib/gcc/arm-none-eabi/10.3.1/../../../../arm-none-eabi/lib/thumb/v7-m/nofp\libc_nano.a(lib_a-errno.o)
 .ARM.attributes
                0x0000000000000449       0x2d d:/program files/stm32cubeide_1.12.0/stm32cubeide/plugins/com.st.stm32cube.ide.mcu.externaltools.gnu-tools-for-stm32.10.3-2021.10.win32_1.0.200.202301161003/tools/bin/../lib/gcc/arm-none-eabi/10.3.1/../../../../arm-none-eabi/lib/thumb/v7-m/nofp\libc_nano.a(lib_a-impure.o)
 .ARM.attributes
                0x0000000000000476       0x2d d:/program files/stm32cubeide_1.12.0/stm32cubeide/plugins/com.st.stm32cube.ide.mcu.externaltools.gnu-tools-for-stm32.10.3-2021.10.win32_1.0.200.202301161003/tools/bin/../lib/gcc/arm-none-eabi/10.3.1/../../../../arm-none-eabi/lib/thumb/v7-m/nofp\libc_nano.a(lib_a-init.o)
 .ARM.attributes
                0x00000000000004a3       0x2d d:/program files/stm32cubeide_1.12.0/stm32cubeide/plugins/com.st.stm32cube.ide.mcu.externaltools.gnu-tools-for-stm32.10.3-2021.10.win32_1.0.200.202301161003/tools/bin/../lib/gcc/arm-none-eabi/10.3.1/../../../../arm-none-eabi/lib/thumb/v7-m/nofp\libc_nano.a(lib_a-memcpy-stub.o)
 .ARM.attributes
                0x00000000000004d0       0x2d d:/program files/stm32cubeide_1.12.0/stm32cubeide/plugins/com.st.stm32cube.ide.mcu.externaltools.gnu-tools-for-stm32.10.3-2021.10.win32_1.0.200.202301161003/tools/bin/../lib/gcc/arm-none-eabi/10.3.1/../../../../arm-none-eabi/lib/thumb/v7-m/nofp\libc_nano.a(lib_a-memset.o)
 .ARM.attributes
                0x00000000000004fd       0x2d d:/program files/stm32cubeide_1.12.0/stm32cubeide/plugins/com.st.stm32cube.ide.mcu.externaltools.gnu-tools-for-stm32.10.3-2021.10.win32_1.0.200.202301161003/tools/bin/../lib/gcc/arm-none-eabi/10.3.1/../../../../arm-none-eabi/lib/thumb/v7-m/nofp\libc_nano.a(lib_a-sprintf.o)
 .ARM.attributes
                0x000000000000052a       0x17 d:/program files/stm32cubeide_1.12.0/stm32cubeide/plugins/com.st.stm32cube.ide.mcu.externaltools.gnu-tools-for-stm32.10.3-2021.10.win32_1.0.200.202301161003/tools/bin/../lib/gcc/arm-none-eabi/10.3.1/../../../../arm-none-eabi/lib/thumb/v7-m/nofp\libc_nano.a(lib_a-strlen.o)
 .ARM.attributes
                0x0000000000000541       0x2d d:/program files/stm32cubeide_1.12.0/stm32cubeide/plugins/com.st.stm32cube.ide.mcu.externaltools.gnu-tools-for-stm32.10.3-2021.10.win32_1.0.200.202301161003/tools/bin/../lib/gcc/arm-none-eabi/10.3.1/../../../../arm-none-eabi/lib/thumb/v7-m/nofp\libc_nano.a(lib_a-nano-svfprintf.o)
 .ARM.attributes
                0x000000000000056e       0x2d d:/program files/stm32cubeide_1.12.0/stm32cubeide/plugins/com.st.stm32cube.ide.mcu.externaltools.gnu-tools-for-stm32.10.3-2021.10.win32_1.0.200.202301161003/tools/bin/../lib/gcc/arm-none-eabi/10.3.1/../../../../arm-none-eabi/lib/thumb/v7-m/nofp\libc_nano.a(lib_a-nano-vfprintf_i.o)
 .ARM.attributes
                0x000000000000059b       0x2d d:/program files/stm32cubeide_1.12.0/stm32cubeide/plugins/com.st.stm32cube.ide.mcu.externaltools.gnu-tools-for-stm32.10.3-2021.10.win32_1.0.200.202301161003/tools/bin/../lib/gcc/arm-none-eabi/10.3.1/../../../../arm-none-eabi/lib/thumb/v7-m/nofp\libc_nano.a(lib_a-memchr-stub.o)
 .ARM.attributes
                0x00000000000005c8       0x2d d:/program files/stm32cubeide_1.12.0/stm32cubeide/plugins/com.st.stm32cube.ide.mcu.externaltools.gnu-tools-for-stm32.10.3-2021.10.win32_1.0.200.202301161003/tools/bin/../lib/gcc/arm-none-eabi/10.3.1/../../../../arm-none-eabi/lib/thumb/v7-m/nofp\libc_nano.a(lib_a-memmove.o)
 .ARM.attributes
                0x00000000000005f5       0x2d d:/program files/stm32cubeide_1.12.0/stm32cubeide/plugins/com.st.stm32cube.ide.mcu.externaltools.gnu-tools-for-stm32.10.3-2021.10.win32_1.0.200.202301161003/tools/bin/../lib/gcc/arm-none-eabi/10.3.1/../../../../arm-none-eabi/lib/thumb/v7-m/nofp\libc_nano.a(lib_a-nano-freer.o)
 .ARM.attributes
                0x0000000000000622       0x2d d:/program files/stm32cubeide_1.12.0/stm32cubeide/plugins/com.st.stm32cube.ide.mcu.externaltools.gnu-tools-for-stm32.10.3-2021.10.win32_1.0.200.202301161003/tools/bin/../lib/gcc/arm-none-eabi/10.3.1/../../../../arm-none-eabi/lib/thumb/v7-m/nofp\libc_nano.a(lib_a-nano-mallocr.o)
 .ARM.attributes
                0x000000000000064f       0x2d d:/program files/stm32cubeide_1.12.0/stm32cubeide/plugins/com.st.stm32cube.ide.mcu.externaltools.gnu-tools-for-stm32.10.3-2021.10.win32_1.0.200.202301161003/tools/bin/../lib/gcc/arm-none-eabi/10.3.1/../../../../arm-none-eabi/lib/thumb/v7-m/nofp\libc_nano.a(lib_a-nano-reallocr.o)
 .ARM.attributes
                0x000000000000067c       0x2d d:/program files/stm32cubeide_1.12.0/stm32cubeide/plugins/com.st.stm32cube.ide.mcu.externaltools.gnu-tools-for-stm32.10.3-2021.10.win32_1.0.200.202301161003/tools/bin/../lib/gcc/arm-none-eabi/10.3.1/../../../../arm-none-eabi/lib/thumb/v7-m/nofp\libc_nano.a(lib_a-sbrkr.o)
 .ARM.attributes
                0x00000000000006a9       0x2d d:/program files/stm32cubeide_1.12.0/stm32cubeide/plugins/com.st.stm32cube.ide.mcu.externaltools.gnu-tools-for-stm32.10.3-2021.10.win32_1.0.200.202301161003/tools/bin/../lib/gcc/arm-none-eabi/10.3.1/../../../../arm-none-eabi/lib/thumb/v7-m/nofp\libc_nano.a(lib_a-mlock.o)
 .ARM.attributes
                0x00000000000006d6       0x2d d:/program files/stm32cubeide_1.12.0/stm32cubeide/plugins/com.st.stm32cube.ide.mcu.externaltools.gnu-tools-for-stm32.10.3-2021.10.win32_1.0.200.202301161003/tools/bin/../lib/gcc/arm-none-eabi/10.3.1/../../../../arm-none-eabi/lib/thumb/v7-m/nofp\libc_nano.a(lib_a-nano-msizer.o)
 .ARM.attributes
                0x0000000000000703       0x2d d:/program files/stm32cubeide_1.12.0/stm32cubeide/plugins/com.st.stm32cube.ide.mcu.externaltools.gnu-tools-for-stm32.10.3-2021.10.win32_1.0.200.202301161003/tools/bin/../lib/gcc/arm-none-eabi/10.3.1/../../../../arm-none-eabi/lib/thumb/v7-m/nofp\libc_nano.a(lib_a-reent.o)
 .ARM.attributes
                0x0000000000000730       0x2d d:/program files/stm32cubeide_1.12.0/stm32cubeide/plugins/com.st.stm32cube.ide.mcu.externaltools.gnu-tools-for-stm32.10.3-2021.10.win32_1.0.200.202301161003/tools/bin/../lib/gcc/arm-none-eabi/10.3.1/../../../../arm-none-eabi/lib/thumb/v7-m/nofp\libc_nano.a(lib_a-lock.o)
 .ARM.attributes
                0x000000000000075d       0x1d d:/program files/stm32cubeide_1.12.0/stm32cubeide/plugins/com.st.stm32cube.ide.mcu.externaltools.gnu-tools-for-stm32.10.3-2021.10.win32_1.0.200.202301161003/tools/bin/../lib/gcc/arm-none-eabi/10.3.1/thumb/v7-m/nofp\libgcc.a(_arm_addsubdf3.o)
 .ARM.attributes
                0x000000000000077a       0x1d d:/program files/stm32cubeide_1.12.0/stm32cubeide/plugins/com.st.stm32cube.ide.mcu.externaltools.gnu-tools-for-stm32.10.3-2021.10.win32_1.0.200.202301161003/tools/bin/../lib/gcc/arm-none-eabi/10.3.1/thumb/v7-m/nofp\libgcc.a(_arm_muldivdf3.o)
 .ARM.attributes
                0x0000000000000797       0x1d d:/program files/stm32cubeide_1.12.0/stm32cubeide/plugins/com.st.stm32cube.ide.mcu.externaltools.gnu-tools-for-stm32.10.3-2021.10.win32_1.0.200.202301161003/tools/bin/../lib/gcc/arm-none-eabi/10.3.1/thumb/v7-m/nofp\libgcc.a(_arm_fixdfsi.o)
 .ARM.attributes
                0x00000000000007b4       0x1d d:/program files/stm32cubeide_1.12.0/stm32cubeide/plugins/com.st.stm32cube.ide.mcu.externaltools.gnu-tools-for-stm32.10.3-2021.10.win32_1.0.200.202301161003/tools/bin/../lib/gcc/arm-none-eabi/10.3.1/thumb/v7-m/nofp/crtn.o
OUTPUT(Tonometer.elf elf32-littlearm)
LOAD linker stubs
LOAD d:/program files/stm32cubeide_1.12.0/stm32cubeide/plugins/com.st.stm32cube.ide.mcu.externaltools.gnu-tools-for-stm32.10.3-2021.10.win32_1.0.200.202301161003/tools/bin/../lib/gcc/arm-none-eabi/10.3.1/../../../../arm-none-eabi/lib/thumb/v7-m/nofp\libc.a
LOAD d:/program files/stm32cubeide_1.12.0/stm32cubeide/plugins/com.st.stm32cube.ide.mcu.externaltools.gnu-tools-for-stm32.10.3-2021.10.win32_1.0.200.202301161003/tools/bin/../lib/gcc/arm-none-eabi/10.3.1/../../../../arm-none-eabi/lib/thumb/v7-m/nofp\libm.a
LOAD d:/program files/stm32cubeide_1.12.0/stm32cubeide/plugins/com.st.stm32cube.ide.mcu.externaltools.gnu-tools-for-stm32.10.3-2021.10.win32_1.0.200.202301161003/tools/bin/../lib/gcc/arm-none-eabi/10.3.1/thumb/v7-m/nofp\libgcc.a

.debug_info     0x0000000000000000    0x13c72
 .debug_info    0x0000000000000000     0x1f3c ./Core/Src/main.o
 .debug_info    0x0000000000001f3c     0x1481 ./Core/Src/stm32f1xx_hal_msp.o
 .debug_info    0x00000000000033bd      0xca4 ./Core/Src/stm32f1xx_it.o
 .debug_info    0x0000000000004061      0x171 ./Core/Src/sysmem.o
 .debug_info    0x00000000000041d2      0x23d ./Core/Src/system_stm32f1xx.o
 .debug_info    0x000000000000440f       0x22 ./Core/Startup/startup_stm32f103cbtx.o
 .debug_info    0x0000000000004431      0xe0f ./Drivers/25Q/w25q_spi.o
 .debug_info    0x0000000000005240      0x734 ./Drivers/STM32F1xx_HAL_Driver/Src/stm32f1xx_hal.o
 .debug_info    0x0000000000005974      0xcfe ./Drivers/STM32F1xx_HAL_Driver/Src/stm32f1xx_hal_adc.o
 .debug_info    0x0000000000006672      0xa94 ./Drivers/STM32F1xx_HAL_Driver/Src/stm32f1xx_hal_adc_ex.o
 .debug_info    0x0000000000007106      0xb20 ./Drivers/STM32F1xx_HAL_Driver/Src/stm32f1xx_hal_cortex.o
 .debug_info    0x0000000000007c26      0x744 ./Drivers/STM32F1xx_HAL_Driver/Src/stm32f1xx_hal_dma.o
 .debug_info    0x000000000000836a      0x615 ./Drivers/STM32F1xx_HAL_Driver/Src/stm32f1xx_hal_gpio.o
 .debug_info    0x000000000000897f      0x87b ./Drivers/STM32F1xx_HAL_Driver/Src/stm32f1xx_hal_rcc.o
 .debug_info    0x00000000000091fa      0x3e6 ./Drivers/STM32F1xx_HAL_Driver/Src/stm32f1xx_hal_rcc_ex.o
 .debug_info    0x00000000000095e0     0x156e ./Drivers/STM32F1xx_HAL_Driver/Src/stm32f1xx_hal_spi.o
 .debug_info    0x000000000000ab4e     0x2bcb ./Drivers/STM32F1xx_HAL_Driver/Src/stm32f1xx_hal_tim.o
 .debug_info    0x000000000000d719     0x15c7 ./Drivers/STM32F1xx_HAL_Driver/Src/stm32f1xx_hal_tim_ex.o
 .debug_info    0x000000000000ece0     0x30f2 ./Drivers/STM32F1xx_HAL_Driver/Src/stm32f1xx_hal_uart.o
 .debug_info    0x0000000000011dd2      0x90d ./Libraries/Src/SPI_Connection.o
 .debug_info    0x00000000000126df      0xd5b ./Libraries/Src/protocol_parser.o
 .debug_info    0x000000000001343a      0x838 ./Libraries/Src/sensor_utils.o

.debug_abbrev   0x0000000000000000     0x2f7b
 .debug_abbrev  0x0000000000000000      0x402 ./Core/Src/main.o
 .debug_abbrev  0x0000000000000402      0x20a ./Core/Src/stm32f1xx_hal_msp.o
 .debug_abbrev  0x000000000000060c      0x1cb ./Core/Src/stm32f1xx_it.o
 .debug_abbrev  0x00000000000007d7       0xbb ./Core/Src/sysmem.o
 .debug_abbrev  0x0000000000000892      0x13b ./Core/Src/system_stm32f1xx.o
 .debug_abbrev  0x00000000000009cd       0x12 ./Core/Startup/startup_stm32f103cbtx.o
 .debug_abbrev  0x00000000000009df      0x28d ./Drivers/25Q/w25q_spi.o
 .debug_abbrev  0x0000000000000c6c      0x1fb ./Drivers/STM32F1xx_HAL_Driver/Src/stm32f1xx_hal.o
 .debug_abbrev  0x0000000000000e67      0x210 ./Drivers/STM32F1xx_HAL_Driver/Src/stm32f1xx_hal_adc.o
 .debug_abbrev  0x0000000000001077      0x234 ./Drivers/STM32F1xx_HAL_Driver/Src/stm32f1xx_hal_adc_ex.o
 .debug_abbrev  0x00000000000012ab      0x2ed ./Drivers/STM32F1xx_HAL_Driver/Src/stm32f1xx_hal_cortex.o
 .debug_abbrev  0x0000000000001598      0x1fe ./Drivers/STM32F1xx_HAL_Driver/Src/stm32f1xx_hal_dma.o
 .debug_abbrev  0x0000000000001796      0x1bb ./Drivers/STM32F1xx_HAL_Driver/Src/stm32f1xx_hal_gpio.o
 .debug_abbrev  0x0000000000001951      0x2a8 ./Drivers/STM32F1xx_HAL_Driver/Src/stm32f1xx_hal_rcc.o
 .debug_abbrev  0x0000000000001bf9      0x182 ./Drivers/STM32F1xx_HAL_Driver/Src/stm32f1xx_hal_rcc_ex.o
 .debug_abbrev  0x0000000000001d7b      0x266 ./Drivers/STM32F1xx_HAL_Driver/Src/stm32f1xx_hal_spi.o
 .debug_abbrev  0x0000000000001fe1      0x264 ./Drivers/STM32F1xx_HAL_Driver/Src/stm32f1xx_hal_tim.o
 .debug_abbrev  0x0000000000002245      0x26c ./Drivers/STM32F1xx_HAL_Driver/Src/stm32f1xx_hal_tim_ex.o
 .debug_abbrev  0x00000000000024b1      0x2df ./Drivers/STM32F1xx_HAL_Driver/Src/stm32f1xx_hal_uart.o
 .debug_abbrev  0x0000000000002790      0x23d ./Libraries/Src/SPI_Connection.o
 .debug_abbrev  0x00000000000029cd      0x38f ./Libraries/Src/protocol_parser.o
 .debug_abbrev  0x0000000000002d5c      0x21f ./Libraries/Src/sensor_utils.o

.debug_aranges  0x0000000000000000     0x1228
 .debug_aranges
                0x0000000000000000       0xf0 ./Core/Src/main.o
 .debug_aranges
                0x00000000000000f0       0x68 ./Core/Src/stm32f1xx_hal_msp.o
 .debug_aranges
                0x0000000000000158       0x90 ./Core/Src/stm32f1xx_it.o
 .debug_aranges
                0x00000000000001e8       0x20 ./Core/Src/sysmem.o
 .debug_aranges
                0x0000000000000208       0x28 ./Core/Src/system_stm32f1xx.o
 .debug_aranges
                0x0000000000000230       0x28 ./Core/Startup/startup_stm32f103cbtx.o
 .debug_aranges
                0x0000000000000258       0xa0 ./Drivers/25Q/w25q_spi.o
 .debug_aranges
                0x00000000000002f8       0xe0 ./Drivers/STM32F1xx_HAL_Driver/Src/stm32f1xx_hal.o
 .debug_aranges
                0x00000000000003d8       0xf0 ./Drivers/STM32F1xx_HAL_Driver/Src/stm32f1xx_hal_adc.o
 .debug_aranges
                0x00000000000004c8       0x80 ./Drivers/STM32F1xx_HAL_Driver/Src/stm32f1xx_hal_adc_ex.o
 .debug_aranges
                0x0000000000000548      0x100 ./Drivers/STM32F1xx_HAL_Driver/Src/stm32f1xx_hal_cortex.o
 .debug_aranges
                0x0000000000000648       0x80 ./Drivers/STM32F1xx_HAL_Driver/Src/stm32f1xx_hal_dma.o
 .debug_aranges
                0x00000000000006c8       0x58 ./Drivers/STM32F1xx_HAL_Driver/Src/stm32f1xx_hal_gpio.o
 .debug_aranges
                0x0000000000000720       0x90 ./Drivers/STM32F1xx_HAL_Driver/Src/stm32f1xx_hal_rcc.o
 .debug_aranges
                0x00000000000007b0       0x30 ./Drivers/STM32F1xx_HAL_Driver/Src/stm32f1xx_hal_rcc_ex.o
 .debug_aranges
                0x00000000000007e0      0x1d0 ./Drivers/STM32F1xx_HAL_Driver/Src/stm32f1xx_hal_spi.o
 .debug_aranges
                0x00000000000009b0      0x3d0 ./Drivers/STM32F1xx_HAL_Driver/Src/stm32f1xx_hal_tim.o
 .debug_aranges
                0x0000000000000d80      0x168 ./Drivers/STM32F1xx_HAL_Driver/Src/stm32f1xx_hal_tim_ex.o
 .debug_aranges
                0x0000000000000ee8      0x208 ./Drivers/STM32F1xx_HAL_Driver/Src/stm32f1xx_hal_uart.o
 .debug_aranges
                0x00000000000010f0       0x58 ./Libraries/Src/SPI_Connection.o
 .debug_aranges
                0x0000000000001148       0x88 ./Libraries/Src/protocol_parser.o
 .debug_aranges
                0x00000000000011d0       0x58 ./Libraries/Src/sensor_utils.o

.debug_ranges   0x0000000000000000     0x1100
 .debug_ranges  0x0000000000000000       0xe0 ./Core/Src/main.o
 .debug_ranges  0x00000000000000e0       0x58 ./Core/Src/stm32f1xx_hal_msp.o
 .debug_ranges  0x0000000000000138       0x80 ./Core/Src/stm32f1xx_it.o
 .debug_ranges  0x00000000000001b8       0x10 ./Core/Src/sysmem.o
 .debug_ranges  0x00000000000001c8       0x18 ./Core/Src/system_stm32f1xx.o
 .debug_ranges  0x00000000000001e0       0x20 ./Core/Startup/startup_stm32f103cbtx.o
 .debug_ranges  0x0000000000000200       0x90 ./Drivers/25Q/w25q_spi.o
 .debug_ranges  0x0000000000000290       0xd0 ./Drivers/STM32F1xx_HAL_Driver/Src/stm32f1xx_hal.o
 .debug_ranges  0x0000000000000360       0xe0 ./Drivers/STM32F1xx_HAL_Driver/Src/stm32f1xx_hal_adc.o
 .debug_ranges  0x0000000000000440       0x70 ./Drivers/STM32F1xx_HAL_Driver/Src/stm32f1xx_hal_adc_ex.o
 .debug_ranges  0x00000000000004b0       0xf0 ./Drivers/STM32F1xx_HAL_Driver/Src/stm32f1xx_hal_cortex.o
 .debug_ranges  0x00000000000005a0       0x70 ./Drivers/STM32F1xx_HAL_Driver/Src/stm32f1xx_hal_dma.o
 .debug_ranges  0x0000000000000610       0x48 ./Drivers/STM32F1xx_HAL_Driver/Src/stm32f1xx_hal_gpio.o
 .debug_ranges  0x0000000000000658       0x80 ./Drivers/STM32F1xx_HAL_Driver/Src/stm32f1xx_hal_rcc.o
 .debug_ranges  0x00000000000006d8       0x20 ./Drivers/STM32F1xx_HAL_Driver/Src/stm32f1xx_hal_rcc_ex.o
 .debug_ranges  0x00000000000006f8      0x1c0 ./Drivers/STM32F1xx_HAL_Driver/Src/stm32f1xx_hal_spi.o
 .debug_ranges  0x00000000000008b8      0x3c0 ./Drivers/STM32F1xx_HAL_Driver/Src/stm32f1xx_hal_tim.o
 .debug_ranges  0x0000000000000c78      0x158 ./Drivers/STM32F1xx_HAL_Driver/Src/stm32f1xx_hal_tim_ex.o
 .debug_ranges  0x0000000000000dd0      0x228 ./Drivers/STM32F1xx_HAL_Driver/Src/stm32f1xx_hal_uart.o
 .debug_ranges  0x0000000000000ff8       0x48 ./Libraries/Src/SPI_Connection.o
 .debug_ranges  0x0000000000001040       0x78 ./Libraries/Src/protocol_parser.o
 .debug_ranges  0x00000000000010b8       0x48 ./Libraries/Src/sensor_utils.o

.debug_macro    0x0000000000000000    0x19f68
 .debug_macro   0x0000000000000000      0x3dc ./Core/Src/main.o
 .debug_macro   0x00000000000003dc      0xa6c ./Core/Src/main.o
 .debug_macro   0x0000000000000e48      0x227 ./Core/Src/main.o
 .debug_macro   0x000000000000106f       0x2e ./Core/Src/main.o
 .debug_macro   0x000000000000109d       0x22 ./Core/Src/main.o
 .debug_macro   0x00000000000010bf       0x22 ./Core/Src/main.o
 .debug_macro   0x00000000000010e1       0x8e ./Core/Src/main.o
 .debug_macro   0x000000000000116f       0x51 ./Core/Src/main.o
 .debug_macro   0x00000000000011c0      0x103 ./Core/Src/main.o
 .debug_macro   0x00000000000012c3       0x6a ./Core/Src/main.o
 .debug_macro   0x000000000000132d      0x1df ./Core/Src/main.o
 .debug_macro   0x000000000000150c       0x1c ./Core/Src/main.o
 .debug_macro   0x0000000000001528       0x22 ./Core/Src/main.o
 .debug_macro   0x000000000000154a       0xbd ./Core/Src/main.o
 .debug_macro   0x0000000000001607      0xd23 ./Core/Src/main.o
 .debug_macro   0x000000000000232a     0xe09e ./Core/Src/main.o
 .debug_macro   0x00000000000103c8       0x6d ./Core/Src/main.o
 .debug_macro   0x0000000000010435     0x34a2 ./Core/Src/main.o
 .debug_macro   0x00000000000138d7      0x174 ./Core/Src/main.o
 .debug_macro   0x0000000000013a4b       0x5c ./Core/Src/main.o
 .debug_macro   0x0000000000013aa7      0x5bc ./Core/Src/main.o
 .debug_macro   0x0000000000014063      0x289 ./Core/Src/main.o
 .debug_macro   0x00000000000142ec      0x1cb ./Core/Src/main.o
 .debug_macro   0x00000000000144b7      0x114 ./Core/Src/main.o
 .debug_macro   0x00000000000145cb      0x1b2 ./Core/Src/main.o
 .debug_macro   0x000000000001477d       0x27 ./Core/Src/main.o
 .debug_macro   0x00000000000147a4      0x136 ./Core/Src/main.o
 .debug_macro   0x00000000000148da      0x1bc ./Core/Src/main.o
 .debug_macro   0x0000000000014a96       0x34 ./Core/Src/main.o
 .debug_macro   0x0000000000014aca       0x3c ./Core/Src/main.o
 .debug_macro   0x0000000000014b06       0x57 ./Core/Src/main.o
 .debug_macro   0x0000000000014b5d      0x46a ./Core/Src/main.o