Archive member included to satisfy reference by file (symbol)

c:/program files/stmicroelectronics/stm32cubeide_1.12.0/stm32cubeide/plugins/com.st.stm32cube.ide.mcu.externaltools.gnu-tools-for-stm32.10.3-2021.10.win32_1.0.200.202301161003/tools/bin/../lib/gcc/arm-none-eabi/10.3.1/../../../../arm-none-eabi/lib/thumb/v7-m/nofp\libc_nano.a(lib_a-errno.o)
                              ./Core/Src/syscalls.o (__errno)
c:/program files/stmicroelectronics/stm32cubeide_1.12.0/stm32cubeide/plugins/com.st.stm32cube.ide.mcu.externaltools.gnu-tools-for-stm32.10.3-2021.10.win32_1.0.200.202301161003/tools/bin/../lib/gcc/arm-none-eabi/10.3.1/../../../../arm-none-eabi/lib/thumb/v7-m/nofp\libc_nano.a(lib_a-exit.o)
                              c:/program files/stmicroelectronics/stm32cubeide_1.12.0/stm32cubeide/plugins/com.st.stm32cube.ide.mcu.externaltools.gnu-tools-for-stm32.10.3-2021.10.win32_1.0.200.202301161003/tools/bin/../lib/gcc/arm-none-eabi/10.3.1/../../../../arm-none-eabi/lib/thumb/v7-m/nofp/crt0.o (exit)
c:/program files/stmicroelectronics/stm32cubeide_1.12.0/stm32cubeide/plugins/com.st.stm32cube.ide.mcu.externaltools.gnu-tools-for-stm32.10.3-2021.10.win32_1.0.200.202301161003/tools/bin/../lib/gcc/arm-none-eabi/10.3.1/../../../../arm-none-eabi/lib/thumb/v7-m/nofp\libc_nano.a(lib_a-impure.o)
                              c:/program files/stmicroelectronics/stm32cubeide_1.12.0/stm32cubeide/plugins/com.st.stm32cube.ide.mcu.externaltools.gnu-tools-for-stm32.10.3-2021.10.win32_1.0.200.202301161003/tools/bin/../lib/gcc/arm-none-eabi/10.3.1/../../../../arm-none-eabi/lib/thumb/v7-m/nofp\libc_nano.a(lib_a-exit.o) (_global_impure_ptr)
c:/program files/stmicroelectronics/stm32cubeide_1.12.0/stm32cubeide/plugins/com.st.stm32cube.ide.mcu.externaltools.gnu-tools-for-stm32.10.3-2021.10.win32_1.0.200.202301161003/tools/bin/../lib/gcc/arm-none-eabi/10.3.1/../../../../arm-none-eabi/lib/thumb/v7-m/nofp\libc_nano.a(lib_a-init.o)
                              c:/program files/stmicroelectronics/stm32cubeide_1.12.0/stm32cubeide/plugins/com.st.stm32cube.ide.mcu.externaltools.gnu-tools-for-stm32.10.3-2021.10.win32_1.0.200.202301161003/tools/bin/../lib/gcc/arm-none-eabi/10.3.1/../../../../arm-none-eabi/lib/thumb/v7-m/nofp/crt0.o (__libc_init_array)
c:/program files/stmicroelectronics/stm32cubeide_1.12.0/stm32cubeide/plugins/com.st.stm32cube.ide.mcu.externaltools.gnu-tools-for-stm32.10.3-2021.10.win32_1.0.200.202301161003/tools/bin/../lib/gcc/arm-none-eabi/10.3.1/../../../../arm-none-eabi/lib/thumb/v7-m/nofp\libc_nano.a(lib_a-memcpy-stub.o)
                              ./Libraries/Src/SPI_Connection.o (memcpy)
c:/program files/stmicroelectronics/stm32cubeide_1.12.0/stm32cubeide/plugins/com.st.stm32cube.ide.mcu.externaltools.gnu-tools-for-stm32.10.3-2021.10.win32_1.0.200.202301161003/tools/bin/../lib/gcc/arm-none-eabi/10.3.1/../../../../arm-none-eabi/lib/thumb/v7-m/nofp\libc_nano.a(lib_a-memset.o)
                              c:/program files/stmicroelectronics/stm32cubeide_1.12.0/stm32cubeide/plugins/com.st.stm32cube.ide.mcu.externaltools.gnu-tools-for-stm32.10.3-2021.10.win32_1.0.200.202301161003/tools/bin/../lib/gcc/arm-none-eabi/10.3.1/../../../../arm-none-eabi/lib/thumb/v7-m/nofp/crt0.o (memset)
c:/program files/stmicroelectronics/stm32cubeide_1.12.0/stm32cubeide/plugins/com.st.stm32cube.ide.mcu.externaltools.gnu-tools-for-stm32.10.3-2021.10.win32_1.0.200.202301161003/tools/bin/../lib/gcc/arm-none-eabi/10.3.1/../../../../arm-none-eabi/lib/thumb/v7-m/nofp\libc_nano.a(lib_a-sprintf.o)
                              ./Drivers/25Q/w25q_spi.o (sprintf)
c:/program files/stmicroelectronics/stm32cubeide_1.12.0/stm32cubeide/plugins/com.st.stm32cube.ide.mcu.externaltools.gnu-tools-for-stm32.10.3-2021.10.win32_1.0.200.202301161003/tools/bin/../lib/gcc/arm-none-eabi/10.3.1/../../../../arm-none-eabi/lib/thumb/v7-m/nofp\libc_nano.a(lib_a-strcat.o)
                              ./Drivers/25Q/w25q_spi.o (strcat)
c:/program files/stmicroelectronics/stm32cubeide_1.12.0/stm32cubeide/plugins/com.st.stm32cube.ide.mcu.externaltools.gnu-tools-for-stm32.10.3-2021.10.win32_1.0.200.202301161003/tools/bin/../lib/gcc/arm-none-eabi/10.3.1/../../../../arm-none-eabi/lib/thumb/v7-m/nofp\libc_nano.a(lib_a-strlen.o)
                              ./Drivers/25Q/w25q_spi.o (strlen)
c:/program files/stmicroelectronics/stm32cubeide_1.12.0/stm32cubeide/plugins/com.st.stm32cube.ide.mcu.externaltools.gnu-tools-for-stm32.10.3-2021.10.win32_1.0.200.202301161003/tools/bin/../lib/gcc/arm-none-eabi/10.3.1/../../../../arm-none-eabi/lib/thumb/v7-m/nofp\libc_nano.a(lib_a-nano-svfprintf.o)
                              c:/program files/stmicroelectronics/stm32cubeide_1.12.0/stm32cubeide/plugins/com.st.stm32cube.ide.mcu.externaltools.gnu-tools-for-stm32.10.3-2021.10.win32_1.0.200.202301161003/tools/bin/../lib/gcc/arm-none-eabi/10.3.1/../../../../arm-none-eabi/lib/thumb/v7-m/nofp\libc_nano.a(lib_a-sprintf.o) (_svfprintf_r)
[...]
Memory Configuration

Name             Origin             Length             Attributes
RAM              0x0000000020000000 0x0000000000005000 xrw
FLASH            0x0000000008000000 0x0000000000020000 xr
*default*        0x0000000000000000 0xffffffffffffffff

Linker script and memory map

LOAD c:/program files/stmicroelectronics/stm32cubeide_1.12.0/stm32cubeide/plugins/com.st.stm32cube.ide.mcu.externaltools.gnu-tools-for-stm32.10.3-2021.10.win32_1.0.200.202301161003/tools/bin/../lib/gcc/arm-none-eabi/10.3.1/thumb/v7-m/nofp/crti.o
LOAD c:/program files/stmicroelectronics/stm32cubeide_1.12.0/stm32cubeide/plugins/com.st.stm32cube.ide.mcu.externaltools.gnu-tools-for-stm32.10.3-2021.10.win32_1.0.200.202301161003/tools/bin/../lib/gcc/arm-none-eabi/10.3.1/thumb/v7-m/nofp/crtbegin.o
LOAD c:/program files/stmicroelectronics/stm32cubeide_1.12.0/stm32cubeide/plugins/com.st.stm32cube.ide.mcu.externaltools.gnu-tools-for-stm32.10.3-2021.10.win32_1.0.200.202301161003/tools/bin/../lib/gcc/arm-none-eabi/10.3.1/../../../../arm-none-eabi/lib/thumb/v7-m/nofp/crt0.o
LOAD ./Core/Src/exp_measurement.o
LOAD ./Core/Src/exp_protocol.o
LOAD ./Core/Src/main.o
LOAD ./Core/Src/stm32f1xx_hal_msp.o
LOAD ./Core/Src/stm32f1xx_it.o
LOAD ./Core/Src/syscalls.o
LOAD ./Core/Src/sysmem.o
LOAD ./Core/Src/system_stm32f1xx.o
LOAD ./Core/Src/tonometer_logic.o
LOAD ./Core/Startup/startup_stm32f103cbtx.o
LOAD ./Drivers/25Q/w25q_spi.o
LOAD ./Drivers/STM32F1xx_HAL_Driver/Src/stm32f1xx_hal.o
LOAD ./Drivers/STM32F1xx_HAL_Driver/Src/stm32f1xx_hal_adc.o
LOAD ./Drivers/STM32F1xx_HAL_Driver/Src/stm32f1xx_hal_adc_ex.o
LOAD ./Drivers/STM32F1xx_HAL_Driver/Src/stm32f1xx_hal_cortex.o
LOAD ./Drivers/STM32F1xx_HAL_Driver/Src/stm32f1xx_hal_dma.o
LOAD ./Drivers/STM32F1xx_HAL_Driver/Src/stm32f1xx_hal_exti.o
LOAD ./Drivers/STM32F1xx_HAL_Driver/Src/stm32f1xx_hal_flash.o
LOAD ./Drivers/STM32F1xx_HAL_Driver/Src/stm32f1xx_hal_flash_ex.o
LOAD ./Drivers/STM32F1xx_HAL_Driver/Src/stm32f1xx_hal_gpio.o
LOAD ./Drivers/STM32F1xx_HAL_Driver/Src/stm32f1xx_hal_gpio_ex.o
LOAD ./Drivers/STM32F1xx_HAL_Driver/Src/stm32f1xx_hal_pwr.o
LOAD ./Drivers/STM32F1xx_HAL_Driver/Src/stm32f1xx_hal_rcc.o
LOAD ./Drivers/STM32F1xx_HAL_Driver/Src/stm32f1xx_hal_rcc_ex.o
LOAD ./Drivers/STM32F1xx_HAL_Driver/Src/stm32f1xx_hal_spi.o
LOAD ./Drivers/STM32F1xx_HAL_Driver/Src/stm32f1xx_hal_tim.o
LOAD ./Drivers/STM32F1xx_HAL_Driver/Src/stm32f1xx_hal_tim_ex.o
LOAD ./Drivers/STM32F1xx_HAL_Driver/Src/stm32f1xx_hal_uart.o
LOAD ./Libraries/Src/SPI_Connection.o
LOAD ./Libraries/Src/protocol_parser.o
LOAD ./Libraries/Src/sensor_utils.o
START GROUP
LOAD c:/program files/stmicroelectronics/stm32cubeide_1.12.0/stm32cubeide/plugins/com.st.stm32cube.ide.mcu.externaltools.gnu-tools-for-stm32.10.3-2021.10.win32_1.0.200.202301161003/tools/bin/../lib/gcc/arm-none-eabi/10.3.1/../../../../arm-none-eabi/lib/thumb/v7-m/nofp\libc_nano.a
LOAD c:/program files/stmicroelectronics/stm32cubeide_1.12.0/stm32cubeide/plugins/com.st.stm32cube.ide.mcu.externaltools.gnu-tools-for-stm32.10.3-2021.10.win32_1.0.200.202301161003/tools/bin/../lib/gcc/arm-none-eabi/10.3.1/../../../../arm-none-eabi/lib/thumb/v7-m/nofp\libm.a
END GROUP
START GROUP
LOAD c:/program files/stmicroelectronics/stm32cubeide_1.12.0/stm32cubeide/plugins/com.st.stm32cube.ide.mcu.externaltools.gnu-tools-for-stm32.10.3-2021.10.win32_1.0.200.202301161003/tools/bin/../lib/gcc/arm-none-eabi/10.3.1/thumb/v7-m/nofp\libgcc.a
LOAD c:/program files/stmicroelectronics/stm32cubeide_1.12.0/stm32cubeide/plugins/com.st.stm32cube.ide.mcu.externaltools.gnu-tools-for-stm32.10.3-2021.10.win32_1.0.200.202301161003/tools/bin/../lib/gcc/arm-none-eabi/10.3.1/../../../../arm-none-eabi/lib/thumb/v7-m/nofp\libc_nano.a
END GROUP
START GROUP
LOAD c:/program files/stmicroelectronics/stm32cubeide_1.12.0/stm32cubeide/plugins/com.st.stm32cube.ide.mcu.externaltools.gnu-tools-for-stm32.10.3-2021.10.win32_1.0.200.202301161003/tools/bin/../lib/gcc/arm-none-eabi/10.3.1/thumb/v7-m/nofp\libgcc.a
LOAD c:/program files/stmicroelectronics/stm32cubeide_1.12.0/stm32cubeide/plugins/com.st.stm32cube.ide.mcu.externaltools.gnu-tools-for-stm32.10.3-2021.10.win32_1.0.200.202301161003/tools/bin/../lib/gcc/arm-none-eabi/10.3.1/../../../../arm-none-eabi/lib/thumb/v7-m/nofp\libc_nano.a
LOAD c:/program files/stmicroelectronics/stm32cubeide_1.12.0/stm32cubeide/plugins/com.st.stm32cube.ide.mcu.externaltools.gnu-tools-for-stm32.10.3-2021.10.win32_1.0.200.202301161003/tools/bin/../lib/gcc/arm-none-eabi/10.3.1/../../../../arm-none-eabi/lib/thumb/v7-m/nofp\libnosys.a
END GROUP
START GROUP
LOAD c:/program files/stmicroelectronics/stm32cubeide_1.12.0/stm32cubeide/plugins/com.st.stm32cube.ide.mcu.externaltools.gnu-tools-for-stm32.10.3-2021.10.win32_1.0.200.202301161003/tools/bin/../lib/gcc/arm-none-eabi/10.3.1/thumb/v7-m/nofp\libgcc.a
LOAD c:/program files/stmicroelectronics/stm32cubeide_1.12.0/stm32cubeide/plugins/com.st.stm32cube.ide.mcu.externaltools.gnu-tools-for-stm32.10.3-2021.10.win32_1.0.200.202301161003/tools/bin/../lib/gcc/arm-none-eabi/10.3.1/../../../../arm-none-eabi/lib/thumb/v7-m/nofp\libc_nano.a
LOAD c:/program files/stmicroelectronics/stm32cubeide_1.12.0/stm32cubeide/plugins/com.st.stm32cube.ide.mcu.externaltools.gnu-tools-for-stm32.10.3-2021.10.win32_1.0.200.202301161003/tools/bin/../lib/gcc/arm-none-eabi/10.3.1/../../../../arm-none-eabi/lib/thumb/v7-m/nofp\libnosys.a
END GROUP
LOAD c:/program files/stmicroelectronics/stm32cubeide_1.12.0/stm32cubeide/plugins/com.st.stm32cube.ide.mcu.externaltools.gnu-tools-for-stm32.10.3-2021.10.win32_1.0.200.202301161003/tools/bin/../lib/gcc/arm-none-eabi/10.3.1/thumb/v7-m/nofp/crtend.o
LOAD c:/program files/stmicroelectronics/stm32cubeide_1.12.0/stm32cubeide/plugins/com.st.stm32cube.ide.mcu.externaltools.gnu-tools-for-stm32.10.3-2021.10.win32_1.0.200.202301161003/tools/bin/../lib/gcc/arm-none-eabi/10.3.1/thumb/v7-m/nofp/crtn.o
                0x0000000020005000                _estack = (ORIGIN (RAM) + LENGTH (RAM))
                0x0000000000000200                _Min_Heap_Size = 0x200
                0x0000000000000400                _Min_Stack_Size = 0x400

.isr_vector     0x0000000008000000      0x10c
                0x0000000008000000                . = ALIGN (0x4)
 *(.isr_vector)
 .isr_vector    0x0000000008000000      0x10c ./Core/Startup/startup_stm32f103cbtx.o
                0x0000000008000000                g_pfnVectors
                0x000000000800010c                . = ALIGN (0x4)

.text           0x000000000800010c     0x50fc
                0x000000000800010c                . = ALIGN (0x4)
 *(.text)
 .text          0x000000000800010c       0x40 c:/program files/stmicroelectronics/stm32cubeide_1.12.0/stm32cubeide/plugins/com.st.stm32cube.ide.mcu.externaltools.gnu-tools-for-stm32.10.3-2021.10.win32_1.0.200.202301161003/tools/bin/../lib/gcc/arm-none-eabi/10.3.1/thumb/v7-m/nofp/crtbegin.o
 *(.text*)
 .text.get_measurement_time
                0x000000000800014c       0x14 ./Core/Src/exp_measurement.o
                0x000000000800014c                get_measurement_time
 .text.reset_meas_time
                0x0000000008000160       0x24 ./Core/Src/exp_measurement.o
                0x0000000008000160                reset_meas_time
 .text.start_measurement
                0x0000000008000184       0x2c ./Core/Src/exp_measurement.o
                0x0000000008000184                start_measurement
 .text.stop_measurement
                0x00000000080001b0       0x40 ./Core/Src/exp_measurement.o
                0x00000000080001b0                stop_measurement
 .text.parser_exp
                0x00000000080001f0       0x40 ./Core/Src/exp_protocol.o
                0x00000000080001f0                parser_exp
 .text.uart_init
                0x0000000008000230       0x28 ./Core/Src/exp_protocol.o
                0x0000000008000230                uart_init
 .text.send_data
                0x0000000008000258       0x78 ./Core/Src/exp_protocol.o
                0x0000000008000258                send_data
 .text.main     0x00000000080002d0       0x6c ./Core/Src/main.o
                0x00000000080002d0                main
 .text.SystemClock_Config
                0x000000000800033c       0xb8 ./Core/Src/main.o
                0x000000000800033c                SystemClock_Config
 .text.MX_ADC1_Init
                0x00000000080003f4       0x7c ./Core/Src/main.o
 .text.MX_ADC2_Init
                0x0000000008000470       0x7c ./Core/Src/main.o
 .text.MX_SPI1_Init
                0x00000000080004ec       0x6c ./Core/Src/main.o
 .text.MX_SPI2_Init
                0x0000000008000558       0x64 ./Core/Src/main.o
 .text.MX_TIM2_Init
                0x00000000080005bc       0xfc ./Core/Src/main.o
 .text.MX_TIM3_Init
                0x00000000080006b8       0x9c ./Core/Src/main.o
 .text.MX_TIM4_Init
                0x0000000008000754       0xa0 ./Core/Src/main.o
 .text.MX_USART1_UART_Init
                0x00000000080007f4       0x54 ./Core/Src/main.o
 .text.MX_GPIO_Init
                0x0000000008000848      0x14c ./Core/Src/main.o
 .text.Error_Handler
                0x0000000008000994        0xa ./Core/Src/main.o
                0x0000000008000994                Error_Handler
 *fill*         0x000000000800099e        0x2 
 .text.HAL_MspInit
                0x00000000080009a0       0x64 ./Core/Src/stm32f1xx_hal_msp.o
                0x00000000080009a0                HAL_MspInit
 .text.HAL_ADC_MspInit
                0x0000000008000a04       0xec ./Core/Src/stm32f1xx_hal_msp.o
                0x0000000008000a04                HAL_ADC_MspInit
 .text.HAL_SPI_MspInit
                0x0000000008000af0      0x11c ./Core/Src/stm32f1xx_hal_msp.o
                0x0000000008000af0                HAL_SPI_MspInit
 .text.HAL_TIM_Base_MspInit
                0x0000000008000c0c       0xb8 ./Core/Src/stm32f1xx_hal_msp.o
                0x0000000008000c0c                HAL_TIM_Base_MspInit
 .text.HAL_TIM_MspPostInit
                0x0000000008000cc4       0x60 ./Core/Src/stm32f1xx_hal_msp.o
                0x0000000008000cc4                HAL_TIM_MspPostInit
 .text.HAL_UART_MspInit
                0x0000000008000d24       0x98 ./Core/Src/stm32f1xx_hal_msp.o
                0x0000000008000d24                HAL_UART_MspInit
 .text.NMI_Handler
                0x0000000008000dbc        0x6 ./Core/Src/stm32f1xx_it.o
                0x0000000008000dbc                NMI_Handler
 .text.HardFault_Handler
                0x0000000008000dc2        0x6 ./Core/Src/stm32f1xx_it.o
                0x0000000008000dc2                HardFault_Handler
 .text.MemManage_Handler
                0x0000000008000dc8        0x6 ./Core/Src/stm32f1xx_it.o
                0x0000000008000dc8                MemManage_Handler
 .text.BusFault_Handler
                0x0000000008000dce        0x6 ./Core/Src/stm32f1xx_it.o
                0x0000000008000dce                BusFault_Handler
 .text.UsageFault_Handler
                0x0000000008000dd4        0x6 ./Core/Src/stm32f1xx_it.o
                0x0000000008000dd4                UsageFault_Handler
 .text.SVC_Handler
                0x0000000008000dda        0xc ./Core/Src/stm32f1xx_it.o
                0x0000000008000dda                SVC_Handler
 .text.DebugMon_Handler
                0x0000000008000de6        0xc ./Core/Src/stm32f1xx_it.o
                0x0000000008000de6                DebugMon_Handler
 .text.PendSV_Handler
                0x0000000008000df2        0xc ./Core/Src/stm32f1xx_it.o
                0x0000000008000df2                PendSV_Handler
 .text.SysTick_Handler
                0x0000000008000dfe        0xc ./Core/Src/stm32f1xx_it.o
                0x0000000008000dfe                SysTick_Handler
 *fill*         0x0000000008000e0a        0x2 
 .text.ADC1_2_IRQHandler
                0x0000000008000e0c       0x1c ./Core/Src/stm32f1xx_it.o
                0x0000000008000e0c                ADC1_2_IRQHandler
 .text.TIM2_IRQHandler
                0x0000000008000e28       0x14 ./Core/Src/stm32f1xx_it.o
                0x0000000008000e28                TIM2_IRQHandler
 .text.TIM3_IRQHandler
                0x0000000008000e3c       0x14 ./Core/Src/stm32f1xx_it.o
                0x0000000008000e3c                TIM3_IRQHandler
 .text.TIM4_IRQHandler
                0x0000000008000e50       0x14 ./Core/Src/stm32f1xx_it.o
                0x0000000008000e50                TIM4_IRQHandler
 .text.SPI2_IRQHandler
                0x0000000008000e64       0x14 ./Core/Src/stm32f1xx_it.o
                0x0000000008000e64                SPI2_IRQHandler
 .text.EXTI15_10_IRQHandler
                0x0000000008000e78       0x10 ./Core/Src/stm32f1xx_it.o
                0x0000000008000e78                EXTI15_10_IRQHandler
 .text.SystemInit
                0x0000000008000e88        0xc ./Core/Src/system_stm32f1xx.o
                0x0000000008000e88                SystemInit
 .text.initM    0x0000000008000e94       0x88 ./Core/Src/tonometer_logic.o
                0x0000000008000e94                initM
 .text.setData  0x0000000008000f1c      0x530 ./Core/Src/tonometer_logic.o
                0x0000000008000f1c                setData
 .text.getADCVal
                0x000000000800144c       0x14 ./Core/Src/tonometer_logic.o
                0x000000000800144c                getADCVal
 .text.TM_init  0x0000000008001460       0x4c ./Core/Src/tonometer_logic.o
                0x0000000008001460                TM_init
 .text.TM_start
                0x00000000080014ac       0x28 ./Core/Src/tonometer_logic.o
                0x00000000080014ac                TM_start
 .text.TM_stop  0x00000000080014d4       0x18 ./Core/Src/tonometer_logic.o
                0x00000000080014d4                TM_stop
 .text.TM_Cycle
                0x00000000080014ec       0x88 ./Core/Src/tonometer_logic.o
                0x00000000080014ec                TM_Cycle
 .text.beginPumping
                0x0000000008001574       0x70 ./Core/Src/tonometer_logic.o
                0x0000000008001574                beginPumping
 .text.beginDeflating
                0x00000000080015e4       0x48 ./Core/Src/tonometer_logic.o
                0x00000000080015e4                beginDeflating
 .text.beginFinishing
                0x000000000800162c       0x5c ./Core/Src/tonometer_logic.o
                0x000000000800162c                beginFinishing
 .text.HAL_ADC_ConvCpltCallback
                0x0000000008001688       0x88 ./Core/Src/tonometer_logic.o
                0x0000000008001688                HAL_ADC_ConvCpltCallback
 .text.HAL_TIM_PeriodElapsedCallback
                0x0000000008001710       0x5c ./Core/Src/tonometer_logic.o
                0x0000000008001710                HAL_TIM_PeriodElapsedCallback
 .text.Reset_Handler
                0x000000000800176c       0x48 ./Core/Startup/startup_stm32f103cbtx.o
                0x000000000800176c                Reset_Handler
 .text.Default_Handler
                0x00000000080017b4        0x2 ./Core/Startup/startup_stm32f103cbtx.o
                0x00000000080017b4                RTC_Alarm_IRQHandler
                0x00000000080017b4                EXTI2_IRQHandler
                0x00000000080017b4                TIM1_CC_IRQHandler
                0x00000000080017b4                PVD_IRQHandler
                0x00000000080017b4                EXTI3_IRQHandler
                0x00000000080017b4                EXTI0_IRQHandler
                0x00000000080017b4                I2C2_EV_IRQHandler
                0x00000000080017b4                SPI1_IRQHandler
                0x00000000080017b4                TAMPER_IRQHandler
                0x00000000080017b4                DMA1_Channel4_IRQHandler
                0x00000000080017b4                USART3_IRQHandler
                0x00000000080017b4                RTC_IRQHandler
                0x00000000080017b4                DMA1_Channel7_IRQHandler
                0x00000000080017b4                CAN1_RX1_IRQHandler
                0x00000000080017b4                I2C1_EV_IRQHandler
                0x00000000080017b4                DMA1_Channel6_IRQHandler
                0x00000000080017b4                RCC_IRQHandler
                0x00000000080017b4                TIM1_TRG_COM_IRQHandler
                0x00000000080017b4                DMA1_Channel1_IRQHandler
                0x00000000080017b4                Default_Handler
                0x00000000080017b4                EXTI9_5_IRQHandler
                0x00000000080017b4                DMA1_Channel5_IRQHandler
                0x00000000080017b4                EXTI4_IRQHandler
                0x00000000080017b4                USB_LP_CAN1_RX0_IRQHandler
                0x00000000080017b4                USB_HP_CAN1_TX_IRQHandler
                0x00000000080017b4                DMA1_Channel3_IRQHandler
                0x00000000080017b4                TIM1_UP_IRQHandler
                0x00000000080017b4                WWDG_IRQHandler
                0x00000000080017b4                TIM1_BRK_IRQHandler
                0x00000000080017b4                EXTI1_IRQHandler
                0x00000000080017b4                USART2_IRQHandler
                0x00000000080017b4                I2C2_ER_IRQHandler
                0x00000000080017b4                DMA1_Channel2_IRQHandler
                0x00000000080017b4                CAN1_SCE_IRQHandler
                0x00000000080017b4                FLASH_IRQHandler
                0x00000000080017b4                USART1_IRQHandler
                0x00000000080017b4                I2C1_ER_IRQHandler
                0x00000000080017b4                USBWakeUp_IRQHandler
 *fill*         0x00000000080017b6        0x2 
 .text.HAL_Init
                0x00000000080017b8       0x2c ./Drivers/STM32F1xx_HAL_Driver/Src/stm32f1xx_hal.o
                0x00000000080017b8                HAL_Init
 .text.HAL_InitTick
                0x00000000080017e4       0x60 ./Drivers/STM32F1xx_HAL_Driver/Src/stm32f1xx_hal.o
                0x00000000080017e4                HAL_InitTick
 .text.HAL_IncTick
                0x0000000008001844       0x24 ./Drivers/STM32F1xx_HAL_Driver/Src/stm32f1xx_hal.o
                0x0000000008001844                HAL_IncTick
 .text.HAL_GetTick
                0x0000000008001868       0x14 ./Drivers/STM32F1xx_HAL_Driver/Src/stm32f1xx_hal.o
                0x0000000008001868                HAL_GetTick
 .text.HAL_ADC_Init
                0x000000000800187c      0x1b0 ./Drivers/STM32F1xx_HAL_Driver/Src/stm32f1xx_hal_adc.o
                0x000000000800187c                HAL_ADC_Init
 .text.HAL_ADC_PollForConversion
                0x0000000008001a2c      0x20c ./Drivers/STM32F1xx_HAL_Driver/Src/stm32f1xx_hal_adc.o
                0x0000000008001a2c                HAL_ADC_PollForConversion
 .text.HAL_ADC_Start_IT
                0x0000000008001c38      0x16c ./Drivers/STM32F1xx_HAL_Driver/Src/stm32f1xx_hal_adc.o
                0x0000000008001c38                HAL_ADC_Start_IT
 .text.HAL_ADC_GetValue
                0x0000000008001da4       0x18 ./Drivers/STM32F1xx_HAL_Driver/Src/stm32f1xx_hal_adc.o
                0x0000000008001da4                HAL_ADC_GetValue
 .text.HAL_ADC_IRQHandler
                0x0000000008001dbc      0x17e ./Drivers/STM32F1xx_HAL_Driver/Src/stm32f1xx_hal_adc.o
                0x0000000008001dbc                HAL_ADC_IRQHandler
 .text.HAL_ADC_LevelOutOfWindowCallback
                0x0000000008001f3a       0x12 ./Drivers/STM32F1xx_HAL_Driver/Src/stm32f1xx_hal_adc.o
                0x0000000008001f3a                HAL_ADC_LevelOutOfWindowCallback
 .text.HAL_ADC_ConfigChannel
                0x0000000008001f4c      0x1f0 ./Drivers/STM32F1xx_HAL_Driver/Src/stm32f1xx_hal_adc.o
                0x0000000008001f4c                HAL_ADC_ConfigChannel
 .text.ADC_Enable
                0x000000000800213c       0xb4 ./Drivers/STM32F1xx_HAL_Driver/Src/stm32f1xx_hal_adc.o
                0x000000000800213c                ADC_Enable
 .text.ADC_ConversionStop_Disable
                0x00000000080021f0       0x82 ./Drivers/STM32F1xx_HAL_Driver/Src/stm32f1xx_hal_adc.o
                0x00000000080021f0                ADC_ConversionStop_Disable
 .text.HAL_ADCEx_InjectedConvCpltCallback
                0x0000000008002272       0x12 ./Drivers/STM32F1xx_HAL_Driver/Src/stm32f1xx_hal_adc_ex.o
                0x0000000008002272                HAL_ADCEx_InjectedConvCpltCallback
 .text.__NVIC_SetPriorityGrouping
                0x0000000008002284       0x48 ./Drivers/STM32F1xx_HAL_Driver/Src/stm32f1xx_hal_cortex.o
 .text.__NVIC_GetPriorityGrouping
                0x00000000080022cc       0x1c ./Drivers/STM32F1xx_HAL_Driver/Src/stm32f1xx_hal_cortex.o
 .text.__NVIC_EnableIRQ
                0x00000000080022e8       0x38 ./Drivers/STM32F1xx_HAL_Driver/Src/stm32f1xx_hal_cortex.o
 .text.__NVIC_SetPriority
                0x0000000008002320       0x54 ./Drivers/STM32F1xx_HAL_Driver/Src/stm32f1xx_hal_cortex.o
 .text.NVIC_EncodePriority
                0x0000000008002374       0x64 ./Drivers/STM32F1xx_HAL_Driver/Src/stm32f1xx_hal_cortex.o
 .text.SysTick_Config
                0x00000000080023d8       0x44 ./Drivers/STM32F1xx_HAL_Driver/Src/stm32f1xx_hal_cortex.o
 .text.HAL_NVIC_SetPriorityGrouping
                0x000000000800241c       0x16 ./Drivers/STM32F1xx_HAL_Driver/Src/stm32f1xx_hal_cortex.o
                0x000000000800241c                HAL_NVIC_SetPriorityGrouping
 .text.HAL_NVIC_SetPriority
                0x0000000008002432       0x38 ./Drivers/STM32F1xx_HAL_Driver/Src/stm32f1xx_hal_cortex.o
                0x0000000008002432                HAL_NVIC_SetPriority
 .text.HAL_NVIC_EnableIRQ
                0x000000000800246a       0x1c ./Drivers/STM32F1xx_HAL_Driver/Src/stm32f1xx_hal_cortex.o
                0x000000000800246a                HAL_NVIC_EnableIRQ
 .text.HAL_SYSTICK_Config
                0x0000000008002486       0x18 ./Drivers/STM32F1xx_HAL_Driver/Src/stm32f1xx_hal_cortex.o
                0x0000000008002486                HAL_SYSTICK_Config
 *fill*         0x000000000800249e        0x2 
 .text.HAL_DMA_Abort_IT
                0x00000000080024a0       0xf0 ./Drivers/STM32F1xx_HAL_Driver/Src/stm32f1xx_hal_dma.o
                0x00000000080024a0                HAL_DMA_Abort_IT
 .text.HAL_GPIO_Init
                0x0000000008002590      0x308 ./Drivers/STM32F1xx_HAL_Driver/Src/stm32f1xx_hal_gpio.o
                0x0000000008002590                HAL_GPIO_Init
 .text.HAL_GPIO_ReadPin
                0x0000000008002898       0x2e ./Drivers/STM32F1xx_HAL_Driver/Src/stm32f1xx_hal_gpio.o
                0x0000000008002898                HAL_GPIO_ReadPin
 .text.HAL_GPIO_WritePin
                0x00000000080028c6       0x30 ./Drivers/STM32F1xx_HAL_Driver/Src/stm32f1xx_hal_gpio.o
                0x00000000080028c6                HAL_GPIO_WritePin
 *fill*         0x00000000080028f6        0x2 
 .text.HAL_GPIO_EXTI_IRQHandler
                0x00000000080028f8       0x30 ./Drivers/STM32F1xx_HAL_Driver/Src/stm32f1xx_hal_gpio.o
                0x00000000080028f8                HAL_GPIO_EXTI_IRQHandler
 .text.HAL_RCC_OscConfig
                0x0000000008002928      0x504 ./Drivers/STM32F1xx_HAL_Driver/Src/stm32f1xx_hal_rcc.o
                0x0000000008002928                HAL_RCC_OscConfig
 .text.HAL_RCC_ClockConfig
                0x0000000008002e2c      0x1d4 ./Drivers/STM32F1xx_HAL_Driver/Src/stm32f1xx_hal_rcc.o
                0x0000000008002e2c                HAL_RCC_ClockConfig
 .text.HAL_RCC_GetSysClockFreq
                0x0000000008003000       0xac ./Drivers/STM32F1xx_HAL_Driver/Src/stm32f1xx_hal_rcc.o
                0x0000000008003000                HAL_RCC_GetSysClockFreq
 .text.HAL_RCC_GetHCLKFreq
                0x00000000080030ac       0x14 ./Drivers/STM32F1xx_HAL_Driver/Src/stm32f1xx_hal_rcc.o
                0x00000000080030ac                HAL_RCC_GetHCLKFreq
 .text.HAL_RCC_GetPCLK1Freq
                0x00000000080030c0       0x28 ./Drivers/STM32F1xx_HAL_Driver/Src/stm32f1xx_hal_rcc.o
                0x00000000080030c0                HAL_RCC_GetPCLK1Freq
 .text.HAL_RCC_GetPCLK2Freq
                0x00000000080030e8       0x28 ./Drivers/STM32F1xx_HAL_Driver/Src/stm32f1xx_hal_rcc.o
                0x00000000080030e8                HAL_RCC_GetPCLK2Freq
 .text.RCC_Delay
                0x0000000008003110       0x3c ./Drivers/STM32F1xx_HAL_Driver/Src/stm32f1xx_hal_rcc.o
 .text.HAL_RCCEx_PeriphCLKConfig
                0x000000000800314c      0x16c ./Drivers/STM32F1xx_HAL_Driver/Src/stm32f1xx_hal_rcc_ex.o
                0x000000000800314c                HAL_RCCEx_PeriphCLKConfig
 .text.HAL_RCCEx_GetPeriphCLKFreq
                0x00000000080032b8      0x16c ./Drivers/STM32F1xx_HAL_Driver/Src/stm32f1xx_hal_rcc_ex.o
                0x00000000080032b8                HAL_RCCEx_GetPeriphCLKFreq
 .text.HAL_SPI_Init
                0x0000000008003424      0x108 ./Drivers/STM32F1xx_HAL_Driver/Src/stm32f1xx_hal_spi.o
                0x0000000008003424                HAL_SPI_Init
 .text.HAL_SPI_TransmitReceive_IT
                0x000000000800352c      0x11c ./Drivers/STM32F1xx_HAL_Driver/Src/stm32f1xx_hal_spi.o
                0x000000000800352c                HAL_SPI_TransmitReceive_IT
 .text.HAL_SPI_IRQHandler
                0x0000000008003648      0x1cc ./Drivers/STM32F1xx_HAL_Driver/Src/stm32f1xx_hal_spi.o
                0x0000000008003648                HAL_SPI_IRQHandler
 .text.HAL_SPI_RxCpltCallback
                0x0000000008003814       0x12 ./Drivers/STM32F1xx_HAL_Driver/Src/stm32f1xx_hal_spi.o
                0x0000000008003814                HAL_SPI_RxCpltCallback
 .text.SPI_DMAAbortOnError
                0x0000000008003826       0x28 ./Drivers/STM32F1xx_HAL_Driver/Src/stm32f1xx_hal_spi.o
 .text.SPI_2linesRxISR_8BIT
                0x000000000800384e       0x64 ./Drivers/STM32F1xx_HAL_Driver/Src/stm32f1xx_hal_spi.o
 .text.SPI_2linesTxISR_8BIT
                0x00000000080038b2       0x60 ./Drivers/STM32F1xx_HAL_Driver/Src/stm32f1xx_hal_spi.o
 .text.SPI_2linesRxISR_16BIT
                0x0000000008003912       0x60 ./Drivers/STM32F1xx_HAL_Driver/Src/stm32f1xx_hal_spi.o
 .text.SPI_2linesTxISR_16BIT
                0x0000000008003972       0x5e ./Drivers/STM32F1xx_HAL_Driver/Src/stm32f1xx_hal_spi.o
 .text.SPI_WaitFlagStateUntilTimeout
                0x00000000080039d0      0x110 ./Drivers/STM32F1xx_HAL_Driver/Src/stm32f1xx_hal_spi.o
 .text.SPI_EndRxTxTransaction
                0x0000000008003ae0       0x62 ./Drivers/STM32F1xx_HAL_Driver/Src/stm32f1xx_hal_spi.o
 *fill*         0x0000000008003b42        0x2 
 .text.SPI_CloseRxTx_ISR
                0x0000000008003b44       0xe8 ./Drivers/STM32F1xx_HAL_Driver/Src/stm32f1xx_hal_spi.o
 .text.HAL_TIM_Base_Init
                0x0000000008003c2c       0x9e ./Drivers/STM32F1xx_HAL_Driver/Src/stm32f1xx_hal_tim.o
                0x0000000008003c2c                HAL_TIM_Base_Init
 .text.HAL_TIM_Base_Stop
                0x0000000008003cca       0x4c ./Drivers/STM32F1xx_HAL_Driver/Src/stm32f1xx_hal_tim.o
                0x0000000008003cca                HAL_TIM_Base_Stop
 *fill*         0x0000000008003d16        0x2 
 .text.HAL_TIM_Base_Start_IT
                0x0000000008003d18       0xa4 ./Drivers/STM32F1xx_HAL_Driver/Src/stm32f1xx_hal_tim.o
                0x0000000008003d18                HAL_TIM_Base_Start_IT
 .text.HAL_TIM_Base_Stop_IT
                0x0000000008003dbc       0x5c ./Drivers/STM32F1xx_HAL_Driver/Src/stm32f1xx_hal_tim.o
                0x0000000008003dbc                HAL_TIM_Base_Stop_IT
 .text.HAL_TIM_PWM_Init
                0x0000000008003e18       0x9e ./Drivers/STM32F1xx_HAL_Driver/Src/stm32f1xx_hal_tim.o
                0x0000000008003e18                HAL_TIM_PWM_Init
 .text.HAL_TIM_PWM_MspInit
                0x0000000008003eb6       0x12 ./Drivers/STM32F1xx_HAL_Driver/Src/stm32f1xx_hal_tim.o
                0x0000000008003eb6                HAL_TIM_PWM_MspInit
 .text.HAL_TIM_OnePulse_Init
                0x0000000008003ec8       0xa0 ./Drivers/STM32F1xx_HAL_Driver/Src/stm32f1xx_hal_tim.o
                0x0000000008003ec8                HAL_TIM_OnePulse_Init
 .text.HAL_TIM_OnePulse_MspInit
                0x0000000008003f68       0x12 ./Drivers/STM32F1xx_HAL_Driver/Src/stm32f1xx_hal_tim.o
                0x0000000008003f68                HAL_TIM_OnePulse_MspInit
 .text.HAL_TIM_IRQHandler
                0x0000000008003f7a      0x1e0 ./Drivers/STM32F1xx_HAL_Driver/Src/stm32f1xx_hal_tim.o
                0x0000000008003f7a                HAL_TIM_IRQHandler
 *fill*         0x000000000800415a        0x2 
 .text.HAL_TIM_PWM_ConfigChannel
                0x000000000800415c      0x184 ./Drivers/STM32F1xx_HAL_Driver/Src/stm32f1xx_hal_tim.o
                0x000000000800415c                HAL_TIM_PWM_ConfigChannel
 .text.HAL_TIM_ConfigClockSource
                0x00000000080042e0      0x18e ./Drivers/STM32F1xx_HAL_Driver/Src/stm32f1xx_hal_tim.o
                0x00000000080042e0                HAL_TIM_ConfigClockSource
 .text.HAL_TIM_OC_DelayElapsedCallback
                0x000000000800446e       0x12 ./Drivers/STM32F1xx_HAL_Driver/Src/stm32f1xx_hal_tim.o
                0x000000000800446e                HAL_TIM_OC_DelayElapsedCallback
 .text.HAL_TIM_IC_CaptureCallback
                0x0000000008004480       0x12 ./Drivers/STM32F1xx_HAL_Driver/Src/stm32f1xx_hal_tim.o
                0x0000000008004480                HAL_TIM_IC_CaptureCallback
 .text.HAL_TIM_PWM_PulseFinishedCallback
                0x0000000008004492       0x12 ./Drivers/STM32F1xx_HAL_Driver/Src/stm32f1xx_hal_tim.o
                0x0000000008004492                HAL_TIM_PWM_PulseFinishedCallback
 .text.HAL_TIM_TriggerCallback
                0x00000000080044a4       0x12 ./Drivers/STM32F1xx_HAL_Driver/Src/stm32f1xx_hal_tim.o
                0x00000000080044a4                HAL_TIM_TriggerCallback
 *fill*         0x00000000080044b6        0x2 
 .text.TIM_Base_SetConfig
                0x00000000080044b8       0xd0 ./Drivers/STM32F1xx_HAL_Driver/Src/stm32f1xx_hal_tim.o
                0x00000000080044b8                TIM_Base_SetConfig
 .text.TIM_OC1_SetConfig
                0x0000000008004588       0xd0 ./Drivers/STM32F1xx_HAL_Driver/Src/stm32f1xx_hal_tim.o
 .text.TIM_OC2_SetConfig
                0x0000000008004658       0xd8 ./Drivers/STM32F1xx_HAL_Driver/Src/stm32f1xx_hal_tim.o
                0x0000000008004658                TIM_OC2_SetConfig
 .text.TIM_OC3_SetConfig
                0x0000000008004730       0xd8 ./Drivers/STM32F1xx_HAL_Driver/Src/stm32f1xx_hal_tim.o
 .text.TIM_OC4_SetConfig
                0x0000000008004808       0x9c ./Drivers/STM32F1xx_HAL_Driver/Src/stm32f1xx_hal_tim.o
 .text.TIM_TI1_ConfigInputStage
                0x00000000080048a4       0x74 ./Drivers/STM32F1xx_HAL_Driver/Src/stm32f1xx_hal_tim.o
 .text.TIM_TI2_ConfigInputStage
                0x0000000008004918       0x78 ./Drivers/STM32F1xx_HAL_Driver/Src/stm32f1xx_hal_tim.o
 .text.TIM_ITRx_SetConfig
                0x0000000008004990       0x34 ./Drivers/STM32F1xx_HAL_Driver/Src/stm32f1xx_hal_tim.o
 .text.TIM_ETR_SetConfig
                0x00000000080049c4       0x3e ./Drivers/STM32F1xx_HAL_Driver/Src/stm32f1xx_hal_tim.o
                0x00000000080049c4                TIM_ETR_SetConfig
 *fill*         0x0000000008004a02        0x2 
 .text.HAL_TIMEx_MasterConfigSynchronization
                0x0000000008004a04       0xbc ./Drivers/STM32F1xx_HAL_Driver/Src/stm32f1xx_hal_tim_ex.o
                0x0000000008004a04                HAL_TIMEx_MasterConfigSynchronization
 .text.HAL_TIMEx_CommutCallback
                0x0000000008004ac0       0x12 ./Drivers/STM32F1xx_HAL_Driver/Src/stm32f1xx_hal_tim_ex.o
                0x0000000008004ac0                HAL_TIMEx_CommutCallback
 .text.HAL_TIMEx_BreakCallback
                0x0000000008004ad2       0x12 ./Drivers/STM32F1xx_HAL_Driver/Src/stm32f1xx_hal_tim_ex.o
                0x0000000008004ad2                HAL_TIMEx_BreakCallback
 .text.HAL_UART_Init
                0x0000000008004ae4       0xa0 ./Drivers/STM32F1xx_HAL_Driver/Src/stm32f1xx_hal_uart.o
                0x0000000008004ae4                HAL_UART_Init
 .text.HAL_UART_Transmit
                0x0000000008004b84      0x116 ./Drivers/STM32F1xx_HAL_Driver/Src/stm32f1xx_hal_uart.o
                0x0000000008004b84                HAL_UART_Transmit
 .text.HAL_UART_Receive_IT
                0x0000000008004c9a       0x4a ./Drivers/STM32F1xx_HAL_Driver/Src/stm32f1xx_hal_uart.o
                0x0000000008004c9a                HAL_UART_Receive_IT
 .text.UART_WaitOnFlagUntilTimeout
                0x0000000008004ce4       0xb2 ./Drivers/STM32F1xx_HAL_Driver/Src/stm32f1xx_hal_uart.o
 .text.UART_Start_Receive_IT
                0x0000000008004d96       0x72 ./Drivers/STM32F1xx_HAL_Driver/Src/stm32f1xx_hal_uart.o
                0x0000000008004d96                UART_Start_Receive_IT
 .text.UART_EndRxTransfer
                0x0000000008004e08       0xc4 ./Drivers/STM32F1xx_HAL_Driver/Src/stm32f1xx_hal_uart.o
 .text.UART_SetConfig
                0x0000000008004ecc      0x11c ./Drivers/STM32F1xx_HAL_Driver/Src/stm32f1xx_hal_uart.o
 .text.HAL_GPIO_EXTI_Callback
                0x0000000008004fe8       0xd4 ./Libraries/Src/SPI_Connection.o
                0x0000000008004fe8                HAL_GPIO_EXTI_Callback
 .text.switchBuffer
                0x00000000080050bc       0x44 ./Libraries/Src/SPI_Connection.o
                0x00000000080050bc                switchBuffer
 .text.HAL_SPI_TxRxCpltCallback
                0x0000000008005100       0x68 ./Libraries/Src/SPI_Connection.o
                0x0000000008005100                HAL_SPI_TxRxCpltCallback
 .text.HAL_SPI_ErrorCallback
                0x0000000008005168       0x12 ./Libraries/Src/SPI_Connection.o
                0x0000000008005168                HAL_SPI_ErrorCallback
 *fill*         0x000000000800517a        0x2 
 .text.__libc_init_array
                0x000000000800517c       0x48 c:/program files/stmicroelectronics/stm32cubeide_1.12.0/stm32cubeide/plugins/com.st.stm32cube.ide.mcu.externaltools.gnu-tools-for-stm32.10.3-2021.10.win32_1.0.200.202301161003/tools/bin/../lib/gcc/arm-none-eabi/10.3.1/../../../../arm-none-eabi/lib/thumb/v7-m/nofp\libc_nano.a(lib_a-init.o)
                0x000000000800517c                __libc_init_array
 .text.memcpy   0x00000000080051c4       0x1c c:/program files/stmicroelectronics/stm32cubeide_1.12.0/stm32cubeide/plugins/com.st.stm32cube.ide.mcu.externaltools.gnu-tools-for-stm32.10.3-2021.10.win32_1.0.200.202301161003/tools/bin/../lib/gcc/arm-none-eabi/10.3.1/../../../../arm-none-eabi/lib/thumb/v7-m/nofp\libc_nano.a(lib_a-memcpy-stub.o)
                0x00000000080051c4                memcpy
 .text.memset   0x00000000080051e0       0x10 c:/program files/stmicroelectronics/stm32cubeide_1.12.0/stm32cubeide/plugins/com.st.stm32cube.ide.mcu.externaltools.gnu-tools-for-stm32.10.3-2021.10.win32_1.0.200.202301161003/tools/bin/../lib/gcc/arm-none-eabi/10.3.1/../../../../arm-none-eabi/lib/thumb/v7-m/nofp\libc_nano.a(lib_a-memset.o)
                0x00000000080051e0                memset
 *(.glue_7)
 .glue_7        0x00000000080051f0        0x0 linker stubs
 *(.glue_7t)
 .glue_7t       0x00000000080051f0        0x0 linker stubs
 *(.eh_frame)
 .eh_frame      0x00000000080051f0        0x0 c:/program files/stmicroelectronics/stm32cubeide_1.12.0/stm32cubeide/plugins/com.st.stm32cube.ide.mcu.externaltools.gnu-tools-for-stm32.10.3-2021.10.win32_1.0.200.202301161003/tools/bin/../lib/gcc/arm-none-eabi/10.3.1/thumb/v7-m/nofp/crtbegin.o
 *(.init)
 .init          0x00000000080051f0        0x4 c:/program files/stmicroelectronics/stm32cubeide_1.12.0/stm32cubeide/plugins/com.st.stm32cube.ide.mcu.externaltools.gnu-tools-for-stm32.10.3-2021.10.win32_1.0.200.202301161003/tools/bin/../lib/gcc/arm-none-eabi/10.3.1/thumb/v7-m/nofp/crti.o
                0x00000000080051f0                _init
 .init          0x00000000080051f4        0x8 c:/program files/stmicroelectronics/stm32cubeide_1.12.0/stm32cubeide/plugins/com.st.stm32cube.ide.mcu.externaltools.gnu-tools-for-stm32.10.3-2021.10.win32_1.0.200.202301161003/tools/bin/../lib/gcc/arm-none-eabi/10.3.1/thumb/v7-m/nofp/crtn.o
 *(.fini)
 .fini          0x00000000080051fc        0x4 c:/program files/stmicroelectronics/stm32cubeide_1.12.0/stm32cubeide/plugins/com.st.stm32cube.ide.mcu.externaltools.gnu-tools-for-stm32.10.3-2021.10.win32_1.0.200.202301161003/tools/bin/../lib/gcc/arm-none-eabi/10.3.1/thumb/v7-m/nofp/crti.o
                0x00000000080051fc                _fini
 .fini          0x0000000008005200        0x8 c:/program files/stmicroelectronics/stm32cubeide_1.12.0/stm32cubeide/plugins/com.st.stm32cube.ide.mcu.externaltools.gnu-tools-for-stm32.10.3-2021.10.win32_1.0.200.202301161003/tools/bin/../lib/gcc/arm-none-eabi/10.3.1/thumb/v7-m/nofp/crtn.o
                0x0000000008005208                . = ALIGN (0x4)
                0x0000000008005208                _etext = .

.vfp11_veneer   0x0000000008005208        0x0
 .vfp11_veneer  0x0000000008005208        0x0 linker stubs

.v4_bx          0x0000000008005208        0x0
 .v4_bx         0x0000000008005208        0x0 linker stubs

.iplt           0x0000000008005208        0x0
 .iplt          0x0000000008005208        0x0 c:/program files/stmicroelectronics/stm32cubeide_1.12.0/stm32cubeide/plugins/com.st.stm32cube.ide.mcu.externaltools.gnu-tools-for-stm32.10.3-2021.10.win32_1.0.200.202301161003/tools/bin/../lib/gcc/arm-none-eabi/10.3.1/thumb/v7-m/nofp/crtbegin.o

.rodata         0x0000000008005208       0x40
                0x0000000008005208                . = ALIGN (0x4)
 *(.rodata)
 *(.rodata*)
 .rodata.AHBPrescTable
                0x0000000008005208       0x10 ./Core/Src/system_stm32f1xx.o
                0x0000000008005208                AHBPrescTable
 .rodata.APBPrescTable
                0x0000000008005218        0x8 ./Core/Src/system_stm32f1xx.o
                0x0000000008005218                APBPrescTable
 .rodata.aPLLMULFactorTable.1
                0x0000000008005220       0x10 ./Drivers/STM32F1xx_HAL_Driver/Src/stm32f1xx_hal_rcc.o
 .rodata.aPredivFactorTable.0
                0x0000000008005230        0x2 ./Drivers/STM32F1xx_HAL_Driver/Src/stm32f1xx_hal_rcc.o
 *fill*         0x0000000008005232        0x2 
 .rodata.aPLLMULFactorTable.1
                0x0000000008005234       0x10 ./Drivers/STM32F1xx_HAL_Driver/Src/stm32f1xx_hal_rcc_ex.o
 .rodata.aPredivFactorTable.0
                0x0000000008005244        0x2 ./Drivers/STM32F1xx_HAL_Driver/Src/stm32f1xx_hal_rcc_ex.o
                0x0000000008005248                . = ALIGN (0x4)
 *fill*         0x0000000008005246        0x2 

.rel.dyn        0x0000000008005248        0x0
 .rel.iplt      0x0000000008005248        0x0 c:/program files/stmicroelectronics/stm32cubeide_1.12.0/stm32cubeide/plugins/com.st.stm32cube.ide.mcu.externaltools.gnu-tools-for-stm32.10.3-2021.10.win32_1.0.200.202301161003/tools/bin/../lib/gcc/arm-none-eabi/10.3.1/thumb/v7-m/nofp/crtbegin.o

.ARM.extab      0x0000000008005248        0x0
                0x0000000008005248                . = ALIGN (0x4)
 *(.ARM.extab* .gnu.linkonce.armextab.*)
                0x0000000008005248                . = ALIGN (0x4)

.ARM            0x0000000008005248        0x0
                0x0000000008005248                . = ALIGN (0x4)
                0x0000000008005248                __exidx_start = .
 *(.ARM.exidx*)
                0x0000000008005248                __exidx_end = .
                0x0000000008005248                . = ALIGN (0x4)

.preinit_array  0x0000000008005248        0x0
                0x0000000008005248                . = ALIGN (0x4)
                0x0000000008005248                PROVIDE (__preinit_array_start = .)
 *(.preinit_array*)
                0x0000000008005248                PROVIDE (__preinit_array_end = .)
                0x0000000008005248                . = ALIGN (0x4)

.init_array     0x0000000008005248        0x4
                0x0000000008005248                . = ALIGN (0x4)
                0x0000000008005248                PROVIDE (__init_array_start = .)
 *(SORT_BY_NAME(.init_array.*))
 *(.init_array*)
 .init_array    0x0000000008005248        0x4 c:/program files/stmicroelectronics/stm32cubeide_1.12.0/stm32cubeide/plugins/com.st.stm32cube.ide.mcu.externaltools.gnu-tools-for-stm32.10.3-2021.10.win32_1.0.200.202301161003/tools/bin/../lib/gcc/arm-none-eabi/10.3.1/thumb/v7-m/nofp/crtbegin.o
                0x000000000800524c                PROVIDE (__init_array_end = .)
                0x000000000800524c                . = ALIGN (0x4)

.fini_array     0x000000000800524c        0x4
                0x000000000800524c                . = ALIGN (0x4)
                [!provide]                        PROVIDE (__fini_array_start = .)
 *(SORT_BY_NAME(.fini_array.*))
 *(.fini_array*)
 .fini_array    0x000000000800524c        0x4 c:/program files/stmicroelectronics/stm32cubeide_1.12.0/stm32cubeide/plugins/com.st.stm32cube.ide.mcu.externaltools.gnu-tools-for-stm32.10.3-2021.10.win32_1.0.200.202301161003/tools/bin/../lib/gcc/arm-none-eabi/10.3.1/thumb/v7-m/nofp/crtbegin.o
                [!provide]                        PROVIDE (__fini_array_end = .)
                0x0000000008005250                . = ALIGN (0x4)
                0x0000000008005250                _sidata = LOADADDR (.data)

.data           0x0000000020000000       0x14 load address 0x0000000008005250
                0x0000000020000000                . = ALIGN (0x4)
                0x0000000020000000                _sdata = .
 *(.data)
 *(.data*)
 .data.SystemCoreClock
                0x0000000020000000        0x4 ./Core/Src/system_stm32f1xx.o
                0x0000000020000000                SystemCoreClock
 .data.prevValue
                0x0000000020000004        0x2 ./Core/Src/tonometer_logic.o
                0x0000000020000004                prevValue
 .data.jPrev    0x0000000020000006        0x1 ./Core/Src/tonometer_logic.o
                0x0000000020000006                jPrev
 *fill*         0x0000000020000007        0x1 
 .data.prevPeak
                0x0000000020000008        0x2 ./Core/Src/tonometer_logic.o
                0x0000000020000008                prevPeak
 *fill*         0x000000002000000a        0x2 
 .data.uwTickPrio
                0x000000002000000c        0x4 ./Drivers/STM32F1xx_HAL_Driver/Src/stm32f1xx_hal.o
                0x000000002000000c                uwTickPrio
 .data.uwTickFreq
                0x0000000020000010        0x1 ./Drivers/STM32F1xx_HAL_Driver/Src/stm32f1xx_hal.o
                0x0000000020000010                uwTickFreq
 *(.RamFunc)
 *(.RamFunc*)
                0x0000000020000014                . = ALIGN (0x4)
 *fill*         0x0000000020000011        0x3 
                0x0000000020000014                _edata = .

.igot.plt       0x0000000020000014        0x0 load address 0x0000000008005264
 .igot.plt      0x0000000020000014        0x0 c:/program files/stmicroelectronics/stm32cubeide_1.12.0/stm32cubeide/plugins/com.st.stm32cube.ide.mcu.externaltools.gnu-tools-for-stm32.10.3-2021.10.win32_1.0.200.202301161003/tools/bin/../lib/gcc/arm-none-eabi/10.3.1/thumb/v7-m/nofp/crtbegin.o
                0x0000000020000014                . = ALIGN (0x4)

.bss            0x0000000020000014      0xb04 load address 0x0000000008005264
                0x0000000020000014                _sbss = .
                0x0000000020000014                __bss_start__ = _sbss
 *(.bss)
 .bss           0x0000000020000014       0x1c c:/program files/stmicroelectronics/stm32cubeide_1.12.0/stm32cubeide/plugins/com.st.stm32cube.ide.mcu.externaltools.gnu-tools-for-stm32.10.3-2021.10.win32_1.0.200.202301161003/tools/bin/../lib/gcc/arm-none-eabi/10.3.1/thumb/v7-m/nofp/crtbegin.o
 *(.bss*)
 .bss.measurement_works
                0x0000000020000030        0x1 ./Core/Src/exp_measurement.o
                0x0000000020000030                measurement_works
 *fill*         0x0000000020000031        0x3 
 .bss.measurement_time
                0x0000000020000034        0x4 ./Core/Src/exp_measurement.o
                0x0000000020000034                measurement_time
 .bss.uart1_rx_buf
                0x0000000020000038        0x2 ./Core/Src/exp_protocol.o
                0x0000000020000038                uart1_rx_buf
 *fill*         0x000000002000003a        0x2 
 .bss.uart1_tx_buf
                0x000000002000003c        0x7 ./Core/Src/exp_protocol.o
                0x000000002000003c                uart1_tx_buf
 .bss.uart1_rx_complete
                0x0000000020000043        0x1 ./Core/Src/exp_protocol.o
                0x0000000020000043                uart1_rx_complete
 .bss.hadc1     0x0000000020000044       0x30 ./Core/Src/main.o
                0x0000000020000044                hadc1
 .bss.hadc2     0x0000000020000074       0x30 ./Core/Src/main.o
                0x0000000020000074                hadc2
 .bss.hspi1     0x00000000200000a4       0x58 ./Core/Src/main.o
                0x00000000200000a4                hspi1
 .bss.hspi2     0x00000000200000fc       0x58 ./Core/Src/main.o
                0x00000000200000fc                hspi2
 .bss.htim2     0x0000000020000154       0x48 ./Core/Src/main.o
                0x0000000020000154                htim2
 .bss.htim3     0x000000002000019c       0x48 ./Core/Src/main.o
                0x000000002000019c                htim3
 .bss.htim4     0x00000000200001e4       0x48 ./Core/Src/main.o
                0x00000000200001e4                htim4
 .bss.huart1    0x000000002000022c       0x48 ./Core/Src/main.o
                0x000000002000022c                huart1
 .bss.need_to_send
                0x0000000020000274        0x1 ./Core/Src/main.o
                0x0000000020000274                need_to_send
 *fill*         0x0000000020000275        0x3 
 .bss.peaksM    0x0000000020000278      0x190 ./Core/Src/tonometer_logic.o
                0x0000000020000278                peaksM
 .bss.pressuresM
                0x0000000020000408      0x190 ./Core/Src/tonometer_logic.o
                0x0000000020000408                pressuresM
 .bss.absoluteCounter
                0x0000000020000598        0x2 ./Core/Src/tonometer_logic.o
                0x0000000020000598                absoluteCounter
 .bss.valuesCounter
                0x000000002000059a        0x2 ./Core/Src/tonometer_logic.o
                0x000000002000059a                valuesCounter
 .bss.risingSequenceEnd
                0x000000002000059c        0x2 ./Core/Src/tonometer_logic.o
                0x000000002000059c                risingSequenceEnd
 .bss.tmp       0x000000002000059e        0x2 ./Core/Src/tonometer_logic.o
                0x000000002000059e                tmp
 .bss.medianBuffer
                0x00000000200005a0        0xc ./Core/Src/tonometer_logic.o
                0x00000000200005a0                medianBuffer
 .bss.countersBuffer
                0x00000000200005ac        0xc ./Core/Src/tonometer_logic.o
                0x00000000200005ac                countersBuffer
 .bss.pressuresBuffer
                0x00000000200005b8        0xc ./Core/Src/tonometer_logic.o
                0x00000000200005b8                pressuresBuffer
 .bss.medianCounter
                0x00000000200005c4        0x1 ./Core/Src/tonometer_logic.o
                0x00000000200005c4                medianCounter
 .bss.rising    0x00000000200005c5        0x1 ./Core/Src/tonometer_logic.o
                0x00000000200005c5                rising
 .bss.bigRise   0x00000000200005c6        0x1 ./Core/Src/tonometer_logic.o
                0x00000000200005c6                bigRise
 .bss.j         0x00000000200005c7        0x1 ./Core/Src/tonometer_logic.o
                0x00000000200005c7                j
 .bss.k         0x00000000200005c8        0x1 ./Core/Src/tonometer_logic.o
                0x00000000200005c8                k
 .bss.uppers    0x00000000200005c9        0x1 ./Core/Src/tonometer_logic.o
                0x00000000200005c9                uppers
 .bss.equals    0x00000000200005ca        0x1 ./Core/Src/tonometer_logic.o
                0x00000000200005ca                equals
 .bss.overCtr   0x00000000200005cb        0x1 ./Core/Src/tonometer_logic.o
                0x00000000200005cb                overCtr
 .bss.TMS       0x00000000200005cc        0x1 ./Core/Src/tonometer_logic.o
                0x00000000200005cc                TMS
 *fill*         0x00000000200005cd        0x1 
 .bss.lastMainPressure
                0x00000000200005ce        0x2 ./Core/Src/tonometer_logic.o
                0x00000000200005ce                lastMainPressure
 .bss.pulsePressure
                0x00000000200005d0        0x2 ./Core/Src/tonometer_logic.o
                0x00000000200005d0                pulsePressure
 .bss.gotResult
                0x00000000200005d2        0x1 ./Core/Src/tonometer_logic.o
                0x00000000200005d2                gotResult
 .bss.newValue  0x00000000200005d3        0x1 ./Core/Src/tonometer_logic.o
                0x00000000200005d3                newValue
 .bss.timerCnt  0x00000000200005d4        0x2 ./Core/Src/tonometer_logic.o
                0x00000000200005d4                timerCnt
 *fill*         0x00000000200005d6        0x2 
 .bss.ADC_val   0x00000000200005d8        0x4 ./Core/Src/tonometer_logic.o
                0x00000000200005d8                ADC_val
 .bss.uwTick    0x00000000200005dc        0x4 ./Drivers/STM32F1xx_HAL_Driver/Src/stm32f1xx_hal.o
                0x00000000200005dc                uwTick
 .bss.spi_rx_complete
                0x00000000200005e0        0x1 ./Libraries/Src/SPI_Connection.o
                0x00000000200005e0                spi_rx_complete
 .bss.response_ready
                0x00000000200005e1        0x1 ./Libraries/Src/SPI_Connection.o
                0x00000000200005e1                response_ready
 .bss.spi_state
                0x00000000200005e2        0x1 ./Libraries/Src/SPI_Connection.o
                0x00000000200005e2                spi_state
 *fill*         0x00000000200005e3        0x1 
 .bss.response_frame
                0x00000000200005e4      0x108 ./Libraries/Src/SPI_Connection.o
                0x00000000200005e4                response_frame
 .bss.safe_command_frame
                0x00000000200006ec      0x108 ./Libraries/Src/SPI_Connection.o
                0x00000000200006ec                safe_command_frame
 .bss.dummy_frame
                0x00000000200007f4      0x108 ./Libraries/Src/SPI_Connection.o
                0x00000000200007f4                dummy_frame
 .bss.trash_frame
                0x00000000200008fc      0x108 ./Libraries/Src/SPI_Connection.o
                0x00000000200008fc                trash_frame
 .bss.spi_tx_ptr
                0x0000000020000a04        0x4 ./Libraries/Src/SPI_Connection.o
                0x0000000020000a04                spi_tx_ptr
 .bss.spi_rx_ptr
                0x0000000020000a08        0x4 ./Libraries/Src/SPI_Connection.o
                0x0000000020000a08                spi_rx_ptr
 .bss.new_response_frame
                0x0000000020000a0c        0x4 ./Libraries/Src/SPI_Connection.o
                0x0000000020000a0c                new_response_frame
 .bss.wait_response_frame
                0x0000000020000a10      0x108 ./Libraries/Src/SPI_Connection.o
                0x0000000020000a10                wait_response_frame
 *(COMMON)
                0x0000000020000b18                . = ALIGN (0x4)
                0x0000000020000b18                _ebss = .
                0x0000000020000b18                __bss_end__ = _ebss

._user_heap_stack
                0x0000000020000b18      0x600 load address 0x0000000008005264
                0x0000000020000b18                . = ALIGN (0x8)
                [!provide]                        PROVIDE (end = .)
                0x0000000020000b18                PROVIDE (_end = .)
                0x0000000020000d18                . = (. + _Min_Heap_Size)
 *fill*         0x0000000020000b18      0x200 
                0x0000000020001118                . = (. + _Min_Stack_Size)
 *fill*         0x0000000020000d18      0x400 
                0x0000000020001118                . = ALIGN (0x8)

/DISCARD/
 libc.a(*)
 libm.a(*)
 libgcc.a(*)

.ARM.attributes
                0x0000000000000000       0x29
 *(.ARM.attributes)
 .ARM.attributes
                0x0000000000000000       0x1d c:/program files/stmicroelectronics/stm32cubeide_1.12.0/stm32cubeide/plugins/com.st.stm32cube.ide.mcu.externaltools.gnu-tools-for-stm32.10.3-2021.10.win32_1.0.200.202301161003/tools/bin/../lib/gcc/arm-none-eabi/10.3.1/thumb/v7-m/nofp/crti.o
 .ARM.attributes
                0x000000000000001d       0x2d c:/program files/stmicroelectronics/stm32cubeide_1.12.0/stm32cubeide/plugins/com.st.stm32cube.ide.mcu.externaltools.gnu-tools-for-stm32.10.3-2021.10.win32_1.0.200.202301161003/tools/bin/../lib/gcc/arm-none-eabi/10.3.1/thumb/v7-m/nofp/crtbegin.o
 .ARM.attributes
                0x000000000000004a       0x2d ./Core/Src/exp_measurement.o
 .ARM.attributes
                0x0000000000000077       0x2d ./Core/Src/exp_protocol.o
 .ARM.attributes
                0x00000000000000a4       0x2d ./Core/Src/main.o
 .ARM.attributes
                0x00000000000000d1       0x2d ./Core/Src/stm32f1xx_hal_msp.o
 .ARM.attributes
                0x00000000000000fe       0x2d ./Core/Src/stm32f1xx_it.o
 .ARM.attributes
                0x000000000000012b       0x2d ./Core/Src/system_stm32f1xx.o
 .ARM.attributes
                0x0000000000000158       0x2d ./Core/Src/tonometer_logic.o
 .ARM.attributes
                0x0000000000000185       0x21 ./Core/Startup/startup_stm32f103cbtx.o
 .ARM.attributes
                0x00000000000001a6       0x2d ./Drivers/STM32F1xx_HAL_Driver/Src/stm32f1xx_hal.o
 .ARM.attributes
                0x00000000000001d3       0x2d ./Drivers/STM32F1xx_HAL_Driver/Src/stm32f1xx_hal_adc.o
 .ARM.attributes
                0x0000000000000200       0x2d ./Drivers/STM32F1xx_HAL_Driver/Src/stm32f1xx_hal_adc_ex.o
 .ARM.attributes
                0x000000000000022d       0x2d ./Drivers/STM32F1xx_HAL_Driver/Src/stm32f1xx_hal_cortex.o
 .ARM.attributes
                0x000000000000025a       0x2d ./Drivers/STM32F1xx_HAL_Driver/Src/stm32f1xx_hal_dma.o
 .ARM.attributes
                0x0000000000000287       0x2d ./Drivers/STM32F1xx_HAL_Driver/Src/stm32f1xx_hal_gpio.o
 .ARM.attributes
                0x00000000000002b4       0x2d ./Drivers/STM32F1xx_HAL_Driver/Src/stm32f1xx_hal_rcc.o
 .ARM.attributes
                0x00000000000002e1       0x2d ./Drivers/STM32F1xx_HAL_Driver/Src/stm32f1xx_hal_rcc_ex.o
 .ARM.attributes
                0x000000000000030e       0x2d ./Drivers/STM32F1xx_HAL_Driver/Src/stm32f1xx_hal_spi.o
 .ARM.attributes
                0x000000000000033b       0x2d ./Drivers/STM32F1xx_HAL_Driver/Src/stm32f1xx_hal_tim.o
 .ARM.attributes
                0x0000000000000368       0x2d ./Drivers/STM32F1xx_HAL_Driver/Src/stm32f1xx_hal_tim_ex.o
 .ARM.attributes
                0x0000000000000395       0x2d ./Drivers/STM32F1xx_HAL_Driver/Src/stm32f1xx_hal_uart.o
 .ARM.attributes
                0x00000000000003c2       0x2d ./Libraries/Src/SPI_Connection.o
 .ARM.attributes
                0x00000000000003ef       0x2d c:/program files/stmicroelectronics/stm32cubeide_1.12.0/stm32cubeide/plugins/com.st.stm32cube.ide.mcu.externaltools.gnu-tools-for-stm32.10.3-2021.10.win32_1.0.200.202301161003/tools/bin/../lib/gcc/arm-none-eabi/10.3.1/../../../../arm-none-eabi/lib/thumb/v7-m/nofp\libc_nano.a(lib_a-init.o)
 .ARM.attributes
                0x000000000000041c       0x2d c:/program files/stmicroelectronics/stm32cubeide_1.12.0/stm32cubeide/plugins/com.st.stm32cube.ide.mcu.externaltools.gnu-tools-for-stm32.10.3-2021.10.win32_1.0.200.202301161003/tools/bin/../lib/gcc/arm-none-eabi/10.3.1/../../../../arm-none-eabi/lib/thumb/v7-m/nofp\libc_nano.a(lib_a-memcpy-stub.o)
 .ARM.attributes
                0x0000000000000449       0x2d c:/program files/stmicroelectronics/stm32cubeide_1.12.0/stm32cubeide/plugins/com.st.stm32cube.ide.mcu.externaltools.gnu-tools-for-stm32.10.3-2021.10.win32_1.0.200.202301161003/tools/bin/../lib/gcc/arm-none-eabi/10.3.1/../../../../arm-none-eabi/lib/thumb/v7-m/nofp\libc_nano.a(lib_a-memset.o)
 .ARM.attributes
                0x0000000000000476       0x1d c:/program files/stmicroelectronics/stm32cubeide_1.12.0/stm32cubeide/plugins/com.st.stm32cube.ide.mcu.externaltools.gnu-tools-for-stm32.10.3-2021.10.win32_1.0.200.202301161003/tools/bin/../lib/gcc/arm-none-eabi/10.3.1/thumb/v7-m/nofp/crtn.o
OUTPUT(Tonometer.elf elf32-littlearm)
LOAD linker stubs
LOAD c:/program files/stmicroelectronics/stm32cubeide_1.12.0/stm32cubeide/plugins/com.st.stm32cube.ide.mcu.externaltools.gnu-tools-for-stm32.10.3-2021.10.win32_1.0.200.202301161003/tools/bin/../lib/gcc/arm-none-eabi/10.3.1/../../../../arm-none-eabi/lib/thumb/v7-m/nofp\libc.a
LOAD c:/program files/stmicroelectronics/stm32cubeide_1.12.0/stm32cubeide/plugins/com.st.stm32cube.ide.mcu.externaltools.gnu-tools-for-stm32.10.3-2021.10.win32_1.0.200.202301161003/tools/bin/../lib/gcc/arm-none-eabi/10.3.1/../../../../arm-none-eabi/lib/thumb/v7-m/nofp\libm.a
LOAD c:/program files/stmicroelectronics/stm32cubeide_1.12.0/stm32cubeide/plugins/com.st.stm32cube.ide.mcu.externaltools.gnu-tools-for-stm32.10.3-2021.10.win32_1.0.200.202301161003/tools/bin/../lib/gcc/arm-none-eabi/10.3.1/thumb/v7-m/nofp\libgcc.a

.debug_info     0x0000000000000000    0x131b1
 .debug_info    0x0000000000000000      0x742 ./Core/Src/exp_measurement.o
 .debug_info    0x0000000000000742      0x7f9 ./Core/Src/exp_protocol.o
 .debug_info    0x0000000000000f3b     0x1acc ./Core/Src/main.o
 .debug_info    0x0000000000002a07     0x1488 ./Core/Src/stm32f1xx_hal_msp.o
 .debug_info    0x0000000000003e8f      0xcab ./Core/Src/stm32f1xx_it.o
 .debug_info    0x0000000000004b3a      0x23d ./Core/Src/system_stm32f1xx.o
 .debug_info    0x0000000000004d77      0xeea ./Core/Src/tonometer_logic.o
 .debug_info    0x0000000000005c61       0x22 ./Core/Startup/startup_stm32f103cbtx.o
 .debug_info    0x0000000000005c83      0x734 ./Drivers/STM32F1xx_HAL_Driver/Src/stm32f1xx_hal.o
 .debug_info    0x00000000000063b7      0xcfe ./Drivers/STM32F1xx_HAL_Driver/Src/stm32f1xx_hal_adc.o
 .debug_info    0x00000000000070b5      0xa94 ./Drivers/STM32F1xx_HAL_Driver/Src/stm32f1xx_hal_adc_ex.o
 .debug_info    0x0000000000007b49      0xb20 ./Drivers/STM32F1xx_HAL_Driver/Src/stm32f1xx_hal_cortex.o
 .debug_info    0x0000000000008669      0x744 ./Drivers/STM32F1xx_HAL_Driver/Src/stm32f1xx_hal_dma.o
 .debug_info    0x0000000000008dad      0x615 ./Drivers/STM32F1xx_HAL_Driver/Src/stm32f1xx_hal_gpio.o
 .debug_info    0x00000000000093c2      0x87b ./Drivers/STM32F1xx_HAL_Driver/Src/stm32f1xx_hal_rcc.o
 .debug_info    0x0000000000009c3d      0x3e6 ./Drivers/STM32F1xx_HAL_Driver/Src/stm32f1xx_hal_rcc_ex.o
 .debug_info    0x000000000000a023     0x156e ./Drivers/STM32F1xx_HAL_Driver/Src/stm32f1xx_hal_spi.o
 .debug_info    0x000000000000b591     0x2bcb ./Drivers/STM32F1xx_HAL_Driver/Src/stm32f1xx_hal_tim.o
 .debug_info    0x000000000000e15c     0x15c7 ./Drivers/STM32F1xx_HAL_Driver/Src/stm32f1xx_hal_tim_ex.o
 .debug_info    0x000000000000f723     0x30f2 ./Drivers/STM32F1xx_HAL_Driver/Src/stm32f1xx_hal_uart.o
 .debug_info    0x0000000000012815      0x99c ./Libraries/Src/SPI_Connection.o

.debug_abbrev   0x0000000000000000     0x2c4c
 .debug_abbrev  0x0000000000000000      0x1cb ./Core/Src/exp_measurement.o
 .debug_abbrev  0x00000000000001cb      0x1ed ./Core/Src/exp_protocol.o
 .debug_abbrev  0x00000000000003b8      0x35d ./Core/Src/main.o
 .debug_abbrev  0x0000000000000715      0x20a ./Core/Src/stm32f1xx_hal_msp.o
 .debug_abbrev  0x000000000000091f      0x1cb ./Core/Src/stm32f1xx_it.o
 .debug_abbrev  0x0000000000000aea      0x13b ./Core/Src/system_stm32f1xx.o
 .debug_abbrev  0x0000000000000c25      0x28e ./Core/Src/tonometer_logic.o
 .debug_abbrev  0x0000000000000eb3       0x12 ./Core/Startup/startup_stm32f103cbtx.o
 .debug_abbrev  0x0000000000000ec5      0x1fb ./Drivers/STM32F1xx_HAL_Driver/Src/stm32f1xx_hal.o
 .debug_abbrev  0x00000000000010c0      0x210 ./Drivers/STM32F1xx_HAL_Driver/Src/stm32f1xx_hal_adc.o
 .debug_abbrev  0x00000000000012d0      0x234 ./Drivers/STM32F1xx_HAL_Driver/Src/stm32f1xx_hal_adc_ex.o
 .debug_abbrev  0x0000000000001504      0x2ed ./Drivers/STM32F1xx_HAL_Driver/Src/stm32f1xx_hal_cortex.o
 .debug_abbrev  0x00000000000017f1      0x1fe ./Drivers/STM32F1xx_HAL_Driver/Src/stm32f1xx_hal_dma.o
 .debug_abbrev  0x00000000000019ef      0x1bb ./Drivers/STM32F1xx_HAL_Driver/Src/stm32f1xx_hal_gpio.o
 .debug_abbrev  0x0000000000001baa      0x2a8 ./Drivers/STM32F1xx_HAL_Driver/Src/stm32f1xx_hal_rcc.o
 .debug_abbrev  0x0000000000001e52      0x182 ./Drivers/STM32F1xx_HAL_Driver/Src/stm32f1xx_hal_rcc_ex.o
 .debug_abbrev  0x0000000000001fd4      0x266 ./Drivers/STM32F1xx_HAL_Driver/Src/stm32f1xx_hal_spi.o
 .debug_abbrev  0x000000000000223a      0x264 ./Drivers/STM32F1xx_HAL_Driver/Src/stm32f1xx_hal_tim.o
 .debug_abbrev  0x000000000000249e      0x26c ./Drivers/STM32F1xx_HAL_Driver/Src/stm32f1xx_hal_tim_ex.o
 .debug_abbrev  0x000000000000270a      0x2df ./Drivers/STM32F1xx_HAL_Driver/Src/stm32f1xx_hal_uart.o
 .debug_abbrev  0x00000000000029e9      0x263 ./Libraries/Src/SPI_Connection.o

.debug_aranges  0x0000000000000000     0x1118
 .debug_aranges
                0x0000000000000000       0x38 ./Core/Src/exp_measurement.o
 .debug_aranges
                0x0000000000000038       0x38 ./Core/Src/exp_protocol.o
 .debug_aranges
                0x0000000000000070       0x80 ./Core/Src/main.o
 .debug_aranges
                0x00000000000000f0       0x68 ./Core/Src/stm32f1xx_hal_msp.o
 .debug_aranges
                0x0000000000000158       0x90 ./Core/Src/stm32f1xx_it.o
 .debug_aranges
                0x00000000000001e8       0x28 ./Core/Src/system_stm32f1xx.o
 .debug_aranges
                0x0000000000000210       0x90 ./Core/Src/tonometer_logic.o
 .debug_aranges
                0x00000000000002a0       0x28 ./Core/Startup/startup_stm32f103cbtx.o
 .debug_aranges
                0x00000000000002c8       0xe0 ./Drivers/STM32F1xx_HAL_Driver/Src/stm32f1xx_hal.o
 .debug_aranges
                0x00000000000003a8       0xf0 ./Drivers/STM32F1xx_HAL_Driver/Src/stm32f1xx_hal_adc.o
 .debug_aranges
                0x0000000000000498       0x80 ./Drivers/STM32F1xx_HAL_Driver/Src/stm32f1xx_hal_adc_ex.o
 .debug_aranges
                0x0000000000000518      0x100 ./Drivers/STM32F1xx_HAL_Driver/Src/stm32f1xx_hal_cortex.o
 .debug_aranges
                0x0000000000000618       0x80 ./Drivers/STM32F1xx_HAL_Driver/Src/stm32f1xx_hal_dma.o
 .debug_aranges
                0x0000000000000698       0x58 ./Drivers/STM32F1xx_HAL_Driver/Src/stm32f1xx_hal_gpio.o
 .debug_aranges
                0x00000000000006f0       0x90 ./Drivers/STM32F1xx_HAL_Driver/Src/stm32f1xx_hal_rcc.o
 .debug_aranges
                0x0000000000000780       0x30 ./Drivers/STM32F1xx_HAL_Driver/Src/stm32f1xx_hal_rcc_ex.o
 .debug_aranges
                0x00000000000007b0      0x1d0 ./Drivers/STM32F1xx_HAL_Driver/Src/stm32f1xx_hal_spi.o
 .debug_aranges
                0x0000000000000980      0x3d0 ./Drivers/STM32F1xx_HAL_Driver/Src/stm32f1xx_hal_tim.o
 .debug_aranges
                0x0000000000000d50      0x168 ./Drivers/STM32F1xx_HAL_Driver/Src/stm32f1xx_hal_tim_ex.o
 .debug_aranges
                0x0000000000000eb8      0x208 ./Drivers/STM32F1xx_HAL_Driver/Src/stm32f1xx_hal_uart.o
 .debug_aranges
                0x00000000000010c0       0x58 ./Libraries/Src/SPI_Connection.o

.debug_ranges   0x0000000000000000     0x1000
 .debug_ranges  0x0000000000000000       0x28 ./Core/Src/exp_measurement.o
 .debug_ranges  0x0000000000000028       0x28 ./Core/Src/exp_protocol.o
 .debug_ranges  0x0000000000000050       0x70 ./Core/Src/main.o
 .debug_ranges  0x00000000000000c0       0x58 ./Core/Src/stm32f1xx_hal_msp.o
 .debug_ranges  0x0000000000000118       0x80 ./Core/Src/stm32f1xx_it.o
 .debug_ranges  0x0000000000000198       0x18 ./Core/Src/system_stm32f1xx.o
 .debug_ranges  0x00000000000001b0       0x80 ./Core/Src/tonometer_logic.o
 .debug_ranges  0x0000000000000230       0x20 ./Core/Startup/startup_stm32f103cbtx.o
 .debug_ranges  0x0000000000000250       0xd0 ./Drivers/STM32F1xx_HAL_Driver/Src/stm32f1xx_hal.o
 .debug_ranges  0x0000000000000320       0xe0 ./Drivers/STM32F1xx_HAL_Driver/Src/stm32f1xx_hal_adc.o
 .debug_ranges  0x0000000000000400       0x70 ./Drivers/STM32F1xx_HAL_Driver/Src/stm32f1xx_hal_adc_ex.o
 .debug_ranges  0x0000000000000470       0xf0 ./Drivers/STM32F1xx_HAL_Driver/Src/stm32f1xx_hal_cortex.o
 .debug_ranges  0x0000000000000560       0x70 ./Drivers/STM32F1xx_HAL_Driver/Src/stm32f1xx_hal_dma.o
 .debug_ranges  0x00000000000005d0       0x48 ./Drivers/STM32F1xx_HAL_Driver/Src/stm32f1xx_hal_gpio.o
 .debug_ranges  0x0000000000000618       0x80 ./Drivers/STM32F1xx_HAL_Driver/Src/stm32f1xx_hal_rcc.o
 .debug_ranges  0x0000000000000698       0x20 ./Drivers/STM32F1xx_HAL_Driver/Src/stm32f1xx_hal_rcc_ex.o
 .debug_ranges  0x00000000000006b8      0x1c0 ./Drivers/STM32F1xx_HAL_Driver/Src/stm32f1xx_hal_spi.o
 .debug_ranges  0x0000000000000878      0x3c0 ./Drivers/STM32F1xx_HAL_Driver/Src/stm32f1xx_hal_tim.o
 .debug_ranges  0x0000000000000c38      0x158 ./Drivers/STM32F1xx_HAL_Driver/Src/stm32f1xx_hal_tim_ex.o
 .debug_ranges  0x0000000000000d90      0x228 ./Drivers/STM32F1xx_HAL_Driver/Src/stm32f1xx_hal_uart.o
 .debug_ranges  0x0000000000000fb8       0x48 ./Libraries/Src/SPI_Connection.o

.debug_macro    0x0000000000000000    0x1980f
 .debug_macro   0x0000000000000000      0x1d9 ./Core/Src/exp_measurement.o
 .debug_macro   0x00000000000001d9      0xa6c ./Core/Src/exp_measurement.o
 .debug_macro   0x0000000000000c45       0x1c ./Core/Src/exp_measurement.o
 .debug_macro   0x0000000000000c61      0x227 ./Core/Src/exp_measurement.o
 .debug_macro   0x0000000000000e88       0x2e ./Core/Src/exp_measurement.o
 .debug_macro   0x0000000000000eb6       0x22 ./Core/Src/exp_measurement.o
 .debug_macro   0x0000000000000ed8       0x22 ./Core/Src/exp_measurement.o
 .debug_macro   0x0000000000000efa       0x8e ./Core/Src/exp_measurement.o
 .debug_macro   0x0000000000000f88       0x51 ./Core/Src/exp_measurement.o
 .debug_macro   0x0000000000000fd9      0x103 ./Core/Src/exp_measurement.o
 .debug_macro   0x00000000000010dc       0x6a ./Core/Src/exp_measurement.o
 .debug_macro   0x0000000000001146      0x1df ./Core/Src/exp_measurement.o
 .debug_macro   0x0000000000001325       0x1c ./Core/Src/exp_measurement.o
 .debug_macro   0x0000000000001341       0x22 ./Core/Src/exp_measurement.o
 .debug_macro   0x0000000000001363       0xbd ./Core/Src/exp_measurement.o
 .debug_macro   0x0000000000001420      0xd23 ./Core/Src/exp_measurement.o
 .debug_macro   0x0000000000002143     0xe09e ./Core/Src/exp_measurement.o
 .debug_macro   0x00000000000101e1       0x6d ./Core/Src/exp_measurement.o
 .debug_macro   0x000000000001024e     0x34a2 ./Core/Src/exp_measurement.o
 .debug_macro   0x00000000000136f0      0x174 ./Core/Src/exp_measurement.o
 .debug_macro   0x0000000000013864       0x5c ./Core/Src/exp_measurement.o
 .debug_macro   0x00000000000138c0      0x5bc ./Core/Src/exp_measurement.o
 .debug_macro   0x0000000000013e7c      0x289 ./Core/Src/exp_measurement.o
 .debug_macro   0x0000000000014105      0x1cb ./Core/Src/exp_measurement.o
 .debug_macro   0x00000000000142d0      0x114 ./Core/Src/exp_measurement.o
 .debug_macro   0x00000000000143e4      0x1b2 ./Core/Src/exp_measurement.o
 .debug_macro   0x0000000000014596       0x27 ./Core/Src/exp_measurement.o
 .debug_macro   0x00000000000145bd      0x136 ./Core/Src/exp_measurement.o
 .debug_macro   0x00000000000146f3      0x1bc ./Core/Src/exp_measurement.o
 .debug_macro   0x00000000000148af       0x34 ./Core/Src/exp_measurement.o
 .debug_macro   0x00000000000148e3       0x3c ./Core/Src/exp_measurement.o
 .debug_macro   0x000000000001491f       0x57 ./Core/Src/exp_measurement.o
 .debug_macro   0x0000000000014976      0x46a ./Core/Src/exp_measurement.o
 .debug_macro   0x0000000000014de0      0x1b5 ./Core/Src/exp_measurement.o
 .debug_macro   0x0000000000014f95       0x87 ./Core/Src/exp_measurement.o
 .debug_macro   0x000000000001501c      0x240 ./Core/Src/exp_measurement.o
 .debug_macro   0x000000000001525c      0x140 ./Core/Src/exp_measurement.o
 .debug_macro   0x000000000001539c      0x217 ./Core/Src/exp_measurement.o
 .debug_macro   0x00000000000155b3      0x8ed ./Core/Src/exp_measurement.o
 .debug_macro   0x0000000000015ea0      0x28e ./Core/Src/exp_measurement.o
 .debug_macro   0x000000000001612e       0x83 ./Core/Src/exp_measurement.o
 .debug_macro   0x00000000000161b1       0x22 ./Core/Src/exp_measurement.o
 .debug_macro   0x00000000000161d3      0x2c0 ./Core/Src/exp_protocol.o
 .debug_macro   0x0000000000016493       0x64 ./Core/Src/exp_protocol.o
 .debug_macro   0x00000000000164f7       0x52 ./Core/Src/exp_protocol.o
 .debug_macro   0x0000000000016549       0x18 ./Core/Src/exp_protocol.o
 .debug_macro   0x0000000000016561       0x3c ./Core/Src/exp_protocol.o
 .debug_macro   0x000000000001659d       0x34 ./Core/Src/exp_protocol.o
 .debug_macro   0x00000000000165d1       0x16 ./Core/Src/exp_protocol.o
 .debug_macro   0x00000000000165e7       0x43 ./Core/Src/exp_protocol.o
 .debug_macro   0x000000000001662a       0x34 ./Core/Src/exp_protocol.o
 .debug_macro   0x000000000001665e       0x10 ./Core/Src/exp_protocol.o
 .debug_macro   0x000000000001666e       0x58 ./Core/Src/exp_protocol.o
 .debug_macro   0x00000000000166c6       0x71 ./Core/Src/exp_protocol.o
 .debug_macro   0x0000000000016737       0x1c ./Core/Src/exp_protocol.o
 .debug_macro   0x0000000000016753      0x12a ./Core/Src/exp_protocol.o
 .debug_macro   0x000000000001687d      0x341 ./Core/Src/exp_protocol.o
 .debug_macro   0x0000000000016bbe       0x10 ./Core/Src/exp_protocol.o
 .debug_macro   0x0000000000016bce       0x35 ./Core/Src/exp_protocol.o
 .debug_macro   0x0000000000016c03       0x20 ./Core/Src/exp_protocol.o
 .debug_macro   0x0000000000016c23      0x3a7 ./Core/Src/main.o
 .debug_macro   0x0000000000016fca       0x16 ./Core/Src/main.o
 .debug_macro   0x0000000000016fe0       0x10 ./Core/Src/main.o
 .debug_macro   0x0000000000016ff0       0x10 ./Core/Src/main.o
 .debug_macro   0x0000000000017000       0x1c ./Core/Src/main.o
 .debug_macro   0x000000000001701c       0x52 ./Core/Src/main.o
 .debug_macro   0x000000000001706e       0x22 ./Core/Src/main.o
 .debug_macro   0x0000000000017090       0x10 ./Core/Src/main.o
 .debug_macro   0x00000000000170a0       0x52 ./Core/Src/main.o
 .debug_macro   0x00000000000170f2       0xd5 ./Core/Src/main.o
 .debug_macro   0x00000000000171c7       0x1c ./Core/Src/main.o
 .debug_macro   0x00000000000171e3       0x3d ./Core/Src/main.o
 .debug_macro   0x0000000000017220       0x16 ./Core/Src/main.o
 .debug_macro   0x0000000000017236      0x145 ./Core/Src/main.o
 .debug_macro   0x000000000001737b       0x16 ./Core/Src/main.o
 .debug_macro   0x0000000000017391       0x1c ./Core/Src/main.o
 .debug_macro   0x00000000000173ad      0x1d9 ./Core/Src/stm32f1xx_hal_msp.o
 .debug_macro   0x0000000000017586      0x1e3 ./Core/Src/stm32f1xx_it.o
 .debug_macro   0x0000000000017769      0x1c1 ./Core/Src/system_stm32f1xx.o
 .debug_macro   0x000000000001792a      0x307 ./Core/Src/tonometer_logic.o
 .debug_macro   0x0000000000017c31      0x1e5 ./Drivers/STM32F1xx_HAL_Driver/Src/stm32f1xx_hal.o
 .debug_macro   0x0000000000017e16      0x1de ./Drivers/STM32F1xx_HAL_Driver/Src/stm32f1xx_hal_adc.o
 .debug_macro   0x0000000000017ff4      0x1d3 ./Drivers/STM32F1xx_HAL_Driver/Src/stm32f1xx_hal_adc_ex.o
 .debug_macro   0x00000000000181c7      0x1c1 ./Drivers/STM32F1xx_HAL_Driver/Src/stm32f1xx_hal_cortex.o
 .debug_macro   0x0000000000018388      0x1c1 ./Drivers/STM32F1xx_HAL_Driver/Src/stm32f1xx_hal_dma.o
 .debug_macro   0x0000000000018549      0x22c ./Drivers/STM32F1xx_HAL_Driver/Src/stm32f1xx_hal_gpio.o
 .debug_macro   0x0000000000018775      0x1d3 ./Drivers/STM32F1xx_HAL_Driver/Src/stm32f1xx_hal_rcc.o
 .debug_macro   0x0000000000018948      0x1c1 ./Drivers/STM32F1xx_HAL_Driver/Src/stm32f1xx_hal_rcc_ex.o
 .debug_macro   0x0000000000018b09      0x1c9 ./Drivers/STM32F1xx_HAL_Driver/Src/stm32f1xx_hal_spi.o
 .debug_macro   0x0000000000018cd2      0x1c2 ./Drivers/STM32F1xx_HAL_Driver/Src/stm32f1xx_hal_tim.o
 .debug_macro   0x0000000000018e94      0x1c1 ./Drivers/STM32F1xx_HAL_Driver/Src/stm32f1xx_hal_tim_ex.o
 .debug_macro   0x0000000000019055      0x1c2 ./Drivers/STM32F1xx_HAL_Driver/Src/stm32f1xx_hal_uart.o
 .debug_macro   0x0000000000019217      0x38e ./Libraries/Src/SPI_Connection.o
 .debug_macro   0x00000000000195a5       0x97 ./Libraries/Src/SPI_Connection.o
 .debug_macro   0x000000000001963c       0xfd ./Libraries/Src/SPI_Connection.o
 .debug_macro   0x0000000000019739       0x56 ./Libraries/Src/SPI_Connection.o
 .debug_macro   0x000000000001978f       0x16 ./Libraries/Src/SPI_Connection.o
 .debug_macro   0x00000000000197a5       0x6a ./Libraries/Src/SPI_Connection.o

.debug_line     0x0000000000000000    0x1595d
 .debug_line    0x0000000000000000      0x849 ./Core/Src/exp_measurement.o
 .debug_line    0x0000000000000849      0xac6 ./Core/Src/exp_protocol.o
 .debug_line    0x000000000000130f      0xf3e ./Core/Src/main.o
 .debug_line    0x000000000000224d      0x9dc ./Core/Src/stm32f1xx_hal_msp.o
 .debug_line    0x0000000000002c29      0x92a ./Core/Src/stm32f1xx_it.o
 .debug_line    0x0000000000003553      0x848 ./Core/Src/system_stm32f1xx.o
 .debug_line    0x0000000000003d9b     0x10b6 ./Core/Src/tonometer_logic.o
 .debug_line    0x0000000000004e51       0x87 ./Core/Startup/startup_stm32f103cbtx.o
 .debug_line    0x0000000000004ed8      0xa75 ./Drivers/STM32F1xx_HAL_Driver/Src/stm32f1xx_hal.o
 .debug_line    0x000000000000594d     0x10fa ./Drivers/STM32F1xx_HAL_Driver/Src/stm32f1xx_hal_adc.o
 .debug_line    0x0000000000006a47      0xe3e ./Drivers/STM32F1xx_HAL_Driver/Src/stm32f1xx_hal_adc_ex.o
 .debug_line    0x0000000000007885      0xc5d ./Drivers/STM32F1xx_HAL_Driver/Src/stm32f1xx_hal_cortex.o
 .debug_line    0x00000000000084e2      0xece ./Drivers/STM32F1xx_HAL_Driver/Src/stm32f1xx_hal_dma.o
 .debug_line    0x00000000000093b0      0xb0e ./Drivers/STM32F1xx_HAL_Driver/Src/stm32f1xx_hal_gpio.o
 .debug_line    0x0000000000009ebe      0xe81 ./Drivers/STM32F1xx_HAL_Driver/Src/stm32f1xx_hal_rcc.o
 .debug_line    0x000000000000ad3f      0x9bd ./Drivers/STM32F1xx_HAL_Driver/Src/stm32f1xx_hal_rcc_ex.o
 .debug_line    0x000000000000b6fc     0x1d68 ./Drivers/STM32F1xx_HAL_Driver/Src/stm32f1xx_hal_spi.o
 .debug_line    0x000000000000d464     0x3537 ./Drivers/STM32F1xx_HAL_Driver/Src/stm32f1xx_hal_tim.o
 .debug_line    0x000000000001099b     0x19bb ./Drivers/STM32F1xx_HAL_Driver/Src/stm32f1xx_hal_tim_ex.o
 .debug_line    0x0000000000012356     0x2970 ./Drivers/STM32F1xx_HAL_Driver/Src/stm32f1xx_hal_uart.o
 .debug_line    0x0000000000014cc6      0xc97 ./Libraries/Src/SPI_Connection.o

.debug_str      0x0000000000000000    0x91eac
 .debug_str     0x0000000000000000    0x89625 ./Core/Src/exp_measurement.o
                                      0x89a0f (size before relaxing)
 .debug_str     0x0000000000089625     0x32e3 ./Core/Src/exp_protocol.o
                                      0x8c9c9 (size before relaxing)
 .debug_str     0x000000000008c908     0x1ad1 ./Core/Src/main.o
                                      0x8e6fa (size before relaxing)
 .debug_str     0x000000000008e3d9      0x12b ./Core/Src/stm32f1xx_hal_msp.o
                                      0x8a386 (size before relaxing)
 .debug_str     0x000000000008e504      0x170 ./Core/Src/stm32f1xx_it.o
                                      0x89e9e (size before relaxing)
 .debug_str     0x000000000008e674       0x7e ./Core/Src/system_stm32f1xx.o
                                      0x89407 (size before relaxing)
 .debug_str     0x000000000008e6f2      0x504 ./Core/Src/tonometer_logic.o
                                      0x8cef2 (size before relaxing)
 .debug_str     0x000000000008ebf6       0x66 ./Core/Startup/startup_stm32f103cbtx.o
 .debug_str     0x000000000008ec5c      0x384 ./Drivers/STM32F1xx_HAL_Driver/Src/stm32f1xx_hal.o
                                      0x89b3a (size before relaxing)
 .debug_str     0x000000000008efe0      0x326 ./Drivers/STM32F1xx_HAL_Driver/Src/stm32f1xx_hal_adc.o
                                      0x89aeb (size before relaxing)
 .debug_str     0x000000000008f306      0x2d8 ./Drivers/STM32F1xx_HAL_Driver/Src/stm32f1xx_hal_adc_ex.o
                                      0x89abb (size before relaxing)
 .debug_str     0x000000000008f5de      0x28a ./Drivers/STM32F1xx_HAL_Driver/Src/stm32f1xx_hal_cortex.o
                                      0x89a86 (size before relaxing)
 .debug_str     0x000000000008f868      0x216 ./Drivers/STM32F1xx_HAL_Driver/Src/stm32f1xx_hal_dma.o
                                      0x897b0 (size before relaxing)
 .debug_str     0x000000000008fa7e      0x2b5 ./Drivers/STM32F1xx_HAL_Driver/Src/stm32f1xx_hal_gpio.o
                                      0x8978d (size before relaxing)
 .debug_str     0x000000000008fd33      0x229 ./Drivers/STM32F1xx_HAL_Driver/Src/stm32f1xx_hal_rcc.o
                                      0x89836 (size before relaxing)
 .debug_str     0x000000000008ff5c       0x84 ./Drivers/STM32F1xx_HAL_Driver/Src/stm32f1xx_hal_rcc_ex.o
                                      0x89586 (size before relaxing)
 .debug_str     0x000000000008ffe0      0x51d ./Drivers/STM32F1xx_HAL_Driver/Src/stm32f1xx_hal_spi.o
                                      0x89d2d (size before relaxing)
 .debug_str     0x00000000000904fd      0xcd2 ./Drivers/STM32F1xx_HAL_Driver/Src/stm32f1xx_hal_tim.o
                                      0x8a838 (size before relaxing)
 .debug_str     0x00000000000911cf      0x493 ./Drivers/STM32F1xx_HAL_Driver/Src/stm32f1xx_hal_tim_ex.o
                                      0x8a044 (size before relaxing)
 .debug_str     0x0000000000091662      0x5c3 ./Drivers/STM32F1xx_HAL_Driver/Src/stm32f1xx_hal_uart.o
                                      0x89ea7 (size before relaxing)
 .debug_str     0x0000000000091c25      0x287 ./Libraries/Src/SPI_Connection.o
                                      0x8dad4 (size before relaxing)

.comment        0x0000000000000000       0x50
 .comment       0x0000000000000000       0x50 ./Core/Src/exp_measurement.o
                                         0x51 (size before relaxing)
 .comment       0x0000000000000050       0x51 ./Core/Src/exp_protocol.o
 .comment       0x0000000000000050       0x51 ./Core/Src/main.o
 .comment       0x0000000000000050       0x51 ./Core/Src/stm32f1xx_hal_msp.o
 .comment       0x0000000000000050       0x51 ./Core/Src/stm32f1xx_it.o
 .comment       0x0000000000000050       0x51 ./Core/Src/system_stm32f1xx.o
 .comment       0x0000000000000050       0x51 ./Core/Src/tonometer_logic.o
 .comment       0x0000000000000050       0x51 ./Drivers/STM32F1xx_HAL_Driver/Src/stm32f1xx_hal.o
 .comment       0x0000000000000050       0x51 ./Drivers/STM32F1xx_HAL_Driver/Src/stm32f1xx_hal_adc.o
 .comment       0x0000000000000050       0x51 ./Drivers/STM32F1xx_HAL_Driver/Src/stm32f1xx_hal_adc_ex.o
 .comment       0x0000000000000050       0x51 ./Drivers/STM32F1xx_HAL_Driver/Src/stm32f1xx_hal_cortex.o
 .comment       0x0000000000000050       0x51 ./Drivers/STM32F1xx_HAL_Driver/Src/stm32f1xx_hal_dma.o
 .comment       0x0000000000000050       0x51 ./Drivers/STM32F1xx_HAL_Driver/Src/stm32f1xx_hal_gpio.o
 .comment       0x0000000000000050       0x51 ./Drivers/STM32F1xx_HAL_Driver/Src/stm32f1xx_hal_rcc.o
 .comment       0x0000000000000050       0x51 ./Drivers/STM32F1xx_HAL_Driver/Src/stm32f1xx_hal_rcc_ex.o
 .comment       0x0000000000000050       0x51 ./Drivers/STM32F1xx_HAL_Driver/Src/stm32f1xx_hal_spi.o
 .comment       0x0000000000000050       0x51 ./Drivers/STM32F1xx_HAL_Driver/Src/stm32f1xx_hal_tim.o
 .comment       0x0000000000000050       0x51 ./Drivers/STM32F1xx_HAL_Driver/Src/stm32f1xx_hal_tim_ex.o
 .comment       0x0000000000000050       0x51 ./Drivers/STM32F1xx_HAL_Driver/Src/stm32f1xx_hal_uart.o
 .comment       0x0000000000000050       0x51 ./Libraries/Src/SPI_Connection.o

.debug_frame    0x0000000000000000     0x4694
 .debug_frame   0x0000000000000000       0x88 ./Core/Src/exp_measurement.o
 .debug_frame   0x0000000000000088       0x90 ./Core/Src/exp_protocol.o
 .debug_frame   0x0000000000000118      0x1b8 ./Core/Src/main.o
 .debug_frame   0x00000000000002d0      0x17c ./Core/Src/stm32f1xx_hal_msp.o
 .debug_frame   0x000000000000044c      0x1ac ./Core/Src/stm32f1xx_it.o
 .debug_frame   0x00000000000005f8       0x58 ./Core/Src/system_stm32f1xx.o
 .debug_frame   0x0000000000000650      0x1f8 ./Core/Src/tonometer_logic.o
 .debug_frame   0x0000000000000848      0x334 ./Drivers/STM32F1xx_HAL_Driver/Src/stm32f1xx_hal.o
 .debug_frame   0x0000000000000b7c      0x40c ./Drivers/STM32F1xx_HAL_Driver/Src/stm32f1xx_hal_adc.o
 .debug_frame   0x0000000000000f88      0x200 ./Drivers/STM32F1xx_HAL_Driver/Src/stm32f1xx_hal_adc_ex.o
 .debug_frame   0x0000000000001188      0x428 ./Drivers/STM32F1xx_HAL_Driver/Src/stm32f1xx_hal_cortex.o
 .debug_frame   0x00000000000015b0      0x208 ./Drivers/STM32F1xx_HAL_Driver/Src/stm32f1xx_hal_dma.o
 .debug_frame   0x00000000000017b8      0x14c ./Drivers/STM32F1xx_HAL_Driver/Src/stm32f1xx_hal_gpio.o
 .debug_frame   0x0000000000001904      0x218 ./Drivers/STM32F1xx_HAL_Driver/Src/stm32f1xx_hal_rcc.o
 .debug_frame   0x0000000000001b1c       0x80 ./Drivers/STM32F1xx_HAL_Driver/Src/stm32f1xx_hal_rcc_ex.o
 .debug_frame   0x0000000000001b9c      0x824 ./Drivers/STM32F1xx_HAL_Driver/Src/stm32f1xx_hal_spi.o
 .debug_frame   0x00000000000023c0     0x11b8 ./Drivers/STM32F1xx_HAL_Driver/Src/stm32f1xx_hal_tim.o
 .debug_frame   0x0000000000003578      0x638 ./Drivers/STM32F1xx_HAL_Driver/Src/stm32f1xx_hal_tim_ex.o
 .debug_frame   0x0000000000003bb0      0x944 ./Drivers/STM32F1xx_HAL_Driver/Src/stm32f1xx_hal_uart.o
 .debug_frame   0x00000000000044f4      0x12c ./Libraries/Src/SPI_Connection.o
 .debug_frame   0x0000000000004620       0x2c c:/program files/stmicroelectronics/stm32cubeide_1.12.0/stm32cubeide/plugins/com.st.stm32cube.ide.mcu.externaltools.gnu-tools-for-stm32.10.3-2021.10.win32_1.0.200.202301161003/tools/bin/../lib/gcc/arm-none-eabi/10.3.1/../../../../arm-none-eabi/lib/thumb/v7-m/nofp\libc_nano.a(lib_a-init.o)
 .debug_frame   0x000000000000464c       0x28 c:/program files/stmicroelectronics/stm32cubeide_1.12.0/stm32cubeide/plugins/com.st.stm32cube.ide.mcu.externaltools.gnu-tools-for-stm32.10.3-2021.10.win32_1.0.200.202301161003/tools/bin/../lib/gcc/arm-none-eabi/10.3.1/../../../../arm-none-eabi/lib/thumb/v7-m/nofp\libc_nano.a(lib_a-memcpy-stub.o)
 .debug_frame   0x0000000000004674       0x20 c:/program files/stmicroelectronics/stm32cubeide_1.12.0/stm32cubeide/plugins/com.st.stm32cube.ide.mcu.externaltools.gnu-tools-for-stm32.10.3-2021.10.win32_1.0.200.202301161003/tools/bin/../lib/gcc/arm-none-eabi/10.3.1/../../../../arm-none-eabi/lib/thumb/v7-m/nofp\libc_nano.a(lib_a-memset.o)
