../Core/Inc/tonometer_maths.h:41:6:initM	4	static
../Core/Inc/tonometer_maths.h:57:9:ADCToPressure	16	static
../Core/Inc/tonometer_maths.h:62:9:setData	16	static
../Core/Inc/tonometer_maths.h:209:4:finalize	32	static
../Core/Inc/tonometer_logic.h:49:6:hasData	4	static
../Core/Inc/tonometer_logic.h:53:6:TM_init	8	static
../Core/Inc/tonometer_logic.h:64:6:TM_start	8	static
../Core/Inc/tonometer_logic.h:72:6:TM_stop	8	static
../Core/Inc/tonometer_logic.h:77:6:TM_Cycle	8	static
../Core/Inc/tonometer_logic.h:103:6:beginPumping	8	static
../Core/Inc/tonometer_logic.h:128:6:beginDeflating	8	static
../Core/Inc/tonometer_logic.h:148:6:beginFinishing	8	static
../Core/Inc/tonometer_logic.h:177:6:HAL_ADC_ConvCpltCallback	16	static
../Core/Inc/tonometer_logic.h:190:6:HAL_TIM_PeriodElapsedCallback	16	static
../Core/Src/main.c:90:6:writeDataToFlash	16	static
../Core/Src/main.c:115:5:main	8	static
../Core/Src/main.c:189:6:SystemClock_Config	88	static
../Core/Src/main.c:236:13:MX_ADC1_Init	24	static
../Core/Src/main.c:283:13:MX_ADC2_Init	24	static
../Core/Src/main.c:330:13:MX_SPI1_Init	8	static
../Core/Src/main.c:368:13:MX_SPI2_Init	8	static
../Core/Src/main.c:405:13:MX_TIM2_Init	64	static
../Core/Src/main.c:468:13:MX_TIM3_Init	32	static
../Core/Src/main.c:513:13:MX_TIM4_Init	32	static
../Core/Src/main.c:558:13:MX_USART1_UART_Init	8	static
../Core/Src/main.c:591:13:MX_GPIO_Init	40	static
../Core/Src/main.c:661:6:Error_Handler	4	static,ignoring_inline_asm
