../Core/Src/main.c:92:6:writeDataToFlash	16	static
../Core/Src/main.c:117:5:main	8	static
../Core/Src/main.c:196:6:SystemClock_Config	88	static
../Core/Src/main.c:243:13:MX_ADC1_Init	24	static
../Core/Src/main.c:290:13:MX_ADC2_Init	24	static
../Core/Src/main.c:337:13:MX_SPI1_Init	8	static
../Core/Src/main.c:375:13:MX_SPI2_Init	8	static
../Core/Src/main.c:412:13:MX_TIM2_Init	64	static
../Core/Src/main.c:475:13:MX_TIM3_Init	32	static
../Core/Src/main.c:520:13:MX_TIM4_Init	32	static
../Core/Src/main.c:565:13:MX_USART1_UART_Init	8	static
../Core/Src/main.c:598:13:MX_GPIO_Init	40	static
../Core/Src/main.c:668:6:Error_Handler	4	static,ignoring_inline_asm
