../Core/Src/stm32f1xx_it.c:76:6:NMI_Handler	4	static
../Core/Src/stm32f1xx_it.c:91:6:HardFault_Handler	4	static
../Core/Src/stm32f1xx_it.c:106:6:MemManage_Handler	4	static
../Core/Src/stm32f1xx_it.c:121:6:BusFault_Handler	4	static
../Core/Src/stm32f1xx_it.c:136:6:UsageFault_Handler	4	static
../Core/Src/stm32f1xx_it.c:151:6:SVC_Handler	4	static
../Core/Src/stm32f1xx_it.c:164:6:DebugMon_Handler	4	static
../Core/Src/stm32f1xx_it.c:177:6:PendSV_Handler	4	static
../Core/Src/stm32f1xx_it.c:190:6:SysTick_Handler	8	static
../Core/Src/stm32f1xx_it.c:211:6:ADC1_2_IRQHandler	8	static
../Core/Src/stm32f1xx_it.c:226:6:TIM1_UP_IRQHandler	8	static
../Core/Src/stm32f1xx_it.c:240:6:TIM2_IRQHandler	8	static
../Core/Src/stm32f1xx_it.c:254:6:TIM3_IRQHandler	8	static
../Core/Src/stm32f1xx_it.c:268:6:TIM4_IRQHandler	8	static
../Core/Src/stm32f1xx_it.c:282:6:SPI2_IRQHandler	8	static
../Core/Src/stm32f1xx_it.c:296:6:USART1_IRQHandler	8	static
../Core/Src/stm32f1xx_it.c:310:6:EXTI15_10_IRQHandler	8	static
