../Core/Inc/tonometer_maths.h:38:6:initM	4	static
../Core/Inc/tonometer_maths.h:54:9:ADCToPressure	16	static
../Core/Inc/tonometer_maths.h:59:9:setData	16	static
../Core/Inc/tonometer_maths.h:206:4:finalize	32	static
../Core/Src/tonometer_logic.c:51:6:hasData	4	static
../Core/Src/tonometer_logic.c:55:11:getADCVal	4	static
../Core/Src/tonometer_logic.c:59:6:TM_init	8	static
../Core/Src/tonometer_logic.c:70:6:TM_start	8	static
../Core/Src/tonometer_logic.c:78:6:TM_stop	8	static
../Core/Src/tonometer_logic.c:83:6:TM_Cycle	8	static
../Core/Src/tonometer_logic.c:109:6:beginPumping	8	static
../Core/Src/tonometer_logic.c:134:6:beginDeflating	8	static
../Core/Src/tonometer_logic.c:154:6:beginFinishing	8	static
../Core/Src/tonometer_logic.c:183:6:HAL_ADC_ConvCpltCallback	16	static
../Core/Src/tonometer_logic.c:198:6:HAL_TIM_PeriodElapsedCallback	16	static
