../Core/Inc/tonometer_maths.h:38:6:initM	4	static
../Core/Inc/tonometer_maths.h:54:9:ADCToPressure	16	static
../Core/Inc/tonometer_maths.h:59:9:setData	16	static
../Core/Inc/tonometer_maths.h:206:4:finalize	32	static
../Core/Src/tonometer_logic.c:56:6:hasData	4	static
../Core/Src/tonometer_logic.c:60:11:getADCVal	4	static
../Core/Src/tonometer_logic.c:64:6:TM_init	8	static
../Core/Src/tonometer_logic.c:75:6:TM_start	8	static
../Core/Src/tonometer_logic.c:83:6:TM_stop	8	static
../Core/Src/tonometer_logic.c:88:6:TM_Cycle	8	static
../Core/Src/tonometer_logic.c:114:6:beginPumping	8	static
../Core/Src/tonometer_logic.c:139:6:beginDeflating	8	static
../Core/Src/tonometer_logic.c:159:6:beginFinishing	8	static
../Core/Src/tonometer_logic.c:188:6:HAL_ADC_ConvCpltCallback	16	static
../Core/Src/tonometer_logic.c:204:6:HAL_TIM_PeriodElapsedCallback	16	static
